******************************************************************************
                  TI ARM Linker Unix v5.1.6                    
******************************************************************************
>> Linked Sun Nov  2 21:06:55 2014

OUTPUT FILE NAME:   <GimbalLibrary.out>
ENTRY POINT SYMBOL: "_c_int00"  address: 000008b5


MEMORY CONFIGURATION

         name            origin    length      used     unused   attr    fill
----------------------  --------  ---------  --------  --------  ----  --------
  FLASH                 00000000   00040000  00000e1a  0003f1e6  R  X
  SRAM                  20000000   00008000  00000488  00007b78  RW X


SEGMENT ALLOCATION MAP

run origin  load origin   length   init length attrs members
----------  ----------- ---------- ----------- ----- -------
00000000    00000000    00000e20   00000e20    r-x
  00000000    00000000    0000026c   0000026c    r-- .intvecs
  0000026c    0000026c    00000962   00000962    r-x .text
  00000bd0    00000bd0    00000214   00000214    r-- .const
  00000de8    00000de8    00000038   00000038    r-- .cinit
20000000    20000000    00000488   00000000    rw-
  20000000    20000000    0000026c   00000000    rw- .vtable
  2000026c    2000026c    00000200   00000000    rw- .stack
  2000046c    2000046c    0000001c   00000000    rw- .data


SECTION ALLOCATION MAP

 output                                  attributes/
section   page    origin      length       input sections
--------  ----  ----------  ----------   ----------------
.intvecs   0    00000000    0000026c     
                  00000000    0000026c     tm4c123gh6pm_startup_ccs.obj (.intvecs)

.init_array 
*          0    00000000    00000000     UNINITIALIZED

.text      0    0000026c    00000962     
                  0000026c    0000013c     main.obj (.text)
                  000003a8    00000104     driverlib.lib : sysctl.obj (.text:SysCtlClockSet)
                  000004ac    000000c4                   : sysctl.obj (.text:SysCtlClockGet)
                  00000570    000000b8                   : gpio.obj (.text:GPIOPadConfigSet)
                  00000628    0000009c     rtsv7M4_T_le_v4SPD16_eabi.lib : memcpy_t2.obj (.text)
                  000006c4    00000094                                   : auto_init.obj (.text)
                  00000758    00000060     driverlib.lib : interrupt.obj (.text:IntEnable)
                  000007b8    0000005e     rtsv7M4_T_le_v4SPD16_eabi.lib : copy_decompress_rle.obj (.text)
                  00000816    00000056     driverlib.lib : gpio.obj (.text:GPIOIntTypeSet)
                  0000086c    00000048                   : gpio.obj (.text:GPIOPinConfigure)
                  000008b4    00000048     rtsv7M4_T_le_v4SPD16_eabi.lib : boot.obj (.text)
                  000008fc    00000044                                   : cpy_tbl.obj (.text)
                  00000940    00000044                                   : exit.obj (.text)
                  00000984    00000040     driverlib.lib : uart.obj (.text:UARTConfigSetExpClk)
                  000009c4    00000034                   : interrupt.obj (.text:IntRegister)
                  000009f8    00000034                   : sysctl.obj (.text:SysCtlPeripheralEnable)
                  00000a2c    0000002a                   : gpio.obj (.text:GPIODirModeSet)
                  00000a56    00000002     --HOLE-- [fill = 0]
                  00000a58    00000028                   : timer.obj (.text:TimerConfigure)
                  00000a80    0000001c                   : uart.obj (.text:UARTDisable)
                  00000a9c    0000001c                   : gpio.obj (.text:_GPIOIntNumberGet)
                  00000ab8    00000018                   : gpio.obj (.text:GPIOIntRegister)
                  00000ad0    00000018     rtsv7M4_T_le_v4SPD16_eabi.lib : args_main.obj (.text)
                  00000ae8    00000014     driverlib.lib : uart.obj (.text:UARTEnable)
                  00000afc    00000014     rtsv7M4_T_le_v4SPD16_eabi.lib : _lock.obj (.text)
                  00000b10    00000012     driverlib.lib : gpio.obj (.text:GPIOPinTypeGPIOInput)
                  00000b22    00000012                   : gpio.obj (.text:GPIOPinTypeUART)
                  00000b34    00000012                   : timer.obj (.text:TimerLoadSet)
                  00000b46    00000012     rtsv7M4_T_le_v4SPD16_eabi.lib : copy_zero_init.obj (.text:decompress:ZI)
                  00000b58    0000000e     driverlib.lib : timer.obj (.text:TimerEnable)
                  00000b66    0000000e     rtsv7M4_T_le_v4SPD16_eabi.lib : copy_decompress_none.obj (.text:decompress:none)
                  00000b74    0000000c     driverlib.lib : cpu.obj (.text:CPUcpsie)
                  00000b80    0000000c                   : gpio.obj (.text:GPIOIntEnable)
                  00000b8c    0000000c     tm4c123gh6pm_startup_ccs.obj (.text)
                  00000b98    0000000a     driverlib.lib : interrupt.obj (.text:IntMasterEnable)
                  00000ba2    0000000a                   : timer.obj (.text:TimerValueGet)
                  00000bac    0000000a                   : uart.obj (.text:UARTCharPut)
                  00000bb6    00000006                   : gpio.obj (.text:GPIOIntClear)
                  00000bbc    00000006                   : gpio.obj (.text:GPIOPinRead)
                  00000bc2    00000006                   : sysctl.obj (.text:SysCtlDelay)
                  00000bc8    00000006     rtsv7M4_T_le_v4SPD16_eabi.lib : copy_decompress_rle.obj (.text:decompress:rle24)

.const     0    00000bd0    00000214     
                  00000bd0    000000c0     driverlib.lib : gpio.obj (.const:g_ppui32GPIOIntMapBlizzard)
                  00000c90    00000078                   : gpio.obj (.const:g_pui32GPIOBaseAddrs)
                  00000d08    00000070                   : interrupt.obj (.const)
                  00000d78    0000006c                   : sysctl.obj (.const:g_pui32Xtals)

.cinit     0    00000de8    00000038     
                  00000de8    00000012     (.cinit..data.load) [load image, compression = rle]
                  00000dfa    00000002     --HOLE-- [fill = 0]
                  00000dfc    0000000c     (__TI_handler_table)
                  00000e08    00000008     (.cinit..vtable.load) [load image, compression = zero_init]
                  00000e10    00000010     (__TI_cinit_table)

.vtable    0    20000000    0000026c     UNINITIALIZED
                  20000000    0000026c     driverlib.lib : interrupt.obj (.vtable)

.stack     0    2000026c    00000200     UNINITIALIZED
                  2000026c    00000200     --HOLE--

.data      0    2000046c    0000001c     UNINITIALIZED
                  2000046c    00000008     main.obj (.data)
                  20000474    00000008     rtsv7M4_T_le_v4SPD16_eabi.lib : _lock.obj (.data)
                  2000047c    00000008                                   : exit.obj (.data)
                  20000484    00000004                                   : stkdepth_vars.obj (.data)


LINKER GENERATED COPY TABLES

__TI_cinit_table @ 00000e10 records: 2, size/record: 8, table size: 16
	.data: load addr=00000de8, load size=00000012 bytes, run addr=2000046c, run size=0000001c bytes, compression=rle
	.vtable: load addr=00000e08, load size=00000008 bytes, run addr=20000000, run size=0000026c bytes, compression=zero_init


LINKER GENERATED HANDLER TABLE

__TI_handler_table @ 00000dfc records: 3, size/record: 4, table size: 12
	index: 0, handler: __TI_zero_init
	index: 1, handler: __TI_decompress_rle24
	index: 2, handler: __TI_decompress_none


GLOBAL SYMBOLS: SORTED ALPHABETICALLY BY Name 

address    name
--------   ----
00000941   C$$EXIT
00000b75   CPUcpsie
00000a2d   GPIODirModeSet
00000305   GPIOF_INTERRUPT_HANDLER
00000bb7   GPIOIntClear
00000b81   GPIOIntEnable
00000ab9   GPIOIntRegister
00000817   GPIOIntTypeSet
00000571   GPIOPadConfigSet
0000086d   GPIOPinConfigure
00000bbd   GPIOPinRead
00000b11   GPIOPinTypeGPIOInput
00000b23   GPIOPinTypeUART
00000759   IntEnable
00000b99   IntMasterEnable
000009c5   IntRegister
00000b8d   ResetISR
UNDEFED    SHT$$INIT_ARRAY$$Base
UNDEFED    SHT$$INIT_ARRAY$$Limit
000004ad   SysCtlClockGet
000003a9   SysCtlClockSet
00000bc3   SysCtlDelay
000009f9   SysCtlPeripheralEnable
00000a59   TimerConfigure
00000b59   TimerEnable
00000b35   TimerLoadSet
00000ba3   TimerValueGet
00000bad   UARTCharPut
00000985   UARTConfigSetExpClk
00000a81   UARTDisable
00000ae9   UARTEnable
2000046c   __STACK_END
00000200   __STACK_SIZE
2000046c   __STACK_TOP
00000e10   __TI_CINIT_Base
00000e20   __TI_CINIT_Limit
00000dfc   __TI_Handler_Table_Base
00000e08   __TI_Handler_Table_Limit
00000001   __TI_args_main
000006c5   __TI_auto_init
2000047c   __TI_cleanup_ptr
00000b67   __TI_decompress_none
00000bc9   __TI_decompress_rle24
20000480   __TI_dtors_ptr
00000000   __TI_static_base__
00000b47   __TI_zero_init
00000629   __aeabi_memcpy
00000629   __aeabi_memcpy4
00000629   __aeabi_memcpy8
ffffffff   __binit__
ffffffff   __c_args__
2000026c   __stack
00000ad1   _args_main
000008b5   _c_int00
20000474   _lock
00000b0b   _nop
00000b03   _register_lock
00000afd   _register_unlock
20000478   _unlock
00000945   abort
ffffffff   binit
000008fd   copy_in
0000094d   exit
20000000   g_pfnRAMVectors
00000000   g_pfnVectors
2000046c   lastGPIOstatus
20000470   lastTime
0000026d   main
20000484   main_func_sp
00000629   memcpy


GLOBAL SYMBOLS: SORTED BY Symbol Address 

address    name
--------   ----
00000000   __TI_static_base__
00000000   g_pfnVectors
00000001   __TI_args_main
00000200   __STACK_SIZE
0000026d   main
00000305   GPIOF_INTERRUPT_HANDLER
000003a9   SysCtlClockSet
000004ad   SysCtlClockGet
00000571   GPIOPadConfigSet
00000629   __aeabi_memcpy
00000629   __aeabi_memcpy4
00000629   __aeabi_memcpy8
00000629   memcpy
000006c5   __TI_auto_init
00000759   IntEnable
00000817   GPIOIntTypeSet
0000086d   GPIOPinConfigure
000008b5   _c_int00
000008fd   copy_in
00000941   C$$EXIT
00000945   abort
0000094d   exit
00000985   UARTConfigSetExpClk
000009c5   IntRegister
000009f9   SysCtlPeripheralEnable
00000a2d   GPIODirModeSet
00000a59   TimerConfigure
00000a81   UARTDisable
00000ab9   GPIOIntRegister
00000ad1   _args_main
00000ae9   UARTEnable
00000afd   _register_unlock
00000b03   _register_lock
00000b0b   _nop
00000b11   GPIOPinTypeGPIOInput
00000b23   GPIOPinTypeUART
00000b35   TimerLoadSet
00000b47   __TI_zero_init
00000b59   TimerEnable
00000b67   __TI_decompress_none
00000b75   CPUcpsie
00000b81   GPIOIntEnable
00000b8d   ResetISR
00000b99   IntMasterEnable
00000ba3   TimerValueGet
00000bad   UARTCharPut
00000bb7   GPIOIntClear
00000bbd   GPIOPinRead
00000bc3   SysCtlDelay
00000bc9   __TI_decompress_rle24
00000dfc   __TI_Handler_Table_Base
00000e08   __TI_Handler_Table_Limit
00000e10   __TI_CINIT_Base
00000e20   __TI_CINIT_Limit
20000000   g_pfnRAMVectors
2000026c   __stack
2000046c   __STACK_END
2000046c   __STACK_TOP
2000046c   lastGPIOstatus
20000470   lastTime
20000474   _lock
20000478   _unlock
2000047c   __TI_cleanup_ptr
20000480   __TI_dtors_ptr
20000484   main_func_sp
ffffffff   __binit__
ffffffff   __c_args__
ffffffff   binit
UNDEFED    SHT$$INIT_ARRAY$$Base
UNDEFED    SHT$$INIT_ARRAY$$Limit

[70 symbols]
