******************************************************************************
                  TI ARM Linker PC v5.1.6                      
******************************************************************************
>> Linked Tue Dec 02 15:40:06 2014

OUTPUT FILE NAME:   <maav.out>
ENTRY POINT SYMBOL: "_c_int00"  address: 00009c4d


MEMORY CONFIGURATION

         name            origin    length      used     unused   attr    fill
----------------------  --------  ---------  --------  --------  ----  --------
  FLASH                 00000000   00040000  0000ae56  000351aa  R  X
  SRAM                  20000000   00008000  00001e90  00006170  RW X


SEGMENT ALLOCATION MAP

run origin  load origin   length   init length attrs members
----------  ----------- ---------- ----------- ----- -------
00000000    00000000    0000ae58   0000ae58    r-x
  00000000    00000000    0000026c   0000026c    r-- .intvecs
  0000026c    0000026c    0000a3b2   0000a3b2    r-x .text
  0000a620    0000a620    000006c8   000006c8    r-- .const
  0000ace8    0000ace8    00000170   00000170    r-- .cinit
20000000    20000000    00001e98   00000000    rw-
  20000000    20000000    0000026c   00000000    rw- .vtable
  2000026c    2000026c    00001000   00000000    rw- .stack
  20001270    20001270    00000424   00000000    rw- .data
  20001698    20001698    00000400   00000000    rw- .bss
  20001a98    20001a98    00000400   00000000    rw- .sysmem


SECTION ALLOCATION MAP

 output                                  attributes/
section   page    origin      length       input sections
--------  ----  ----------  ----------   ----------------
.intvecs   0    00000000    0000026c     
                  00000000    0000026c     tm4c123gh6pm_startup_ccs.obj (.intvecs)

.init_array 
*          0    00000000    00000000     UNINITIALIZED

.text      0    0000026c    0000a3b2     
                  0000026c    00001ea6     protobuf.obj (.text)
                  00002112    00000002     --HOLE-- [fill = 0]
                  00002114    00001300     px4_kalman.obj (.text)
                  00003414    00000ec0     rtsv7M4_T_le_v4SPD16_eabi.lib : _printfi.obj (.text)
                  000042d4    00000e88     main.obj (.text)
                  0000515c    00000dc0     dof.obj (.text)
                  00005f1c    00000600     quad_ctrl.obj (.text)
                  0000651c    0000049c     uartstdio.obj (.text)
                  000069b8    000003cc     rtsv7M4_T_le_v4SPD16_eabi.lib : memory.obj (.text)
                  00006d84    00000310                                   : lowlev.obj (.text)
                  00007094    0000030c     PPM.obj (.text)
                  000073a0    000002d4     rtsv7M4_T_le_v4SPD16_eabi.lib : trgdrv.obj (.text)
                  00007674    00000264     ringbuf.obj (.text)
                  000078d8    00000248     px4_i2c.obj (.text)
                  00007b20    0000023c     servoIn.obj (.text)
                  00007d5c    000001f4     rtsv7M4_T_le_v4SPD16_eabi.lib : ull_div_t2.obj (.text)
                  00007f50    000001cc     time_util.obj (.text)
                  0000811c    000001c0     rtsv7M4_T_le_v4SPD16_eabi.lib : fopen.obj (.text)
                  000082dc    000001b6                                   : fd_add_t2.obj (.text)
                  00008492    00000002     --HOLE-- [fill = 0]
                  00008494    00000148                                   : sqrt.obj (.text)
                  000085dc    00000136                                   : fd_div_t2.obj (.text)
                  00008712    00000002     --HOLE-- [fill = 0]
                  00008714    00000134                                   : fputs.obj (.text)
                  00008848    00000130     driverlib.lib : gpio.obj (.text:GPIOPadConfigSet)
                  00008978    00000110     rtsv7M4_T_le_v4SPD16_eabi.lib : xdscale.obj (.text)
                  00008a88    000000fc                                   : fd_mul_t2.obj (.text)
                  00008b84    000000f0     driverlib.lib : sysctl.obj (.text:SysCtlClockSet)
                  00008c74    000000dc     rtsv7M4_T_le_v4SPD16_eabi.lib : setvbuf.obj (.text)
                  00008d50    000000c4     driverlib.lib : eeprom.obj (.text:EEPROMProgram)
                  00008e14    000000c4     rtsv7M4_T_le_v4SPD16_eabi.lib : xdnorm.obj (.text)
                  00008ed8    000000c0                                   : fflush.obj (.text)
                  00008f98    000000b0     messaging.obj (.text)
                  00009048    000000b0     rtsv7M4_T_le_v4SPD16_eabi.lib : asinf.obj (.text)
                  000090f8    000000ac                                   : _io_perm.obj (.text)
                  000091a4    000000a8                                   : xfatan.obj (.text)
                  0000924c    0000009c                                   : fputc.obj (.text)
                  000092e8    0000009c                                   : memcpy_t2.obj (.text)
                  00009384    00000098                                   : fclose.obj (.text)
                  0000941c    00000098                                   : snprintf.obj (.text)
                  000094b4    00000094                                   : auto_init.obj (.text)
                  00009548    00000086                                   : fd_cmp_t2.obj (.text:__aeabi_cdcmple)
                  000095ce    00000086                                   : fd_cmp_t2.obj (.text:__aeabi_cdrcmple)
                  00009654    00000078                                   : memset_t2.obj (.text)
                  000096cc    0000006c                                   : fprintf.obj (.text)
                  00009738    00000064                                   : fseek.obj (.text)
                  0000979c    00000064                                   : xdunscal.obj (.text)
                  00009800    00000060     driverlib.lib : interrupt.obj (.text:IntEnable)
                  00009860    00000060     rtsv7M4_T_le_v4SPD16_eabi.lib : trgmsg.obj (.text)
                  000098c0    0000005e                                   : copy_decompress_rle.obj (.text)
                  0000991e    00000002     --HOLE-- [fill = 0]
                  00009920    0000005c     driverlib.lib : timer.obj (.text:TimerConfigure)
                  0000997c    0000005c     rtsv7M4_T_le_v4SPD16_eabi.lib : fd_toull_t2.obj (.text)
                  000099d8    0000005a                                   : ltoa.obj (.text)
                  00009a32    00000056     driverlib.lib : gpio.obj (.text:GPIOIntTypeSet)
                  00009a88    00000050                   : sysctl.obj (.text:SysCtlPeripheralReset)
                  00009ad8    0000004c                   : timer.obj (.text:_TimerIntNumberGet)
                  00009b24    0000004c     rtsv7M4_T_le_v4SPD16_eabi.lib : atoi.obj (.text)
                  00009b70    0000004a                                   : fd_tos_t2.obj (.text)
                  00009bba    00000002     --HOLE-- [fill = 0]
                  00009bbc    00000048     driverlib.lib : gpio.obj (.text:GPIOPinConfigure)
                  00009c04    00000048                   : i2c.obj (.text:I2CMasterInitExpClk)
                  00009c4c    00000048     rtsv7M4_T_le_v4SPD16_eabi.lib : boot.obj (.text)
                  00009c94    00000048                                   : fd_toi_t2.obj (.text)
                  00009cdc    00000044                                   : cpy_tbl.obj (.text)
                  00009d20    00000044                                   : exit.obj (.text)
                  00009d64    00000044                                   : xdtest.obj (.text)
                  00009da8    00000042                                   : u_divt2.obj (.text)
                  00009dea    00000002     --HOLE-- [fill = 0]
                  00009dec    00000040     driverlib.lib : eeprom.obj (.text:EEPROMInit)
                  00009e2c    00000040                   : uart.obj (.text:UARTConfigSetExpClk)
                  00009e6c    00000040                   : gpio.obj (.text:_GPIOIntNumberGet)
                  00009eac    00000040                   : i2c.obj (.text:_I2CIntNumberGet)
                  00009eec    00000040     rtsv7M4_T_le_v4SPD16_eabi.lib : signal.obj (.text)
                  00009f2c    0000003c     driverlib.lib : eeprom.obj (.text:_EEPROMSectorMaskSet)
                  00009f68    00000038     rtsv7M4_T_le_v4SPD16_eabi.lib : fs_tod_t2.obj (.text)
                  00009fa0    00000036                                   : ull_tofs_t2.obj (.text)
                  00009fd6    00000002     --HOLE-- [fill = 0]
                  00009fd8    00000034     driverlib.lib : eeprom.obj (.text:EEPROMRead)
                  0000a00c    00000034                   : interrupt.obj (.text:IntRegister)
                  0000a040    00000034                   : sysctl.obj (.text:SysCtlPeripheralEnable)
                  0000a074    00000034                   : sysctl.obj (.text:SysCtlPeripheralPresent)
                  0000a0a8    00000034                   : eeprom.obj (.text:_EEPROMSectorMaskClear)
                  0000a0dc    00000034     rtsv7M4_T_le_v4SPD16_eabi.lib : feraiseexcept.obj (.text)
                  0000a110    00000034                                   : xfdtest.obj (.text)
                  0000a144    00000030                                   : assert.obj (.text)
                  0000a174    00000030                                   : strncpy.obj (.text)
                  0000a1a4    00000030                                   : xferaise.obj (.text)
                  0000a1d4    0000002e                                   : i_tofd_t2.obj (.text)
                  0000a202    0000002e                                   : raise.obj (.text)
                  0000a230    0000002c                                   : ull_tofd_t2.obj (.text)
                  0000a25c    0000002a     driverlib.lib : gpio.obj (.text:GPIODirModeSet)
                  0000a286    00000002     --HOLE-- [fill = 0]
                  0000a288    00000024                   : interrupt.obj (.text:IntPrioritySet)
                  0000a2ac    00000024     rtsv7M4_T_le_v4SPD16_eabi.lib : sqrtf.obj (.text)
                  0000a2d0    00000020     tm4c123gh6pm_startup_ccs.obj (.text)
                  0000a2f0    0000001e     rtsv7M4_T_le_v4SPD16_eabi.lib : ll_lsl_t2.obj (.text)
                  0000a30e    00000002     --HOLE-- [fill = 0]
                  0000a310    0000001c     driverlib.lib : uart.obj (.text:UARTDisable)
                  0000a32c    0000001c     rtsv7M4_T_le_v4SPD16_eabi.lib : memccpy.obj (.text)
                  0000a348    00000018     driverlib.lib : gpio.obj (.text:GPIOIntRegister)
                  0000a360    00000018                   : gpio.obj (.text:GPIOPinTypeGPIOOutput)
                  0000a378    00000018                   : i2c.obj (.text:I2CIntRegister)
                  0000a390    00000018                   : timer.obj (.text:TimerControlStall)
                  0000a3a8    00000018                   : timer.obj (.text:TimerIntRegister)
                  0000a3c0    00000018     rtsv7M4_T_le_v4SPD16_eabi.lib : args_main.obj (.text)
                  0000a3d8    00000018                                   : ll_mul_t2.obj (.text)
                  0000a3f0    00000018                                   : strcmp.obj (.text)
                  0000a408    00000016     driverlib.lib : i2c.obj (.text:I2CMasterErr)
                  0000a41e    00000016     rtsv7M4_T_le_v4SPD16_eabi.lib : memchr.obj (.text)
                  0000a434    00000016                                   : strchr.obj (.text)
                  0000a44a    00000014     driverlib.lib : uart.obj (.text:UARTEnable)
                  0000a45e    00000002     --HOLE-- [fill = 0]
                  0000a460    00000014     rtsv7M4_T_le_v4SPD16_eabi.lib : _lock.obj (.text)
                  0000a474    00000014                                   : strlen.obj (.text)
                  0000a488    00000012     driverlib.lib : gpio.obj (.text:GPIOPinTypeGPIOInput)
                  0000a49a    00000012                   : gpio.obj (.text:GPIOPinTypeI2C)
                  0000a4ac    00000012                   : gpio.obj (.text:GPIOPinTypeI2CSCL)
                  0000a4be    00000012                   : gpio.obj (.text:GPIOPinTypeUART)
                  0000a4d0    00000012                   : timer.obj (.text:TimerLoadSet)
                  0000a4e2    00000012     rtsv7M4_T_le_v4SPD16_eabi.lib : copy_zero_init.obj (.text:decompress:ZI)
                  0000a4f4    00000012                                   : xdclass.obj (.text)
                  0000a506    00000002     --HOLE-- [fill = 0]
                  0000a508    00000010     driverlib.lib : fpu.obj (.text:FPUEnable)
                  0000a518    00000010                   : fpu.obj (.text:FPULazyStackingEnable)
                  0000a528    00000010                   : eeprom.obj (.text:_EEPROMWaitForDone)
                  0000a538    00000010     rtsv7M4_T_le_v4SPD16_eabi.lib : strcpy.obj (.text)
                  0000a548    0000000e     driverlib.lib : gpio.obj (.text:GPIOIntStatus)
                  0000a556    0000000e                   : timer.obj (.text:TimerEnable)
                  0000a564    0000000e     rtsv7M4_T_le_v4SPD16_eabi.lib : copy_decompress_none.obj (.text:decompress:none)
                  0000a572    0000000c     driverlib.lib : gpio.obj (.text:GPIOIntEnable)
                  0000a57e    0000000c                   : uart.obj (.text:UARTCharsAvail)
                  0000a58a    0000000a                   : i2c.obj (.text:I2CMasterEnable)
                  0000a594    0000000a                   : timer.obj (.text:TimerIntStatus)
                  0000a59e    0000000a                   : timer.obj (.text:TimerValueGet)
                  0000a5a8    0000000a                   : uart.obj (.text:UARTCharGet)
                  0000a5b2    0000000a                   : uart.obj (.text:UARTCharPut)
                  0000a5bc    0000000a                   : uart.obj (.text:UARTIntStatus)
                  0000a5c6    00000008                   : i2c.obj (.text:I2CMasterIntClear)
                  0000a5ce    00000008                   : i2c.obj (.text:I2CMasterIntEnableEx)
                  0000a5d6    00000008                   : i2c.obj (.text:I2CMasterSlaveAddrSet)
                  0000a5de    00000008                   : timer.obj (.text:TimerIntEnable)
                  0000a5e6    00000006                   : gpio.obj (.text:GPIOIntClear)
                  0000a5ec    00000006                   : gpio.obj (.text:GPIOPinRead)
                  0000a5f2    00000006                   : gpio.obj (.text:GPIOPinWrite)
                  0000a5f8    00000006                   : sysctl.obj (.text:SysCtlDelay)
                  0000a5fe    00000006                   : uart.obj (.text:UARTClockSourceSet)
                  0000a604    00000006     rtsv7M4_T_le_v4SPD16_eabi.lib : copy_decompress_rle.obj (.text:decompress:rle24)
                  0000a60a    00000004     driverlib.lib : i2c.obj (.text:I2CMasterControl)
                  0000a60e    00000004                   : i2c.obj (.text:I2CMasterDataGet)
                  0000a612    00000004                   : i2c.obj (.text:I2CMasterDataPut)
                  0000a616    00000004                   : timer.obj (.text:TimerIntClear)
                  0000a61a    00000004                   : uart.obj (.text:UARTIntClear)

.const     0    0000a620    000006c8     
                  0000a620    00000102     rtsv7M4_T_le_v4SPD16_eabi.lib : ctype.obj (.const:.string:_ctypes_)
                  0000a722    00000002     --HOLE-- [fill = 0]
                  0000a724    000000c0     driverlib.lib : gpio.obj (.const:g_ppui32GPIOIntMapBlizzard)
                  0000a7e4    000000c0                   : gpio.obj (.const:g_ppui32GPIOIntMapSnowflake)
                  0000a8a4    0000009c                   : interrupt.obj (.const:g_pui32Regs)
                  0000a940    00000090                   : gpio.obj (.const:g_pui32GPIOBaseAddrs)
                  0000a9d0    00000070                   : interrupt.obj (.const)
                  0000aa40    00000060                   : timer.obj (.const:g_ppui32TimerIntMap)
                  0000aaa0    00000058     main.obj (.const)
                  0000aaf8    00000058     quad_ctrl.obj (.const)
                  0000ab50    00000050     driverlib.lib : i2c.obj (.const:g_ppui32I2CIntMapSnowflake)
                  0000aba0    00000040                   : timer.obj (.const:g_ppui32TimerIntMapSnowflake)
                  0000abe0    00000034     rtsv7M4_T_le_v4SPD16_eabi.lib : xfatan.obj (.const)
                  0000ac14    00000030     quad_ctrl.obj (.const:$P$T1$2)
                  0000ac44    00000030     quad_ctrl.obj (.const:$P$T2$3)
                  0000ac74    00000030     driverlib.lib : i2c.obj (.const:g_ppui32I2CIntMap)
                  0000aca4    0000001c     uartstdio.obj (.const)
                  0000acc0    00000012     uartstdio.obj (.const:.string)
                  0000acd2    00000004     quad_ctrl.obj (.const:.string)
                  0000acd6    00000002     --HOLE-- [fill = 0]
                  0000acd8    00000010     px4_kalman.obj (.const)

.cinit     0    0000ace8    00000170     
                  0000ace8    00000136     (.cinit..data.load) [load image, compression = rle]
                  0000ae1e    00000002     --HOLE-- [fill = 0]
                  0000ae20    0000000c     (__TI_handler_table)
                  0000ae2c    00000004     --HOLE-- [fill = 0]
                  0000ae30    00000008     (.cinit..bss.load) [load image, compression = zero_init]
                  0000ae38    00000008     (.cinit..vtable.load) [load image, compression = zero_init]
                  0000ae40    00000018     (__TI_cinit_table)

.vtable    0    20000000    0000026c     UNINITIALIZED
                  20000000    0000026c     driverlib.lib : interrupt.obj (.vtable)

.stack     0    2000026c    00001000     UNINITIALIZED
                  2000026c    00001000     --HOLE--

.data      0    20001270    00000424     UNINITIALIZED
                  20001270    000000f0     rtsv7M4_T_le_v4SPD16_eabi.lib : defs.obj (.data:_ftable)
                  20001360    000000d0                                   : lowlev.obj (.data)
                  20001430    000000b0                                   : signal.obj (.data:sigtable)
                  200014e0    00000080                                   : xvalues.obj (.data)
                  20001560    00000068     px4_kalman.obj (.data)
                  200015c8    00000068     rtsv7M4_T_le_v4SPD16_eabi.lib : xfvalues.obj (.data)
                  20001630    00000010                                   : defs.obj (.data)
                  20001640    0000000c     main.obj (.data)
                  2000164c    0000000c     rtsv7M4_T_le_v4SPD16_eabi.lib : memory.obj (.data)
                  20001658    00000008     dof.obj (.data)
                  20001660    00000008     rtsv7M4_T_le_v4SPD16_eabi.lib : _lock.obj (.data)
                  20001668    00000008                                   : exit.obj (.data)
                  20001670    00000008                                   : feraiseexcept.obj (.data)
                  20001678    00000005     time_util.obj (.data)
                  2000167d    00000003     --HOLE--
                  20001680    00000005     uartstdio.obj (.data)
                  20001685    00000003     --HOLE--
                  20001688    00000004     rtsv7M4_T_le_v4SPD16_eabi.lib : errno.obj (.data)
                  2000168c    00000004                                   : fopen.obj (.data)
                  20001690    00000004                                   : stkdepth_vars.obj (.data)

.bss       0    20001698    00000400     UNINITIALIZED
                  20001698    00000120     rtsv7M4_T_le_v4SPD16_eabi.lib : trgmsg.obj (.bss:__CIOBUF_)
                  200017b8    000000fc     messaging.obj (.bss:mbuf)
                  200018b4    000000a0     rtsv7M4_T_le_v4SPD16_eabi.lib : defs.obj (.bss:__TI_tmpnams)
                  20001954    00000028     PPM.obj (.bss:ui32_PPM_Arr)
                  2000197c    00000020     (.common:pulseIn_PortA)
                  2000199c    00000020     (.common:pulseIn_PortE)
                  200019bc    00000020     (.common:riseTime$1)
                  200019dc    00000020     (.common:riseTime$2)
                  200019fc    00000016     (.common:px4)
                  20001a12    00000016     (.common:px4_buffer)
                  20001a28    00000010     (.common:ringbuf)
                  20001a38    00000008     (.common:frequency)
                  20001a40    00000008     (.common:parmbuf)
                  20001a48    00000008     (.common:timer_cycles_per_overflow)
                  20001a50    00000008     (.common:timer_period_us)
                  20001a58    00000004     (.common:CENTERTHROT)
                  20001a5c    00000004     (.common:GPIO_pinMask)
                  20001a60    00000004     (.common:GPIO_portBase)
                  20001a64    00000004     (.common:I2C_Base)
                  20001a68    00000004     (.common:idx_px4)
                  20001a6c    00000004     (.common:mdat)
                  20001a70    00000004     (.common:peekbuf)
                  20001a74    00000004     (.common:stickPosScale)
                  20001a78    00000004     (.common:sysClock)
                  20001a7c    00000004     (.common:timerBase)
                  20001a80    00000004     (.common:timerBase)
                  20001a84    00000004     (.common:ui32_PPM_FrameLen)
                  20001a88    00000004     (.common:ui32_PPM_Max)
                  20001a8c    00000004     (.common:ui32_PPM_Min)
                  20001a90    00000004     (.common:ui32_PPM_TimeLow)
                  20001a94    00000001     (.common:PPM_Channel)
                  20001a95    00000001     (.common:dataFresh)
                  20001a96    00000001     (.common:g_PX4_State)
                  20001a97    00000001     (.common:num_PPM_Channels)

.sysmem    0    20001a98    00000400     UNINITIALIZED
                  20001a98    00000008     rtsv7M4_T_le_v4SPD16_eabi.lib : memory.obj (.sysmem)
                  20001aa0    000003f8     --HOLE--


LINKER GENERATED COPY TABLES

__TI_cinit_table @ 0000ae40 records: 3, size/record: 8, table size: 24
	.data: load addr=0000ace8, load size=00000136 bytes, run addr=20001270, run size=00000424 bytes, compression=rle
	.bss: load addr=0000ae30, load size=00000008 bytes, run addr=20001698, run size=00000400 bytes, compression=zero_init
	.vtable: load addr=0000ae38, load size=00000008 bytes, run addr=20000000, run size=0000026c bytes, compression=zero_init


LINKER GENERATED HANDLER TABLE

__TI_handler_table @ 0000ae20 records: 3, size/record: 4, table size: 12
	index: 0, handler: __TI_zero_init
	index: 1, handler: __TI_decompress_rle24
	index: 2, handler: __TI_decompress_none


GLOBAL SYMBOLS: SORTED ALPHABETICALLY BY Name 

address    name
--------   ----
00009d21   C$$EXIT
0000988b   C$$IO$$
000050c3   ConfigureUART
00009ded   EEPROMInit
00008d51   EEPROMProgram
00009fd9   EEPROMRead
0000a509   FPUEnable
0000a519   FPULazyStackingEnable
0000a25d   GPIODirModeSet
0000a5e7   GPIOIntClear
0000a573   GPIOIntEnable
0000a349   GPIOIntRegister
0000a549   GPIOIntStatus
00009a33   GPIOIntTypeSet
00008849   GPIOPadConfigSet
00009bbd   GPIOPinConfigure
0000a5ed   GPIOPinRead
0000a489   GPIOPinTypeGPIOInput
0000a361   GPIOPinTypeGPIOOutput
0000a49b   GPIOPinTypeI2C
0000a4ad   GPIOPinTypeI2CSCL
0000a4bf   GPIOPinTypeUART
0000a5f3   GPIOPinWrite
0000762d   HOSTclock
000075f5   HOSTclose
000075b7   HOSTgetenv
0000755b   HOSTlseek
00007509   HOSTopen
000074bd   HOSTread
0000745f   HOSTrename
00007425   HOSTtime
000073ed   HOSTunlink
000073a1   HOSTwrite
0000a379   I2CIntRegister
0000a60b   I2CMasterControl
0000a60f   I2CMasterDataGet
0000a613   I2CMasterDataPut
0000a58b   I2CMasterEnable
0000a409   I2CMasterErr
00009c05   I2CMasterInitExpClk
0000a5c7   I2CMasterIntClear
0000a5cf   I2CMasterIntEnableEx
0000a5d7   I2CMasterSlaveAddrSet
20001a64   I2C_Base
00009801   IntEnable
0000a289   IntPrioritySet
0000a00d   IntRegister
20001560   Kqx
20001568   Kqxdot
20001570   Kqy
20001590   Kqyaw
20001598   Kqyawdot
20001578   Kqydot
20001580   Kqz
20001588   Kqzdot
00000a03   Message_can_read_delimited_from
00000a51   Message_get_delimited_size
00007271   MinMaxPulseThresh
000043df   PID_XY_2ms
00007095   PPM_init
000071ef   PPM_setPulse
00007217   PPM_setStickPos
0000a2d1   ResetISR
200015a0   Rxydot_max
200015a8   Rxydot_min
200015c0   Ryawdot
200015b0   Rz_max
200015b8   Rz_min
UNDEFED    SHT$$INIT_ARRAY$$Base
UNDEFED    SHT$$INIT_ARRAY$$Limit
00008b85   SysCtlClockSet
0000a5f9   SysCtlDelay
0000a041   SysCtlPeripheralEnable
0000a075   SysCtlPeripheralPresent
00009a89   SysCtlPeripheralReset
00009921   TimerConfigure
0000a391   TimerControlStall
0000a557   TimerEnable
0000a617   TimerIntClear
0000a5df   TimerIntEnable
0000a3a9   TimerIntRegister
0000a595   TimerIntStatus
0000a4d1   TimerLoadSet
0000a59f   TimerValueGet
0000a5a9   UARTCharGet
0000a5b3   UARTCharPut
0000a57f   UARTCharsAvail
0000a5ff   UARTClockSourceSet
00009e2d   UARTConfigSetExpClk
0000a311   UARTDisable
0000a44b   UARTEnable
0000a61b   UARTIntClear
0000a5bd   UARTIntStatus
0000651d   UARTStdioConfig
00006663   UARTgetc
000065a9   UARTgets
00006983   UARTprintf
00006689   UARTvprintf
00006563   UARTwrite
0000acd8   Z_MAX_RETURN
0000ace0   Z_MIN_RETURN
0000a4f5   _Dclass
200014e0   _Denorm
00008e15   _Dnorm
00008979   _Dscale
00009d65   _Dtest
0000979d   _Dunscale
200014f0   _Eps
20001688   _Errno
000091a5   _FAtan
200015c8   _FDenorm
0000a111   _FDtest
200015d8   _FEps
200015e8   _FInf
200015f8   _FNan
20001618   _FRteps
20001608   _FSnan
20001628   _FXbig
2000162c   _FZero
20001670   _Fenv
0000a1a5   _Feraise
20001500   _Hugeval
20001510   _Inf
20001520   _Nan
20001540   _Rteps
20001530   _Snan
20001674   _Tls_setup__Fenv
20001550   _Xbig
20001558   _Zero
20001698   __CIOBUF_
2000126c   __STACK_END
00001000   __STACK_SIZE
2000046c   __STACK_TOP
00000400   __SYSMEM_SIZE
0000ae40   __TI_CINIT_Base
0000ae58   __TI_CINIT_Limit
0000ae20   __TI_Handler_Table_Base
0000ae2c   __TI_Handler_Table_Limit
00000001   __TI_args_main
000094b5   __TI_auto_init
000081e5   __TI_cleanup
20001668   __TI_cleanup_ptr
00009385   __TI_closefile
0000a565   __TI_decompress_none
0000a605   __TI_decompress_rle24
00008ed9   __TI_doflush
2000166c   __TI_dtors_ptr
20001630   __TI_ft_end
00003fcb   __TI_printfi
0000915b   __TI_rd_ok
0000988f   __TI_readmsg
00000000   __TI_static_base__
200018b4   __TI_tmpnams
00009861   __TI_writemsg
000090f9   __TI_wrt_ok
0000a4e3   __TI_zero_init
00009549   __aeabi_cdcmpeq
00009549   __aeabi_cdcmple
000095cf   __aeabi_cdrcmple
00009b71   __aeabi_d2f
00009c95   __aeabi_d2iz
0000997d   __aeabi_d2ulz
000082e7   __aeabi_dadd
000085dd   __aeabi_ddiv
00008a89   __aeabi_dmul
000082dd   __aeabi_dsub
00009f69   __aeabi_f2d
0000a1d5   __aeabi_i2d
0000a2f1   __aeabi_llsl
0000a3d9   __aeabi_lmul
00009655   __aeabi_memclr
00009655   __aeabi_memclr4
00009655   __aeabi_memclr8
000092e9   __aeabi_memcpy
000092e9   __aeabi_memcpy4
000092e9   __aeabi_memcpy8
00009657   __aeabi_memset
00009657   __aeabi_memset4
00009657   __aeabi_memset8
2000163c   __aeabi_stderr
20001634   __aeabi_stdin
20001638   __aeabi_stdout
00009da9   __aeabi_uidivmod
0000a231   __aeabi_ul2d
00009fa1   __aeabi_ul2f
00007d5d   __aeabi_uldivmod
ffffffff   __binit__
ffffffff   __c_args__
2000026c   __stack
0000a147   _abort_msg
0000a3c1   _args_main
0000a161   _assert
00009c4d   _c_int00
0000a620   _ctypes_
20001270   _ftable
20001660   _lock
0000026d   _memcmp
000002c1   _memset
0000a145   _nassert
0000a46f   _nop
0000a467   _register_lock
0000a461   _register_unlock
20001a98   _sys_memory
20001664   _unlock
00009d25   abort
00006fe7   add_device
000012ab   all_clear
000012bb   all_init_optional_attributes
00001381   all_is_default_message
00001c99   all_read
000020e1   all_read_delimited_from
000015b9   all_write
00001c2b   all_write_delimited_to
00001bfb   all_write_with_tag
00009049   asinf
00009b25   atoi
00004305   automomousMode
ffffffff   binit
00006d4d   calloc
0000095f   can_read_raw_varint32
000009b1   can_read_raw_varint64
00007c1b   capturePortPulse
00006f95   close
000045dd   copyGains
00009cdd   copy_in
20001a95   dataFresh
00000573   decode_zig_zag32
0000058b   decode_zig_zag64
000059c9   dof_calc_ctrl_dt
00005a29   dof_calc_error
0000582f   dof_discrete_d2xdt2
0000561d   dof_discrete_dxdt
00005375   dof_init_flags
0000533b   dof_init_limits
000053a3   dof_init_lowpass
0000515d   dof_init_struct
00005e01   dof_rate_PID
00005241   dof_set_gains
00005523   dof_set_setpt
000053dd   dof_set_state
00005d19   dof_value_PID
00004565   driveSwitch
0000053b   encode_zig_zag32
0000054f   encode_zig_zag64
00009d2d   exit
000093eb   fclose
00000a7d   feedback_clear
00000a8d   feedback_init_optional_attributes
00000af1   feedback_is_default_message
00000fed   feedback_read
00001279   feedback_read_delimited_from
00000c19   feedback_write
00000f7f   feedback_write_delimited_to
00000f4f   feedback_write_with_tag
0000a0dd   feraiseexcept
00008f25   fflush
0000823b   fopen
000096d5   fprintf
0000924d   fputc
00008715   fputs
00006aa7   free
00008211   freopen
00009739   fseek
20001a96   g_PX4_State
20000000   g_pfnRAMVectors
00000000   g_pfnVectors
20001a68   idx_px4
000043ff   initSwitch
000079cf   init_px4_i2c
00007a4b   initiate_PX4_transmit
00002be5   kalman_correct_xyyawdot
000030b5   kalman_correct_z
00002115   kalman_create
000033a1   kalman_destroy
00002531   kalman_predict
0000325f   kalman_print_graph
00002a37   kalman_process_data
00002291   kalman_update
00006f71   lseek
000099d9   ltoa
00004615   main
20001690   main_func_sp
00006a45   malloc
0000434f   map
200017b8   mbuf
20001a6c   mdat
00006c6d   memalign
0000a32d   memccpy
0000a41f   memchr
000092e9   memcpy
0000965d   memset
00008fab   messaging_UARTRxIntHandler
00008f99   messaging_init
000080bb   millis
000069b9   minit
0000439f   ms2XY_rate
000043bf   ms2height
0000432d   ms2pulse
00006ec3   open
20001a70   peekbuf
00004311   pulse2ms
2000197c   pulseIn_PortA
2000199c   pulseIn_PortE
000042ed   pulseLowerThird
000042d5   pulseUpperThird
000092d1   putc
000092d5   putchar
00008821   puts
200019fc   px4
20001a12   px4_buffer
20001640   px4_can_transmit
00007a69   px4_i2c_dataFresh
00007ac9   px4_i2c_getHeight
00007ac3   px4_i2c_getTimestep
00007a8d   px4_i2c_get_flow_comp_m_x
00007a95   px4_i2c_get_flow_comp_m_y
00007a77   px4_i2c_get_frame_count
00007abd   px4_i2c_get_gyro_range
00007aa5   px4_i2c_get_gyro_x_rate
00007aad   px4_i2c_get_gyro_y_rate
00007ab5   px4_i2c_get_gyro_z_rate
00007a7d   px4_i2c_get_pixel_flow_x_sum
00007a85   px4_i2c_get_pixel_flow_y_sum
00007a9d   px4_i2c_get_qual
00007ad1   px4_i2c_makeDataStale
00005f1d   qc_create
00006509   qc_destroy
00005f33   qc_init
000061bb   qc_runPID
00006291   qc_runRatePID
00006201   qc_runValuePID
000062f1   qc_setDJIValues
00006155   qc_setSetpt
000060ef   qc_setState
0000a203   raise
00006e9f   read
000044d3   readSwitch
000005b7   read_raw_byte
000005d5   read_raw_little_endian32
00000669   read_raw_little_endian64
000007bb   read_raw_varint32
000008eb   read_raw_varint64
00006b67   realloc
000045ad   recordGains
00006e15   remove
00006e77   remove_device
00006e39   rename
20001a28   ringbuf
00007883   ringbuf_clear
000078cb   ringbuf_destroy
0000789d   ringbuf_init
000077d5   ringbuf_peek
00007721   ringbuf_pop
00007765   ringbuf_popMany
00007675   ringbuf_push
000076b7   ringbuf_pushMany
00007835   ringbuf_spaceLeft
0000785d   ringbuf_unread
00004fc5   sendToSerialPort
00007b49   servoIn_attachPin
00007be1   servoIn_detachPin
00007be3   servoIn_getPulse
00007b21   servoIn_init
00008c75   setvbuf
00009eed   signal
0000941d   snprintf
00008495   sqrt
0000a2ad   sqrtf
0000a435   strchr
0000a3f1   strcmp
0000a539   strcpy
0000a475   strlen
0000a175   strncpy
00007f51   time_init
20001a7c   timerBase
00008009   timestamp_now
00006e15   unlink
20001678   uptime_overflow
000002f5   varint_packed_size
00006d85   write
00000331   write_raw_byte
000004fd   write_raw_bytes
00000351   write_raw_little_endian32
0000039d   write_raw_little_endian64
00000459   write_raw_varint32
0000049b   write_raw_varint64


GLOBAL SYMBOLS: SORTED BY Symbol Address 

address    name
--------   ----
00000000   __TI_static_base__
00000000   g_pfnVectors
00000001   __TI_args_main
0000026d   _memcmp
000002c1   _memset
000002f5   varint_packed_size
00000331   write_raw_byte
00000351   write_raw_little_endian32
0000039d   write_raw_little_endian64
00000400   __SYSMEM_SIZE
00000459   write_raw_varint32
0000049b   write_raw_varint64
000004fd   write_raw_bytes
0000053b   encode_zig_zag32
0000054f   encode_zig_zag64
00000573   decode_zig_zag32
0000058b   decode_zig_zag64
000005b7   read_raw_byte
000005d5   read_raw_little_endian32
00000669   read_raw_little_endian64
000007bb   read_raw_varint32
000008eb   read_raw_varint64
0000095f   can_read_raw_varint32
000009b1   can_read_raw_varint64
00000a03   Message_can_read_delimited_from
00000a51   Message_get_delimited_size
00000a7d   feedback_clear
00000a8d   feedback_init_optional_attributes
00000af1   feedback_is_default_message
00000c19   feedback_write
00000f4f   feedback_write_with_tag
00000f7f   feedback_write_delimited_to
00000fed   feedback_read
00001000   __STACK_SIZE
00001279   feedback_read_delimited_from
000012ab   all_clear
000012bb   all_init_optional_attributes
00001381   all_is_default_message
000015b9   all_write
00001bfb   all_write_with_tag
00001c2b   all_write_delimited_to
00001c99   all_read
000020e1   all_read_delimited_from
00002115   kalman_create
00002291   kalman_update
00002531   kalman_predict
00002a37   kalman_process_data
00002be5   kalman_correct_xyyawdot
000030b5   kalman_correct_z
0000325f   kalman_print_graph
000033a1   kalman_destroy
00003fcb   __TI_printfi
000042d5   pulseUpperThird
000042ed   pulseLowerThird
00004305   automomousMode
00004311   pulse2ms
0000432d   ms2pulse
0000434f   map
0000439f   ms2XY_rate
000043bf   ms2height
000043df   PID_XY_2ms
000043ff   initSwitch
000044d3   readSwitch
00004565   driveSwitch
000045ad   recordGains
000045dd   copyGains
00004615   main
00004fc5   sendToSerialPort
000050c3   ConfigureUART
0000515d   dof_init_struct
00005241   dof_set_gains
0000533b   dof_init_limits
00005375   dof_init_flags
000053a3   dof_init_lowpass
000053dd   dof_set_state
00005523   dof_set_setpt
0000561d   dof_discrete_dxdt
0000582f   dof_discrete_d2xdt2
000059c9   dof_calc_ctrl_dt
00005a29   dof_calc_error
00005d19   dof_value_PID
00005e01   dof_rate_PID
00005f1d   qc_create
00005f33   qc_init
000060ef   qc_setState
00006155   qc_setSetpt
000061bb   qc_runPID
00006201   qc_runValuePID
00006291   qc_runRatePID
000062f1   qc_setDJIValues
00006509   qc_destroy
0000651d   UARTStdioConfig
00006563   UARTwrite
000065a9   UARTgets
00006663   UARTgetc
00006689   UARTvprintf
00006983   UARTprintf
000069b9   minit
00006a45   malloc
00006aa7   free
00006b67   realloc
00006c6d   memalign
00006d4d   calloc
00006d85   write
00006e15   remove
00006e15   unlink
00006e39   rename
00006e77   remove_device
00006e9f   read
00006ec3   open
00006f71   lseek
00006f95   close
00006fe7   add_device
00007095   PPM_init
000071ef   PPM_setPulse
00007217   PPM_setStickPos
00007271   MinMaxPulseThresh
000073a1   HOSTwrite
000073ed   HOSTunlink
00007425   HOSTtime
0000745f   HOSTrename
000074bd   HOSTread
00007509   HOSTopen
0000755b   HOSTlseek
000075b7   HOSTgetenv
000075f5   HOSTclose
0000762d   HOSTclock
00007675   ringbuf_push
000076b7   ringbuf_pushMany
00007721   ringbuf_pop
00007765   ringbuf_popMany
000077d5   ringbuf_peek
00007835   ringbuf_spaceLeft
0000785d   ringbuf_unread
00007883   ringbuf_clear
0000789d   ringbuf_init
000078cb   ringbuf_destroy
000079cf   init_px4_i2c
00007a4b   initiate_PX4_transmit
00007a69   px4_i2c_dataFresh
00007a77   px4_i2c_get_frame_count
00007a7d   px4_i2c_get_pixel_flow_x_sum
00007a85   px4_i2c_get_pixel_flow_y_sum
00007a8d   px4_i2c_get_flow_comp_m_x
00007a95   px4_i2c_get_flow_comp_m_y
00007a9d   px4_i2c_get_qual
00007aa5   px4_i2c_get_gyro_x_rate
00007aad   px4_i2c_get_gyro_y_rate
00007ab5   px4_i2c_get_gyro_z_rate
00007abd   px4_i2c_get_gyro_range
00007ac3   px4_i2c_getTimestep
00007ac9   px4_i2c_getHeight
00007ad1   px4_i2c_makeDataStale
00007b21   servoIn_init
00007b49   servoIn_attachPin
00007be1   servoIn_detachPin
00007be3   servoIn_getPulse
00007c1b   capturePortPulse
00007d5d   __aeabi_uldivmod
00007f51   time_init
00008009   timestamp_now
000080bb   millis
000081e5   __TI_cleanup
00008211   freopen
0000823b   fopen
000082dd   __aeabi_dsub
000082e7   __aeabi_dadd
00008495   sqrt
000085dd   __aeabi_ddiv
00008715   fputs
00008821   puts
00008849   GPIOPadConfigSet
00008979   _Dscale
00008a89   __aeabi_dmul
00008b85   SysCtlClockSet
00008c75   setvbuf
00008d51   EEPROMProgram
00008e15   _Dnorm
00008ed9   __TI_doflush
00008f25   fflush
00008f99   messaging_init
00008fab   messaging_UARTRxIntHandler
00009049   asinf
000090f9   __TI_wrt_ok
0000915b   __TI_rd_ok
000091a5   _FAtan
0000924d   fputc
000092d1   putc
000092d5   putchar
000092e9   __aeabi_memcpy
000092e9   __aeabi_memcpy4
000092e9   __aeabi_memcpy8
000092e9   memcpy
00009385   __TI_closefile
000093eb   fclose
0000941d   snprintf
000094b5   __TI_auto_init
00009549   __aeabi_cdcmpeq
00009549   __aeabi_cdcmple
000095cf   __aeabi_cdrcmple
00009655   __aeabi_memclr
00009655   __aeabi_memclr4
00009655   __aeabi_memclr8
00009657   __aeabi_memset
00009657   __aeabi_memset4
00009657   __aeabi_memset8
0000965d   memset
000096d5   fprintf
00009739   fseek
0000979d   _Dunscale
00009801   IntEnable
00009861   __TI_writemsg
0000988b   C$$IO$$
0000988f   __TI_readmsg
00009921   TimerConfigure
0000997d   __aeabi_d2ulz
000099d9   ltoa
00009a33   GPIOIntTypeSet
00009a89   SysCtlPeripheralReset
00009b25   atoi
00009b71   __aeabi_d2f
00009bbd   GPIOPinConfigure
00009c05   I2CMasterInitExpClk
00009c4d   _c_int00
00009c95   __aeabi_d2iz
00009cdd   copy_in
00009d21   C$$EXIT
00009d25   abort
00009d2d   exit
00009d65   _Dtest
00009da9   __aeabi_uidivmod
00009ded   EEPROMInit
00009e2d   UARTConfigSetExpClk
00009eed   signal
00009f69   __aeabi_f2d
00009fa1   __aeabi_ul2f
00009fd9   EEPROMRead
0000a00d   IntRegister
0000a041   SysCtlPeripheralEnable
0000a075   SysCtlPeripheralPresent
0000a0dd   feraiseexcept
0000a111   _FDtest
0000a145   _nassert
0000a147   _abort_msg
0000a161   _assert
0000a175   strncpy
0000a1a5   _Feraise
0000a1d5   __aeabi_i2d
0000a203   raise
0000a231   __aeabi_ul2d
0000a25d   GPIODirModeSet
0000a289   IntPrioritySet
0000a2ad   sqrtf
0000a2d1   ResetISR
0000a2f1   __aeabi_llsl
0000a311   UARTDisable
0000a32d   memccpy
0000a349   GPIOIntRegister
0000a361   GPIOPinTypeGPIOOutput
0000a379   I2CIntRegister
0000a391   TimerControlStall
0000a3a9   TimerIntRegister
0000a3c1   _args_main
0000a3d9   __aeabi_lmul
0000a3f1   strcmp
0000a409   I2CMasterErr
0000a41f   memchr
0000a435   strchr
0000a44b   UARTEnable
0000a461   _register_unlock
0000a467   _register_lock
0000a46f   _nop
0000a475   strlen
0000a489   GPIOPinTypeGPIOInput
0000a49b   GPIOPinTypeI2C
0000a4ad   GPIOPinTypeI2CSCL
0000a4bf   GPIOPinTypeUART
0000a4d1   TimerLoadSet
0000a4e3   __TI_zero_init
0000a4f5   _Dclass
0000a509   FPUEnable
0000a519   FPULazyStackingEnable
0000a539   strcpy
0000a549   GPIOIntStatus
0000a557   TimerEnable
0000a565   __TI_decompress_none
0000a573   GPIOIntEnable
0000a57f   UARTCharsAvail
0000a58b   I2CMasterEnable
0000a595   TimerIntStatus
0000a59f   TimerValueGet
0000a5a9   UARTCharGet
0000a5b3   UARTCharPut
0000a5bd   UARTIntStatus
0000a5c7   I2CMasterIntClear
0000a5cf   I2CMasterIntEnableEx
0000a5d7   I2CMasterSlaveAddrSet
0000a5df   TimerIntEnable
0000a5e7   GPIOIntClear
0000a5ed   GPIOPinRead
0000a5f3   GPIOPinWrite
0000a5f9   SysCtlDelay
0000a5ff   UARTClockSourceSet
0000a605   __TI_decompress_rle24
0000a60b   I2CMasterControl
0000a60f   I2CMasterDataGet
0000a613   I2CMasterDataPut
0000a617   TimerIntClear
0000a61b   UARTIntClear
0000a620   _ctypes_
0000acd8   Z_MAX_RETURN
0000ace0   Z_MIN_RETURN
0000ae20   __TI_Handler_Table_Base
0000ae2c   __TI_Handler_Table_Limit
0000ae40   __TI_CINIT_Base
0000ae58   __TI_CINIT_Limit
20000000   g_pfnRAMVectors
2000026c   __stack
2000046c   __STACK_TOP
2000126c   __STACK_END
20001270   _ftable
200014e0   _Denorm
200014f0   _Eps
20001500   _Hugeval
20001510   _Inf
20001520   _Nan
20001530   _Snan
20001540   _Rteps
20001550   _Xbig
20001558   _Zero
20001560   Kqx
20001568   Kqxdot
20001570   Kqy
20001578   Kqydot
20001580   Kqz
20001588   Kqzdot
20001590   Kqyaw
20001598   Kqyawdot
200015a0   Rxydot_max
200015a8   Rxydot_min
200015b0   Rz_max
200015b8   Rz_min
200015c0   Ryawdot
200015c8   _FDenorm
200015d8   _FEps
200015e8   _FInf
200015f8   _FNan
20001608   _FSnan
20001618   _FRteps
20001628   _FXbig
2000162c   _FZero
20001630   __TI_ft_end
20001634   __aeabi_stdin
20001638   __aeabi_stdout
2000163c   __aeabi_stderr
20001640   px4_can_transmit
20001660   _lock
20001664   _unlock
20001668   __TI_cleanup_ptr
2000166c   __TI_dtors_ptr
20001670   _Fenv
20001674   _Tls_setup__Fenv
20001678   uptime_overflow
20001688   _Errno
20001690   main_func_sp
20001698   __CIOBUF_
200017b8   mbuf
200018b4   __TI_tmpnams
2000197c   pulseIn_PortA
2000199c   pulseIn_PortE
200019fc   px4
20001a12   px4_buffer
20001a28   ringbuf
20001a64   I2C_Base
20001a68   idx_px4
20001a6c   mdat
20001a70   peekbuf
20001a7c   timerBase
20001a95   dataFresh
20001a96   g_PX4_State
20001a98   _sys_memory
ffffffff   __binit__
ffffffff   __c_args__
ffffffff   binit
UNDEFED    SHT$$INIT_ARRAY$$Base
UNDEFED    SHT$$INIT_ARRAY$$Limit

[386 symbols]
