******************************************************************************
                  TI ARM Linker PC v5.1.6                      
******************************************************************************
>> Linked Mon Feb 16 17:36:03 2015

OUTPUT FILE NAME:   <maav.out>
ENTRY POINT SYMBOL: "_c_int00"  address: 0000cc85


MEMORY CONFIGURATION

         name            origin    length      used     unused   attr    fill
----------------------  --------  ---------  --------  --------  ----  --------
  FLASH                 00000000   00040000  0000df1e  000320e2  R  X
  SRAM                  20000000   00008000  00003f9c  00004064  RW X


SEGMENT ALLOCATION MAP

run origin  load origin   length   init length attrs members
----------  ----------- ---------- ----------- ----- -------
00000000    00000000    0000df20   0000df20    r-x
  00000000    00000000    0000026c   0000026c    r-- .intvecs
  0000026c    0000026c    0000d3ca   0000d3ca    r-x .text
  0000d638    0000d638    00000768   00000768    r-- .const
  0000dda0    0000dda0    00000180   00000180    r-- .cinit
20000000    20000000    00003f9c   00000000    rw-
  20000000    20000000    0000026c   00000000    rw- .vtable
  2000026c    2000026c    00002004   00000000    rw- .stack
  20002270    20002270    000012f8   00000000    rw- .bss
  20003568    20003568    00000600   00000000    rw- .sysmem
  20003b68    20003b68    00000434   00000000    rw- .data


SECTION ALLOCATION MAP

 output                                  attributes/
section   page    origin      length       input sections
--------  ----  ----------  ----------   ----------------
.intvecs   0    00000000    0000026c     
                  00000000    0000026c     tm4c123gh6pm_startup_ccs.obj (.intvecs)

.init_array 
*          0    00000000    00000000     UNINITIALIZED

.text      0    0000026c    0000d3ca     
                  0000026c    00001a9a     tuning_t.obj (.text)
                  00001d06    00000002     --HOLE-- [fill = 0]
                  00001d08    00001300     px4_kalman.obj (.text)
                  00003008    0000128a     feedback_t.obj (.text)
                  00004292    00000002     --HOLE-- [fill = 0]
                  00004294    00000ec0     rtsv7M4_T_le_v4SPD16_eabi.lib : _printfi.obj (.text)
                  00005154    00000e5c     main.obj (.text)
                  00005fb0    00000dc0     dof.obj (.text)
                  00006d70    00000a74     position_t.obj (.text)
                  000077e4    00000a74     target_t.obj (.text)
                  00008258    00000744     lcmlite.obj (.text)
                  0000899c    00000668     data_link.obj (.text)
                  00009004    00000600     quad_ctrl.obj (.text)
                  00009604    0000049c     uartstdio.obj (.text)
                  00009aa0    000003cc     rtsv7M4_T_le_v4SPD16_eabi.lib : memory.obj (.text)
                  00009e6c    00000310                                   : lowlev.obj (.text)
                  0000a17c    0000030c     PPM.obj (.text)
                  0000a488    000002d4     rtsv7M4_T_le_v4SPD16_eabi.lib : trgdrv.obj (.text)
                  0000a75c    00000264     ringbuf.obj (.text)
                  0000a9c0    00000248     px4_i2c.obj (.text)
                  0000ac08    0000023c     servoIn.obj (.text)
                  0000ae44    000001f4     rtsv7M4_T_le_v4SPD16_eabi.lib : ull_div_t2.obj (.text)
                  0000b038    000001cc     time_util.obj (.text)
                  0000b204    000001c0     rtsv7M4_T_le_v4SPD16_eabi.lib : fopen.obj (.text)
                  0000b3c4    000001b6                                   : fd_add_t2.obj (.text)
                  0000b57a    00000002     --HOLE-- [fill = 0]
                  0000b57c    00000148                                   : sqrt.obj (.text)
                  0000b6c4    00000136                                   : fd_div_t2.obj (.text)
                  0000b7fa    00000002     --HOLE-- [fill = 0]
                  0000b7fc    00000134                                   : fputs.obj (.text)
                  0000b930    00000130     driverlib.lib : gpio.obj (.text:GPIOPadConfigSet)
                  0000ba60    00000110     rtsv7M4_T_le_v4SPD16_eabi.lib : xdscale.obj (.text)
                  0000bb70    000000fc                                   : fd_mul_t2.obj (.text)
                  0000bc6c    000000f0     driverlib.lib : sysctl.obj (.text:SysCtlClockSet)
                  0000bd5c    000000dc     rtsv7M4_T_le_v4SPD16_eabi.lib : setvbuf.obj (.text)
                  0000be38    000000c4     driverlib.lib : eeprom.obj (.text:EEPROMProgram)
                  0000befc    000000c4     rtsv7M4_T_le_v4SPD16_eabi.lib : xdnorm.obj (.text)
                  0000bfc0    000000c0                                   : fflush.obj (.text)
                  0000c080    000000b0                                   : asinf.obj (.text)
                  0000c130    000000ac                                   : _io_perm.obj (.text)
                  0000c1dc    000000a8                                   : xfatan.obj (.text)
                  0000c284    0000009c                                   : fputc.obj (.text)
                  0000c320    0000009c                                   : memcpy_t2.obj (.text)
                  0000c3bc    00000098                                   : fclose.obj (.text)
                  0000c454    00000098                                   : snprintf.obj (.text)
                  0000c4ec    00000094                                   : auto_init.obj (.text)
                  0000c580    00000086                                   : fd_cmp_t2.obj (.text:__aeabi_cdcmple)
                  0000c606    00000086                                   : fd_cmp_t2.obj (.text:__aeabi_cdrcmple)
                  0000c68c    00000078                                   : memset_t2.obj (.text)
                  0000c704    0000006c                                   : fprintf.obj (.text)
                  0000c770    00000064                                   : fseek.obj (.text)
                  0000c7d4    00000064                                   : xdunscal.obj (.text)
                  0000c838    00000060     driverlib.lib : interrupt.obj (.text:IntEnable)
                  0000c898    00000060     rtsv7M4_T_le_v4SPD16_eabi.lib : trgmsg.obj (.text)
                  0000c8f8    0000005e                                   : copy_decompress_rle.obj (.text)
                  0000c956    00000002     --HOLE-- [fill = 0]
                  0000c958    0000005c     driverlib.lib : timer.obj (.text:TimerConfigure)
                  0000c9b4    0000005c     rtsv7M4_T_le_v4SPD16_eabi.lib : fd_toull_t2.obj (.text)
                  0000ca10    0000005a                                   : ltoa.obj (.text)
                  0000ca6a    00000056     driverlib.lib : gpio.obj (.text:GPIOIntTypeSet)
                  0000cac0    00000050                   : sysctl.obj (.text:SysCtlPeripheralReset)
                  0000cb10    0000004c                   : timer.obj (.text:_TimerIntNumberGet)
                  0000cb5c    0000004c     rtsv7M4_T_le_v4SPD16_eabi.lib : atoi.obj (.text)
                  0000cba8    0000004a                                   : fd_tos_t2.obj (.text)
                  0000cbf2    00000002     --HOLE-- [fill = 0]
                  0000cbf4    00000048     driverlib.lib : gpio.obj (.text:GPIOPinConfigure)
                  0000cc3c    00000048                   : i2c.obj (.text:I2CMasterInitExpClk)
                  0000cc84    00000048     rtsv7M4_T_le_v4SPD16_eabi.lib : boot.obj (.text)
                  0000cccc    00000048                                   : fd_toi_t2.obj (.text)
                  0000cd14    00000044                                   : cpy_tbl.obj (.text)
                  0000cd58    00000044                                   : exit.obj (.text)
                  0000cd9c    00000044                                   : xdtest.obj (.text)
                  0000cde0    00000042                                   : u_divt2.obj (.text)
                  0000ce22    00000002     --HOLE-- [fill = 0]
                  0000ce24    00000040     driverlib.lib : eeprom.obj (.text:EEPROMInit)
                  0000ce64    00000040                   : uart.obj (.text:UARTConfigSetExpClk)
                  0000cea4    00000040                   : gpio.obj (.text:_GPIOIntNumberGet)
                  0000cee4    00000040                   : i2c.obj (.text:_I2CIntNumberGet)
                  0000cf24    00000040     rtsv7M4_T_le_v4SPD16_eabi.lib : signal.obj (.text)
                  0000cf64    0000003c     driverlib.lib : eeprom.obj (.text:_EEPROMSectorMaskSet)
                  0000cfa0    00000038     rtsv7M4_T_le_v4SPD16_eabi.lib : fs_tod_t2.obj (.text)
                  0000cfd8    00000036                                   : ull_tofs_t2.obj (.text)
                  0000d00e    00000002     --HOLE-- [fill = 0]
                  0000d010    00000034     driverlib.lib : eeprom.obj (.text:EEPROMRead)
                  0000d044    00000034                   : interrupt.obj (.text:IntRegister)
                  0000d078    00000034                   : sysctl.obj (.text:SysCtlPeripheralEnable)
                  0000d0ac    00000034                   : sysctl.obj (.text:SysCtlPeripheralPresent)
                  0000d0e0    00000034                   : eeprom.obj (.text:_EEPROMSectorMaskClear)
                  0000d114    00000034     rtsv7M4_T_le_v4SPD16_eabi.lib : feraiseexcept.obj (.text)
                  0000d148    00000034                                   : xfdtest.obj (.text)
                  0000d17c    00000030                                   : assert.obj (.text)
                  0000d1ac    00000030                                   : strncpy.obj (.text)
                  0000d1dc    00000030                                   : xferaise.obj (.text)
                  0000d20c    0000002e                                   : i_tofd_t2.obj (.text)
                  0000d23a    0000002e                                   : raise.obj (.text)
                  0000d268    0000002c                                   : ull_tofd_t2.obj (.text)
                  0000d294    0000002a     driverlib.lib : gpio.obj (.text:GPIODirModeSet)
                  0000d2be    00000002     --HOLE-- [fill = 0]
                  0000d2c0    00000024                   : interrupt.obj (.text:IntPrioritySet)
                  0000d2e4    00000024     rtsv7M4_T_le_v4SPD16_eabi.lib : sqrtf.obj (.text)
                  0000d308    00000020     tm4c123gh6pm_startup_ccs.obj (.text)
                  0000d328    0000001c     driverlib.lib : uart.obj (.text:UARTDisable)
                  0000d344    0000001c     rtsv7M4_T_le_v4SPD16_eabi.lib : memccpy.obj (.text)
                  0000d360    00000018     driverlib.lib : gpio.obj (.text:GPIOIntRegister)
                  0000d378    00000018                   : gpio.obj (.text:GPIOPinTypeGPIOOutput)
                  0000d390    00000018                   : i2c.obj (.text:I2CIntRegister)
                  0000d3a8    00000018                   : timer.obj (.text:TimerControlStall)
                  0000d3c0    00000018                   : timer.obj (.text:TimerIntRegister)
                  0000d3d8    00000018     rtsv7M4_T_le_v4SPD16_eabi.lib : args_main.obj (.text)
                  0000d3f0    00000018                                   : ll_mul_t2.obj (.text)
                  0000d408    00000018                                   : strcmp.obj (.text)
                  0000d420    00000016     driverlib.lib : i2c.obj (.text:I2CMasterErr)
                  0000d436    00000016     rtsv7M4_T_le_v4SPD16_eabi.lib : memchr.obj (.text)
                  0000d44c    00000016                                   : strchr.obj (.text)
                  0000d462    00000014     driverlib.lib : uart.obj (.text:UARTEnable)
                  0000d476    00000002     --HOLE-- [fill = 0]
                  0000d478    00000014     rtsv7M4_T_le_v4SPD16_eabi.lib : _lock.obj (.text)
                  0000d48c    00000014                                   : strlen.obj (.text)
                  0000d4a0    00000012     driverlib.lib : gpio.obj (.text:GPIOPinTypeGPIOInput)
                  0000d4b2    00000012                   : gpio.obj (.text:GPIOPinTypeI2C)
                  0000d4c4    00000012                   : gpio.obj (.text:GPIOPinTypeI2CSCL)
                  0000d4d6    00000012                   : gpio.obj (.text:GPIOPinTypeUART)
                  0000d4e8    00000012                   : timer.obj (.text:TimerLoadSet)
                  0000d4fa    00000012     rtsv7M4_T_le_v4SPD16_eabi.lib : copy_zero_init.obj (.text:decompress:ZI)
                  0000d50c    00000012                                   : xdclass.obj (.text)
                  0000d51e    00000002     --HOLE-- [fill = 0]
                  0000d520    00000010     driverlib.lib : fpu.obj (.text:FPUEnable)
                  0000d530    00000010                   : fpu.obj (.text:FPULazyStackingEnable)
                  0000d540    00000010                   : eeprom.obj (.text:_EEPROMWaitForDone)
                  0000d550    00000010     rtsv7M4_T_le_v4SPD16_eabi.lib : strcpy.obj (.text)
                  0000d560    0000000e     driverlib.lib : gpio.obj (.text:GPIOIntStatus)
                  0000d56e    0000000e                   : timer.obj (.text:TimerEnable)
                  0000d57c    0000000e     rtsv7M4_T_le_v4SPD16_eabi.lib : copy_decompress_none.obj (.text:decompress:none)
                  0000d58a    0000000c     driverlib.lib : gpio.obj (.text:GPIOIntEnable)
                  0000d596    0000000c                   : uart.obj (.text:UARTCharsAvail)
                  0000d5a2    0000000a                   : i2c.obj (.text:I2CMasterEnable)
                  0000d5ac    0000000a                   : timer.obj (.text:TimerIntStatus)
                  0000d5b6    0000000a                   : timer.obj (.text:TimerValueGet)
                  0000d5c0    0000000a                   : uart.obj (.text:UARTCharGet)
                  0000d5ca    0000000a                   : uart.obj (.text:UARTCharPut)
                  0000d5d4    0000000a                   : uart.obj (.text:UARTIntStatus)
                  0000d5de    00000008                   : i2c.obj (.text:I2CMasterIntClear)
                  0000d5e6    00000008                   : i2c.obj (.text:I2CMasterIntEnableEx)
                  0000d5ee    00000008                   : i2c.obj (.text:I2CMasterSlaveAddrSet)
                  0000d5f6    00000008                   : timer.obj (.text:TimerIntEnable)
                  0000d5fe    00000006                   : gpio.obj (.text:GPIOIntClear)
                  0000d604    00000006                   : gpio.obj (.text:GPIOPinRead)
                  0000d60a    00000006                   : gpio.obj (.text:GPIOPinWrite)
                  0000d610    00000006                   : sysctl.obj (.text:SysCtlDelay)
                  0000d616    00000006                   : uart.obj (.text:UARTClockSourceSet)
                  0000d61c    00000006     rtsv7M4_T_le_v4SPD16_eabi.lib : copy_decompress_rle.obj (.text:decompress:rle24)
                  0000d622    00000004     driverlib.lib : i2c.obj (.text:I2CMasterControl)
                  0000d626    00000004                   : i2c.obj (.text:I2CMasterDataGet)
                  0000d62a    00000004                   : i2c.obj (.text:I2CMasterDataPut)
                  0000d62e    00000004                   : timer.obj (.text:TimerIntClear)
                  0000d632    00000004                   : uart.obj (.text:UARTIntClear)

.const     0    0000d638    00000768     
                  0000d638    00000102     rtsv7M4_T_le_v4SPD16_eabi.lib : ctype.obj (.const:.string:_ctypes_)
                  0000d73a    00000002     --HOLE-- [fill = 0]
                  0000d73c    000000c0     driverlib.lib : gpio.obj (.const:g_ppui32GPIOIntMapBlizzard)
                  0000d7fc    000000c0                   : gpio.obj (.const:g_ppui32GPIOIntMapSnowflake)
                  0000d8bc    000000a0     data_link.obj (.const:.string)
                  0000d95c    0000009c     driverlib.lib : interrupt.obj (.const:g_pui32Regs)
                  0000d9f8    00000090                   : gpio.obj (.const:g_pui32GPIOBaseAddrs)
                  0000da88    00000070                   : interrupt.obj (.const)
                  0000daf8    00000060                   : timer.obj (.const:g_ppui32TimerIntMap)
                  0000db58    00000058     main.obj (.const)
                  0000dbb0    00000058     quad_ctrl.obj (.const)
                  0000dc08    00000050     driverlib.lib : i2c.obj (.const:g_ppui32I2CIntMapSnowflake)
                  0000dc58    00000040                   : timer.obj (.const:g_ppui32TimerIntMapSnowflake)
                  0000dc98    00000034     rtsv7M4_T_le_v4SPD16_eabi.lib : xfatan.obj (.const)
                  0000dccc    00000030     quad_ctrl.obj (.const:$P$T1$2)
                  0000dcfc    00000030     quad_ctrl.obj (.const:$P$T2$3)
                  0000dd2c    00000030     driverlib.lib : i2c.obj (.const:g_ppui32I2CIntMap)
                  0000dd5c    0000001c     uartstdio.obj (.const)
                  0000dd78    00000012     uartstdio.obj (.const:.string)
                  0000dd8a    00000004     quad_ctrl.obj (.const:.string)
                  0000dd8e    00000002     --HOLE-- [fill = 0]
                  0000dd90    00000010     px4_kalman.obj (.const)

.cinit     0    0000dda0    00000180     
                  0000dda0    00000146     (.cinit..data.load) [load image, compression = rle]
                  0000dee6    00000002     --HOLE-- [fill = 0]
                  0000dee8    0000000c     (__TI_handler_table)
                  0000def4    00000004     --HOLE-- [fill = 0]
                  0000def8    00000008     (.cinit..bss.load) [load image, compression = zero_init]
                  0000df00    00000008     (.cinit..vtable.load) [load image, compression = zero_init]
                  0000df08    00000018     (__TI_cinit_table)

.vtable    0    20000000    0000026c     UNINITIALIZED
                  20000000    0000026c     driverlib.lib : interrupt.obj (.vtable)

.stack     0    2000026c    00002004     UNINITIALIZED
                  2000026c    00002004     --HOLE--

.bss       0    20002270    000012f8     UNINITIALIZED
                  20002270    00000e98     data_link.obj (.bss:lcm)
                  20003108    00000120     rtsv7M4_T_le_v4SPD16_eabi.lib : trgmsg.obj (.bss:__CIOBUF_)
                  20003228    00000100     data_link.obj (.bss:transmit_user)
                  20003328    000000a0     rtsv7M4_T_le_v4SPD16_eabi.lib : defs.obj (.bss:__TI_tmpnams)
                  200033c8    00000028     PPM.obj (.bss:ui32_PPM_Arr)
                  200033f0    00000020     (.common:pulseIn_PortA)
                  20003410    00000020     (.common:pulseIn_PortE)
                  20003430    00000020     (.common:riseTime$1)
                  20003450    00000020     (.common:riseTime$2)
                  20003470    00000016     (.common:px4)
                  20003486    00000016     (.common:px4_buffer)
                  2000349c    00000010     (.common:ringbuf)
                  200034ac    00000010     (.common:sub_position)
                  200034bc    00000010     (.common:sub_target)
                  200034cc    00000010     (.common:sub_tuning)
                  200034dc    00000004     (.common:CENTERTHROT)
                  200034e0    00000008     (.common:__feedback_t_hash)
                  200034e8    00000008     (.common:__position_t_hash)
                  200034f0    00000008     (.common:__target_t_hash)
                  200034f8    00000008     (.common:__tuning_t_hash)
                  20003500    00000008     (.common:frequency)
                  20003508    00000008     (.common:parmbuf)
                  20003510    00000008     (.common:timer_cycles_per_overflow)
                  20003518    00000008     (.common:timer_period_us)
                  20003520    00000004     (.common:GPIO_pinMask)
                  20003524    00000004     (.common:GPIO_portBase)
                  20003528    00000004     (.common:I2C_Base)
                  2000352c    00000004     (.common:__feedback_t_hash_computed)
                  20003530    00000004     (.common:__position_t_hash_computed)
                  20003534    00000004     (.common:__target_t_hash_computed)
                  20003538    00000004     (.common:__tuning_t_hash_computed)
                  2000353c    00000004     (.common:idx_px4)
                  20003540    00000004     (.common:messaging_frame)
                  20003544    00000004     (.common:stickPosScale)
                  20003548    00000004     (.common:sysClock)
                  2000354c    00000004     (.common:timerBase)
                  20003550    00000004     (.common:timerBase)
                  20003554    00000004     (.common:ui32_PPM_FrameLen)
                  20003558    00000004     (.common:ui32_PPM_Max)
                  2000355c    00000004     (.common:ui32_PPM_Min)
                  20003560    00000004     (.common:ui32_PPM_TimeLow)
                  20003564    00000001     (.common:PPM_Channel)
                  20003565    00000001     (.common:dataFresh)
                  20003566    00000001     (.common:g_PX4_State)
                  20003567    00000001     (.common:num_PPM_Channels)

.sysmem    0    20003568    00000600     UNINITIALIZED
                  20003568    00000008     rtsv7M4_T_le_v4SPD16_eabi.lib : memory.obj (.sysmem)
                  20003570    000005f8     --HOLE--

.data      0    20003b68    00000434     UNINITIALIZED
                  20003b68    000000f0     rtsv7M4_T_le_v4SPD16_eabi.lib : defs.obj (.data:_ftable)
                  20003c58    000000d0                                   : lowlev.obj (.data)
                  20003d28    000000b0                                   : signal.obj (.data:sigtable)
                  20003dd8    00000080                                   : xvalues.obj (.data)
                  20003e58    00000068     px4_kalman.obj (.data)
                  20003ec0    00000068     rtsv7M4_T_le_v4SPD16_eabi.lib : xfvalues.obj (.data)
                  20003f28    00000010     data_link.obj (.data)
                  20003f38    00000010     rtsv7M4_T_le_v4SPD16_eabi.lib : defs.obj (.data)
                  20003f48    0000000c     main.obj (.data)
                  20003f54    0000000c     rtsv7M4_T_le_v4SPD16_eabi.lib : memory.obj (.data)
                  20003f60    00000008     dof.obj (.data)
                  20003f68    00000008     rtsv7M4_T_le_v4SPD16_eabi.lib : _lock.obj (.data)
                  20003f70    00000008                                   : exit.obj (.data)
                  20003f78    00000008                                   : feraiseexcept.obj (.data)
                  20003f80    00000005     time_util.obj (.data)
                  20003f85    00000003     --HOLE--
                  20003f88    00000005     uartstdio.obj (.data)
                  20003f8d    00000003     --HOLE--
                  20003f90    00000004     rtsv7M4_T_le_v4SPD16_eabi.lib : errno.obj (.data)
                  20003f94    00000004                                   : fopen.obj (.data)
                  20003f98    00000004                                   : stkdepth_vars.obj (.data)


LINKER GENERATED COPY TABLES

__TI_cinit_table @ 0000df08 records: 3, size/record: 8, table size: 24
	.data: load addr=0000dda0, load size=00000146 bytes, run addr=20003b68, run size=00000434 bytes, compression=rle
	.bss: load addr=0000def8, load size=00000008 bytes, run addr=20002270, run size=000012f8 bytes, compression=zero_init
	.vtable: load addr=0000df00, load size=00000008 bytes, run addr=20000000, run size=0000026c bytes, compression=zero_init


LINKER GENERATED HANDLER TABLE

__TI_handler_table @ 0000dee8 records: 3, size/record: 4, table size: 12
	index: 0, handler: __TI_zero_init
	index: 1, handler: __TI_decompress_rle24
	index: 2, handler: __TI_decompress_none


GLOBAL SYMBOLS: SORTED ALPHABETICALLY BY Name 

address    name
--------   ----
0000cd59   C$$EXIT
0000c8c3   C$$IO$$
00005f17   ConfigureUART
0000ce25   EEPROMInit
0000be39   EEPROMProgram
0000d011   EEPROMRead
0000d521   FPUEnable
0000d531   FPULazyStackingEnable
0000d295   GPIODirModeSet
0000d5ff   GPIOIntClear
0000d58b   GPIOIntEnable
0000d361   GPIOIntRegister
0000d561   GPIOIntStatus
0000ca6b   GPIOIntTypeSet
0000b931   GPIOPadConfigSet
0000cbf5   GPIOPinConfigure
0000d605   GPIOPinRead
0000d4a1   GPIOPinTypeGPIOInput
0000d379   GPIOPinTypeGPIOOutput
0000d4b3   GPIOPinTypeI2C
0000d4c5   GPIOPinTypeI2CSCL
0000d4d7   GPIOPinTypeUART
0000d60b   GPIOPinWrite
0000a715   HOSTclock
0000a6dd   HOSTclose
0000a69f   HOSTgetenv
0000a643   HOSTlseek
0000a5f1   HOSTopen
0000a5a5   HOSTread
0000a547   HOSTrename
0000a50d   HOSTtime
0000a4d5   HOSTunlink
0000a489   HOSTwrite
0000d391   I2CIntRegister
0000d623   I2CMasterControl
0000d627   I2CMasterDataGet
0000d62b   I2CMasterDataPut
0000d5a3   I2CMasterEnable
0000d421   I2CMasterErr
0000cc3d   I2CMasterInitExpClk
0000d5df   I2CMasterIntClear
0000d5e7   I2CMasterIntEnableEx
0000d5ef   I2CMasterSlaveAddrSet
20003528   I2C_Base
0000c839   IntEnable
0000d2c1   IntPrioritySet
0000d045   IntRegister
20003e58   Kqx
20003e60   Kqxdot
20003e68   Kqy
20003e88   Kqyaw
20003e90   Kqyawdot
20003e70   Kqydot
20003e78   Kqz
20003e80   Kqzdot
0000a359   MinMaxPulseThresh
0000525f   PID_XY_2ms
0000a17d   PPM_init
0000a2d7   PPM_setPulse
0000a2ff   PPM_setStickPos
0000d309   ResetISR
20003e98   Rxydot_max
20003ea0   Rxydot_min
20003eb8   Ryawdot
20003ea8   Rz_max
20003eb0   Rz_min
UNDEFED    SHT$$INIT_ARRAY$$Base
UNDEFED    SHT$$INIT_ARRAY$$Limit
0000bc6d   SysCtlClockSet
0000d611   SysCtlDelay
0000d079   SysCtlPeripheralEnable
0000d0ad   SysCtlPeripheralPresent
0000cac1   SysCtlPeripheralReset
0000c959   TimerConfigure
0000d3a9   TimerControlStall
0000d56f   TimerEnable
0000d62f   TimerIntClear
0000d5f7   TimerIntEnable
0000d3c1   TimerIntRegister
0000d5ad   TimerIntStatus
0000d4e9   TimerLoadSet
0000d5b7   TimerValueGet
0000d5c1   UARTCharGet
0000d5cb   UARTCharPut
0000d597   UARTCharsAvail
0000d617   UARTClockSourceSet
0000ce65   UARTConfigSetExpClk
0000d329   UARTDisable
0000d463   UARTEnable
0000d633   UARTIntClear
0000d5d5   UARTIntStatus
00009605   UARTStdioConfig
0000974b   UARTgetc
00009691   UARTgets
00009a6b   UARTprintf
00009771   UARTvprintf
0000964b   UARTwrite
0000dd90   Z_MAX_RETURN
0000dd98   Z_MIN_RETURN
0000d50d   _Dclass
20003dd8   _Denorm
0000befd   _Dnorm
0000ba61   _Dscale
0000cd9d   _Dtest
0000c7d5   _Dunscale
20003de8   _Eps
20003f90   _Errno
0000c1dd   _FAtan
20003ec0   _FDenorm
0000d149   _FDtest
20003ed0   _FEps
20003ee0   _FInf
20003ef0   _FNan
20003f10   _FRteps
20003f00   _FSnan
20003f20   _FXbig
20003f24   _FZero
20003f78   _Fenv
0000d1dd   _Feraise
20003df8   _Hugeval
20003e08   _Inf
20003e18   _Nan
20003e38   _Rteps
20003e28   _Snan
20003f7c   _Tls_setup__Fenv
20003e48   _Xbig
20003e50   _Zero
20003108   __CIOBUF_
20002270   __STACK_END
00002004   __STACK_SIZE
2000046c   __STACK_TOP
00000600   __SYSMEM_SIZE
0000df08   __TI_CINIT_Base
0000df20   __TI_CINIT_Limit
0000dee8   __TI_Handler_Table_Base
0000def4   __TI_Handler_Table_Limit
00000001   __TI_args_main
0000c4ed   __TI_auto_init
0000b2cd   __TI_cleanup
20003f70   __TI_cleanup_ptr
0000c3bd   __TI_closefile
0000d57d   __TI_decompress_none
0000d61d   __TI_decompress_rle24
0000bfc1   __TI_doflush
20003f74   __TI_dtors_ptr
20003f38   __TI_ft_end
00004e4b   __TI_printfi
0000c193   __TI_rd_ok
0000c8c7   __TI_readmsg
00000000   __TI_static_base__
20003328   __TI_tmpnams
0000c899   __TI_writemsg
0000c131   __TI_wrt_ok
0000d4fb   __TI_zero_init
0000c581   __aeabi_cdcmpeq
0000c581   __aeabi_cdcmple
0000c607   __aeabi_cdrcmple
0000cba9   __aeabi_d2f
0000cccd   __aeabi_d2iz
0000c9b5   __aeabi_d2ulz
0000b3cf   __aeabi_dadd
0000b6c5   __aeabi_ddiv
0000bb71   __aeabi_dmul
0000b3c5   __aeabi_dsub
0000cfa1   __aeabi_f2d
0000d20d   __aeabi_i2d
0000d3f1   __aeabi_lmul
0000c68d   __aeabi_memclr
0000c68d   __aeabi_memclr4
0000c68d   __aeabi_memclr8
0000c321   __aeabi_memcpy
0000c321   __aeabi_memcpy4
0000c321   __aeabi_memcpy8
0000c68f   __aeabi_memset
0000c68f   __aeabi_memset4
0000c68f   __aeabi_memset8
20003f44   __aeabi_stderr
20003f3c   __aeabi_stdin
20003f40   __aeabi_stdout
0000cde1   __aeabi_uidivmod
0000d269   __aeabi_ul2d
0000cfd9   __aeabi_ul2f
0000ae45   __aeabi_uldivmod
ffffffff   __binit__
ffffffff   __c_args__
00003fd5   __feedback_t_clone_array
00003aeb   __feedback_t_decode_array
00003f0f   __feedback_t_decode_array_cleanup
00003439   __feedback_t_encode_array
000038d7   __feedback_t_encoded_array_size
00003405   __feedback_t_get_hash
0000339d   __feedback_t_hash_recursive
000076c3   __position_t_clone_array
00007479   __position_t_decode_array
000075fd   __position_t_decode_array_cleanup
0000718d   __position_t_encode_array
000073a1   __position_t_encoded_array_size
0000716d   __position_t_get_hash
00007105   __position_t_hash_recursive
2000026c   __stack
00008137   __target_t_clone_array
00007eed   __target_t_decode_array
00008071   __target_t_decode_array_cleanup
00007c01   __target_t_encode_array
00007e15   __target_t_encoded_array_size
00007be1   __target_t_get_hash
00007b79   __target_t_hash_recursive
000018b1   __tuning_t_clone_array
00001127   __tuning_t_decode_array
000017eb   __tuning_t_decode_array_cleanup
0000069d   __tuning_t_encode_array
00000ddb   __tuning_t_encoded_array_size
00000669   __tuning_t_get_hash
00000601   __tuning_t_hash_recursive
0000d17f   _abort_msg
0000d3d9   _args_main
0000d199   _assert
0000cc85   _c_int00
0000d638   _ctypes_
20003b68   _ftable
20003f68   _lock
0000d17d   _nassert
0000d487   _nop
0000d47f   _register_lock
0000d479   _register_unlock
20003568   _sys_memory
20003f6c   _unlock
0000cd5d   abort
0000a0cf   add_device
0000c081   asinf
0000cb5d   atoi
00005185   automomousMode
ffffffff   binit
00009e35   calloc
0000ad03   capturePortPulse
0000a07d   close
0000545d   copyGains
0000cd15   copy_in
20003565   dataFresh
00008c91   data_frame_clear
00008a49   data_frame_create
00008c7d   data_frame_destroy
00008cc1   data_frame_push_byte
00008ea1   data_link_assemble_packet
00008f53   data_link_decode_packet
00008b61   data_link_do_stuff
00008bd3   data_link_init
00008adf   data_link_lcmlite_transmit_packet_handler
00008b39   data_link_send_feedback
00008fed   data_link_test_insert_ringbuf
00008c4d   data_link_uart_rx_isr
0000681d   dof_calc_ctrl_dt
0000687d   dof_calc_error
00006683   dof_discrete_d2xdt2
00006471   dof_discrete_dxdt
000061c9   dof_init_flags
0000618f   dof_init_limits
000061f7   dof_init_lowpass
00005fb1   dof_init_struct
00006c55   dof_rate_PID
00006095   dof_set_gains
00006377   dof_set_setpt
00006231   dof_set_state
00006b6d   dof_value_PID
000053e5   driveSwitch
0000cd65   exit
0000c423   fclose
20003f28   feedback_channel_name
00004265   feedback_t_copy
00003f37   feedback_t_decode
00003fc7   feedback_t_decode_cleanup
0000427f   feedback_t_destroy
0000385d   feedback_t_encode
00003adb   feedback_t_encoded_size
0000d115   feraiseexcept
0000c00d   fflush
0000b323   fopen
0000c70d   fprintf
0000c285   fputc
0000b7fd   fputs
00009b8f   free
0000b2f9   freopen
0000c771   fseek
20003566   g_PX4_State
20000000   g_pfnRAMVectors
00000000   g_pfnVectors
2000353c   idx_px4
0000527f   initSwitch
0000aab7   init_px4_i2c
0000ab33   initiate_PX4_transmit
000027d9   kalman_correct_xyyawdot
00002ca9   kalman_correct_z
00001d09   kalman_create
00002f95   kalman_destroy
00002125   kalman_predict
00002e53   kalman_print_graph
0000262b   kalman_process_data
00001e85   kalman_update
000083f5   lcmlite_init
00008777   lcmlite_publish
0000841d   lcmlite_receive_packet
00008759   lcmlite_subscribe
0000a059   lseek
0000ca11   ltoa
00005495   main
20003f98   main_func_sp
00009b2d   malloc
000051cf   map
00009d55   memalign
0000d345   memccpy
0000d437   memchr
0000c321   memcpy
0000c695   memset
0000b1a3   millis
00009aa1   minit
0000521f   ms2XY_rate
0000523f   ms2height
000051ad   ms2pulse
00009fab   open
00008abd   position_callback
20003f2c   position_channel_name
000077b7   position_t_copy
00007625   position_t_decode
000076b5   position_t_decode_cleanup
000077d1   position_t_destroy
00007311   position_t_encode
00007469   position_t_encoded_size
00005191   pulse2ms
200033f0   pulseIn_PortA
20003410   pulseIn_PortE
0000516d   pulseLowerThird
00005155   pulseUpperThird
0000c309   putc
0000c30d   putchar
0000b909   puts
20003470   px4
20003486   px4_buffer
20003f48   px4_can_transmit
0000ab51   px4_i2c_dataFresh
0000abb1   px4_i2c_getHeight
0000abab   px4_i2c_getTimestep
0000ab75   px4_i2c_get_flow_comp_m_x
0000ab7d   px4_i2c_get_flow_comp_m_y
0000ab5f   px4_i2c_get_frame_count
0000aba5   px4_i2c_get_gyro_range
0000ab8d   px4_i2c_get_gyro_x_rate
0000ab95   px4_i2c_get_gyro_y_rate
0000ab9d   px4_i2c_get_gyro_z_rate
0000ab65   px4_i2c_get_pixel_flow_x_sum
0000ab6d   px4_i2c_get_pixel_flow_y_sum
0000ab85   px4_i2c_get_qual
0000abb9   px4_i2c_makeDataStale
00009005   qc_create
000095f1   qc_destroy
0000901b   qc_init
000092a3   qc_runPID
00009379   qc_runRatePID
000092e9   qc_runValuePID
000093d9   qc_setDJIValues
0000923d   qc_setSetpt
000091d7   qc_setState
0000d23b   raise
00009f87   read
00005353   readSwitch
00009c4f   realloc
0000542d   recordGains
00009efd   remove
00009f5f   remove_device
00009f21   rename
0000a96b   ringbuf_clear
0000a9b3   ringbuf_destroy
0000a985   ringbuf_init
0000a8bd   ringbuf_peek
0000a809   ringbuf_pop
0000a84d   ringbuf_popMany
0000a75d   ringbuf_push
0000a79f   ringbuf_pushMany
0000a91d   ringbuf_spaceLeft
0000a945   ringbuf_unread
00005e19   sendToSerialPort
0000ac31   servoIn_attachPin
0000acc9   servoIn_detachPin
0000accb   servoIn_getPulse
0000ac09   servoIn_init
0000bd5d   setvbuf
0000cf25   signal
0000c455   snprintf
0000b57d   sqrt
0000d2e5   sqrtf
0000d44d   strchr
0000d409   strcmp
0000d551   strcpy
0000d48d   strlen
0000d1ad   strncpy
00008a79   target_callback
20003f30   target_channel_name
0000822b   target_t_copy
00008099   target_t_decode
00008129   target_t_decode_cleanup
00008245   target_t_destroy
00007d85   target_t_encode
00007edd   target_t_encoded_size
0000b039   time_init
2000354c   timerBase
0000b0f1   timestamp_now
20003228   transmit_user
00008a9b   tuning_callback
20003f34   tuning_channel_name
00001cd9   tuning_t_copy
00001813   tuning_t_decode
000018a3   tuning_t_decode_cleanup
00001cf3   tuning_t_destroy
00000d61   tuning_t_encode
00001117   tuning_t_encoded_size
00009efd   unlink
20003f80   uptime_overflow
00009e6d   write


GLOBAL SYMBOLS: SORTED BY Symbol Address 

address    name
--------   ----
00000000   __TI_static_base__
00000000   g_pfnVectors
00000001   __TI_args_main
00000600   __SYSMEM_SIZE
00000601   __tuning_t_hash_recursive
00000669   __tuning_t_get_hash
0000069d   __tuning_t_encode_array
00000d61   tuning_t_encode
00000ddb   __tuning_t_encoded_array_size
00001117   tuning_t_encoded_size
00001127   __tuning_t_decode_array
000017eb   __tuning_t_decode_array_cleanup
00001813   tuning_t_decode
000018a3   tuning_t_decode_cleanup
000018b1   __tuning_t_clone_array
00001cd9   tuning_t_copy
00001cf3   tuning_t_destroy
00001d09   kalman_create
00001e85   kalman_update
00002004   __STACK_SIZE
00002125   kalman_predict
0000262b   kalman_process_data
000027d9   kalman_correct_xyyawdot
00002ca9   kalman_correct_z
00002e53   kalman_print_graph
00002f95   kalman_destroy
0000339d   __feedback_t_hash_recursive
00003405   __feedback_t_get_hash
00003439   __feedback_t_encode_array
0000385d   feedback_t_encode
000038d7   __feedback_t_encoded_array_size
00003adb   feedback_t_encoded_size
00003aeb   __feedback_t_decode_array
00003f0f   __feedback_t_decode_array_cleanup
00003f37   feedback_t_decode
00003fc7   feedback_t_decode_cleanup
00003fd5   __feedback_t_clone_array
00004265   feedback_t_copy
0000427f   feedback_t_destroy
00004e4b   __TI_printfi
00005155   pulseUpperThird
0000516d   pulseLowerThird
00005185   automomousMode
00005191   pulse2ms
000051ad   ms2pulse
000051cf   map
0000521f   ms2XY_rate
0000523f   ms2height
0000525f   PID_XY_2ms
0000527f   initSwitch
00005353   readSwitch
000053e5   driveSwitch
0000542d   recordGains
0000545d   copyGains
00005495   main
00005e19   sendToSerialPort
00005f17   ConfigureUART
00005fb1   dof_init_struct
00006095   dof_set_gains
0000618f   dof_init_limits
000061c9   dof_init_flags
000061f7   dof_init_lowpass
00006231   dof_set_state
00006377   dof_set_setpt
00006471   dof_discrete_dxdt
00006683   dof_discrete_d2xdt2
0000681d   dof_calc_ctrl_dt
0000687d   dof_calc_error
00006b6d   dof_value_PID
00006c55   dof_rate_PID
00007105   __position_t_hash_recursive
0000716d   __position_t_get_hash
0000718d   __position_t_encode_array
00007311   position_t_encode
000073a1   __position_t_encoded_array_size
00007469   position_t_encoded_size
00007479   __position_t_decode_array
000075fd   __position_t_decode_array_cleanup
00007625   position_t_decode
000076b5   position_t_decode_cleanup
000076c3   __position_t_clone_array
000077b7   position_t_copy
000077d1   position_t_destroy
00007b79   __target_t_hash_recursive
00007be1   __target_t_get_hash
00007c01   __target_t_encode_array
00007d85   target_t_encode
00007e15   __target_t_encoded_array_size
00007edd   target_t_encoded_size
00007eed   __target_t_decode_array
00008071   __target_t_decode_array_cleanup
00008099   target_t_decode
00008129   target_t_decode_cleanup
00008137   __target_t_clone_array
0000822b   target_t_copy
00008245   target_t_destroy
000083f5   lcmlite_init
0000841d   lcmlite_receive_packet
00008759   lcmlite_subscribe
00008777   lcmlite_publish
00008a49   data_frame_create
00008a79   target_callback
00008a9b   tuning_callback
00008abd   position_callback
00008adf   data_link_lcmlite_transmit_packet_handler
00008b39   data_link_send_feedback
00008b61   data_link_do_stuff
00008bd3   data_link_init
00008c4d   data_link_uart_rx_isr
00008c7d   data_frame_destroy
00008c91   data_frame_clear
00008cc1   data_frame_push_byte
00008ea1   data_link_assemble_packet
00008f53   data_link_decode_packet
00008fed   data_link_test_insert_ringbuf
00009005   qc_create
0000901b   qc_init
000091d7   qc_setState
0000923d   qc_setSetpt
000092a3   qc_runPID
000092e9   qc_runValuePID
00009379   qc_runRatePID
000093d9   qc_setDJIValues
000095f1   qc_destroy
00009605   UARTStdioConfig
0000964b   UARTwrite
00009691   UARTgets
0000974b   UARTgetc
00009771   UARTvprintf
00009a6b   UARTprintf
00009aa1   minit
00009b2d   malloc
00009b8f   free
00009c4f   realloc
00009d55   memalign
00009e35   calloc
00009e6d   write
00009efd   remove
00009efd   unlink
00009f21   rename
00009f5f   remove_device
00009f87   read
00009fab   open
0000a059   lseek
0000a07d   close
0000a0cf   add_device
0000a17d   PPM_init
0000a2d7   PPM_setPulse
0000a2ff   PPM_setStickPos
0000a359   MinMaxPulseThresh
0000a489   HOSTwrite
0000a4d5   HOSTunlink
0000a50d   HOSTtime
0000a547   HOSTrename
0000a5a5   HOSTread
0000a5f1   HOSTopen
0000a643   HOSTlseek
0000a69f   HOSTgetenv
0000a6dd   HOSTclose
0000a715   HOSTclock
0000a75d   ringbuf_push
0000a79f   ringbuf_pushMany
0000a809   ringbuf_pop
0000a84d   ringbuf_popMany
0000a8bd   ringbuf_peek
0000a91d   ringbuf_spaceLeft
0000a945   ringbuf_unread
0000a96b   ringbuf_clear
0000a985   ringbuf_init
0000a9b3   ringbuf_destroy
0000aab7   init_px4_i2c
0000ab33   initiate_PX4_transmit
0000ab51   px4_i2c_dataFresh
0000ab5f   px4_i2c_get_frame_count
0000ab65   px4_i2c_get_pixel_flow_x_sum
0000ab6d   px4_i2c_get_pixel_flow_y_sum
0000ab75   px4_i2c_get_flow_comp_m_x
0000ab7d   px4_i2c_get_flow_comp_m_y
0000ab85   px4_i2c_get_qual
0000ab8d   px4_i2c_get_gyro_x_rate
0000ab95   px4_i2c_get_gyro_y_rate
0000ab9d   px4_i2c_get_gyro_z_rate
0000aba5   px4_i2c_get_gyro_range
0000abab   px4_i2c_getTimestep
0000abb1   px4_i2c_getHeight
0000abb9   px4_i2c_makeDataStale
0000ac09   servoIn_init
0000ac31   servoIn_attachPin
0000acc9   servoIn_detachPin
0000accb   servoIn_getPulse
0000ad03   capturePortPulse
0000ae45   __aeabi_uldivmod
0000b039   time_init
0000b0f1   timestamp_now
0000b1a3   millis
0000b2cd   __TI_cleanup
0000b2f9   freopen
0000b323   fopen
0000b3c5   __aeabi_dsub
0000b3cf   __aeabi_dadd
0000b57d   sqrt
0000b6c5   __aeabi_ddiv
0000b7fd   fputs
0000b909   puts
0000b931   GPIOPadConfigSet
0000ba61   _Dscale
0000bb71   __aeabi_dmul
0000bc6d   SysCtlClockSet
0000bd5d   setvbuf
0000be39   EEPROMProgram
0000befd   _Dnorm
0000bfc1   __TI_doflush
0000c00d   fflush
0000c081   asinf
0000c131   __TI_wrt_ok
0000c193   __TI_rd_ok
0000c1dd   _FAtan
0000c285   fputc
0000c309   putc
0000c30d   putchar
0000c321   __aeabi_memcpy
0000c321   __aeabi_memcpy4
0000c321   __aeabi_memcpy8
0000c321   memcpy
0000c3bd   __TI_closefile
0000c423   fclose
0000c455   snprintf
0000c4ed   __TI_auto_init
0000c581   __aeabi_cdcmpeq
0000c581   __aeabi_cdcmple
0000c607   __aeabi_cdrcmple
0000c68d   __aeabi_memclr
0000c68d   __aeabi_memclr4
0000c68d   __aeabi_memclr8
0000c68f   __aeabi_memset
0000c68f   __aeabi_memset4
0000c68f   __aeabi_memset8
0000c695   memset
0000c70d   fprintf
0000c771   fseek
0000c7d5   _Dunscale
0000c839   IntEnable
0000c899   __TI_writemsg
0000c8c3   C$$IO$$
0000c8c7   __TI_readmsg
0000c959   TimerConfigure
0000c9b5   __aeabi_d2ulz
0000ca11   ltoa
0000ca6b   GPIOIntTypeSet
0000cac1   SysCtlPeripheralReset
0000cb5d   atoi
0000cba9   __aeabi_d2f
0000cbf5   GPIOPinConfigure
0000cc3d   I2CMasterInitExpClk
0000cc85   _c_int00
0000cccd   __aeabi_d2iz
0000cd15   copy_in
0000cd59   C$$EXIT
0000cd5d   abort
0000cd65   exit
0000cd9d   _Dtest
0000cde1   __aeabi_uidivmod
0000ce25   EEPROMInit
0000ce65   UARTConfigSetExpClk
0000cf25   signal
0000cfa1   __aeabi_f2d
0000cfd9   __aeabi_ul2f
0000d011   EEPROMRead
0000d045   IntRegister
0000d079   SysCtlPeripheralEnable
0000d0ad   SysCtlPeripheralPresent
0000d115   feraiseexcept
0000d149   _FDtest
0000d17d   _nassert
0000d17f   _abort_msg
0000d199   _assert
0000d1ad   strncpy
0000d1dd   _Feraise
0000d20d   __aeabi_i2d
0000d23b   raise
0000d269   __aeabi_ul2d
0000d295   GPIODirModeSet
0000d2c1   IntPrioritySet
0000d2e5   sqrtf
0000d309   ResetISR
0000d329   UARTDisable
0000d345   memccpy
0000d361   GPIOIntRegister
0000d379   GPIOPinTypeGPIOOutput
0000d391   I2CIntRegister
0000d3a9   TimerControlStall
0000d3c1   TimerIntRegister
0000d3d9   _args_main
0000d3f1   __aeabi_lmul
0000d409   strcmp
0000d421   I2CMasterErr
0000d437   memchr
0000d44d   strchr
0000d463   UARTEnable
0000d479   _register_unlock
0000d47f   _register_lock
0000d487   _nop
0000d48d   strlen
0000d4a1   GPIOPinTypeGPIOInput
0000d4b3   GPIOPinTypeI2C
0000d4c5   GPIOPinTypeI2CSCL
0000d4d7   GPIOPinTypeUART
0000d4e9   TimerLoadSet
0000d4fb   __TI_zero_init
0000d50d   _Dclass
0000d521   FPUEnable
0000d531   FPULazyStackingEnable
0000d551   strcpy
0000d561   GPIOIntStatus
0000d56f   TimerEnable
0000d57d   __TI_decompress_none
0000d58b   GPIOIntEnable
0000d597   UARTCharsAvail
0000d5a3   I2CMasterEnable
0000d5ad   TimerIntStatus
0000d5b7   TimerValueGet
0000d5c1   UARTCharGet
0000d5cb   UARTCharPut
0000d5d5   UARTIntStatus
0000d5df   I2CMasterIntClear
0000d5e7   I2CMasterIntEnableEx
0000d5ef   I2CMasterSlaveAddrSet
0000d5f7   TimerIntEnable
0000d5ff   GPIOIntClear
0000d605   GPIOPinRead
0000d60b   GPIOPinWrite
0000d611   SysCtlDelay
0000d617   UARTClockSourceSet
0000d61d   __TI_decompress_rle24
0000d623   I2CMasterControl
0000d627   I2CMasterDataGet
0000d62b   I2CMasterDataPut
0000d62f   TimerIntClear
0000d633   UARTIntClear
0000d638   _ctypes_
0000dd90   Z_MAX_RETURN
0000dd98   Z_MIN_RETURN
0000dee8   __TI_Handler_Table_Base
0000def4   __TI_Handler_Table_Limit
0000df08   __TI_CINIT_Base
0000df20   __TI_CINIT_Limit
20000000   g_pfnRAMVectors
2000026c   __stack
2000046c   __STACK_TOP
20002270   __STACK_END
20003108   __CIOBUF_
20003228   transmit_user
20003328   __TI_tmpnams
200033f0   pulseIn_PortA
20003410   pulseIn_PortE
20003470   px4
20003486   px4_buffer
20003528   I2C_Base
2000353c   idx_px4
2000354c   timerBase
20003565   dataFresh
20003566   g_PX4_State
20003568   _sys_memory
20003b68   _ftable
20003dd8   _Denorm
20003de8   _Eps
20003df8   _Hugeval
20003e08   _Inf
20003e18   _Nan
20003e28   _Snan
20003e38   _Rteps
20003e48   _Xbig
20003e50   _Zero
20003e58   Kqx
20003e60   Kqxdot
20003e68   Kqy
20003e70   Kqydot
20003e78   Kqz
20003e80   Kqzdot
20003e88   Kqyaw
20003e90   Kqyawdot
20003e98   Rxydot_max
20003ea0   Rxydot_min
20003ea8   Rz_max
20003eb0   Rz_min
20003eb8   Ryawdot
20003ec0   _FDenorm
20003ed0   _FEps
20003ee0   _FInf
20003ef0   _FNan
20003f00   _FSnan
20003f10   _FRteps
20003f20   _FXbig
20003f24   _FZero
20003f28   feedback_channel_name
20003f2c   position_channel_name
20003f30   target_channel_name
20003f34   tuning_channel_name
20003f38   __TI_ft_end
20003f3c   __aeabi_stdin
20003f40   __aeabi_stdout
20003f44   __aeabi_stderr
20003f48   px4_can_transmit
20003f68   _lock
20003f6c   _unlock
20003f70   __TI_cleanup_ptr
20003f74   __TI_dtors_ptr
20003f78   _Fenv
20003f7c   _Tls_setup__Fenv
20003f80   uptime_overflow
20003f90   _Errno
20003f98   main_func_sp
ffffffff   __binit__
ffffffff   __c_args__
ffffffff   binit
UNDEFED    SHT$$INIT_ARRAY$$Base
UNDEFED    SHT$$INIT_ARRAY$$Limit

[417 symbols]
