******************************************************************************
                  TI ARM Linker PC v5.1.5                      
******************************************************************************
>> Linked Thu Dec 18 21:15:57 2014

OUTPUT FILE NAME:   <maav.out>
ENTRY POINT SYMBOL: "_c_int00"  address: 000079c9


MEMORY CONFIGURATION

         name            origin    length      used     unused   attr    fill
----------------------  --------  ---------  --------  --------  ----  --------
  FLASH                 00000000   00040000  00008b90  00037470  R  X
  SRAM                  20000000   00008000  00001d78  00006288  RW X


SEGMENT ALLOCATION MAP

run origin  load origin   length   init length attrs members
----------  ----------- ---------- ----------- ----- -------
00000000    00000000    00008b90   00008b90    r-x
  00000000    00000000    0000026c   0000026c    r-- .intvecs
  0000026c    0000026c    000080f4   000080f4    r-x .text
  00008360    00008360    000006c8   000006c8    r-- .const
  00008a28    00008a28    00000168   00000168    r-- .cinit
20000000    20000000    00001d7c   00000000    rw-
  20000000    20000000    0000026c   00000000    rw- .vtable
  2000026c    2000026c    00001000   00000000    rw- .stack
  20001270    20001270    00000420   00000000    rw- .data
  20001690    20001690    00000400   00000000    rw- .sysmem
  20001a90    20001a90    000002ec   00000000    rw- .bss


SECTION ALLOCATION MAP

 output                                  attributes/
section   page    origin      length       input sections
--------  ----  ----------  ----------   ----------------
.intvecs   0    00000000    0000026c     
                  00000000    0000026c     tm4c123gh6pm_startup_ccs.obj (.intvecs)

.init_array 
*          0    00000000    00000000     UNINITIALIZED

.text      0    0000026c    000080f4     
                  0000026c    00001300     px4_kalman.obj (.text)
                  0000156c    00000ec0     rtsv7M4_T_le_v4SPD16_eabi.lib : _printfi.obj (.text)
                  0000242c    00000dc0     dof.obj (.text)
                  000031ec    000008f8     main.obj (.text)
                  00003ae4    00000600     quad_ctrl.obj (.text)
                  000040e4    000004c8     utility.obj (.text)
                  000045ac    0000049c     uartstdio.obj (.text)
                  00004a48    000003cc     rtsv7M4_T_le_v4SPD16_eabi.lib : memory.obj (.text)
                  00004e14    00000310                                   : lowlev.obj (.text)
                  00005124    0000030c     PPM.obj (.text)
                  00005430    000002d4     rtsv7M4_T_le_v4SPD16_eabi.lib : trgdrv.obj (.text)
                  00005704    00000248     px4_i2c.obj (.text)
                  0000594c    0000023c     servoIn.obj (.text)
                  00005b88    000001f4     rtsv7M4_T_le_v4SPD16_eabi.lib : ull_div_t2.obj (.text)
                  00005d7c    000001cc     time_util.obj (.text)
                  00005f48    000001c0     rtsv7M4_T_le_v4SPD16_eabi.lib : fopen.obj (.text)
                  00006108    000001b6                                   : fd_add_t2.obj (.text)
                  000062be    00000002     --HOLE-- [fill = 0]
                  000062c0    00000148                                   : sqrt.obj (.text)
                  00006408    00000136                                   : fd_div_t2.obj (.text)
                  0000653e    00000002     --HOLE-- [fill = 0]
                  00006540    00000134                                   : fputs.obj (.text)
                  00006674    00000130     driverlib.lib : gpio.obj (.text:GPIOPadConfigSet)
                  000067a4    00000110     rtsv7M4_T_le_v4SPD16_eabi.lib : xdscale.obj (.text)
                  000068b4    000000fc                                   : fd_mul_t2.obj (.text)
                  000069b0    000000f0     driverlib.lib : sysctl.obj (.text:SysCtlClockSet)
                  00006aa0    000000dc     rtsv7M4_T_le_v4SPD16_eabi.lib : setvbuf.obj (.text)
                  00006b7c    000000c4     driverlib.lib : eeprom.obj (.text:EEPROMProgram)
                  00006c40    000000c4     rtsv7M4_T_le_v4SPD16_eabi.lib : xdnorm.obj (.text)
                  00006d04    000000c0                                   : fflush.obj (.text)
                  00006dc4    000000b0                                   : asinf.obj (.text)
                  00006e74    000000ac                                   : _io_perm.obj (.text)
                  00006f20    000000a8                                   : xfatan.obj (.text)
                  00006fc8    0000009c                                   : fputc.obj (.text)
                  00007064    0000009c                                   : memcpy_t2.obj (.text)
                  00007100    00000098                                   : fclose.obj (.text)
                  00007198    00000098                                   : snprintf.obj (.text)
                  00007230    00000094                                   : auto_init.obj (.text)
                  000072c4    00000086                                   : fd_cmp_t2.obj (.text:__aeabi_cdcmple)
                  0000734a    00000086                                   : fd_cmp_t2.obj (.text:__aeabi_cdrcmple)
                  000073d0    00000078                                   : memset_t2.obj (.text)
                  00007448    0000006c                                   : fprintf.obj (.text)
                  000074b4    00000064                                   : fseek.obj (.text)
                  00007518    00000064                                   : xdunscal.obj (.text)
                  0000757c    00000060     driverlib.lib : interrupt.obj (.text:IntEnable)
                  000075dc    00000060     rtsv7M4_T_le_v4SPD16_eabi.lib : trgmsg.obj (.text)
                  0000763c    0000005e                                   : copy_decompress_rle.obj (.text)
                  0000769a    00000002     --HOLE-- [fill = 0]
                  0000769c    0000005c     driverlib.lib : timer.obj (.text:TimerConfigure)
                  000076f8    0000005c     rtsv7M4_T_le_v4SPD16_eabi.lib : fd_toull_t2.obj (.text)
                  00007754    0000005a                                   : ltoa.obj (.text)
                  000077ae    00000056     driverlib.lib : gpio.obj (.text:GPIOIntTypeSet)
                  00007804    00000050                   : sysctl.obj (.text:SysCtlPeripheralReset)
                  00007854    0000004c                   : timer.obj (.text:_TimerIntNumberGet)
                  000078a0    0000004c     rtsv7M4_T_le_v4SPD16_eabi.lib : atoi.obj (.text)
                  000078ec    0000004a                                   : fd_tos_t2.obj (.text)
                  00007936    00000002     --HOLE-- [fill = 0]
                  00007938    00000048     driverlib.lib : gpio.obj (.text:GPIOPinConfigure)
                  00007980    00000048                   : i2c.obj (.text:I2CMasterInitExpClk)
                  000079c8    00000048     rtsv7M4_T_le_v4SPD16_eabi.lib : boot.obj (.text)
                  00007a10    00000048                                   : fd_toi_t2.obj (.text)
                  00007a58    00000044                                   : cpy_tbl.obj (.text)
                  00007a9c    00000044                                   : exit.obj (.text)
                  00007ae0    00000044                                   : xdtest.obj (.text)
                  00007b24    00000042                                   : u_divt2.obj (.text)
                  00007b66    00000002     --HOLE-- [fill = 0]
                  00007b68    00000040     driverlib.lib : eeprom.obj (.text:EEPROMInit)
                  00007ba8    00000040                   : uart.obj (.text:UARTConfigSetExpClk)
                  00007be8    00000040                   : gpio.obj (.text:_GPIOIntNumberGet)
                  00007c28    00000040                   : i2c.obj (.text:_I2CIntNumberGet)
                  00007c68    00000040     rtsv7M4_T_le_v4SPD16_eabi.lib : signal.obj (.text)
                  00007ca8    0000003c     driverlib.lib : eeprom.obj (.text:_EEPROMSectorMaskSet)
                  00007ce4    00000038     rtsv7M4_T_le_v4SPD16_eabi.lib : fs_tod_t2.obj (.text)
                  00007d1c    00000036                                   : ull_tofs_t2.obj (.text)
                  00007d52    00000002     --HOLE-- [fill = 0]
                  00007d54    00000034     driverlib.lib : eeprom.obj (.text:EEPROMRead)
                  00007d88    00000034                   : interrupt.obj (.text:IntRegister)
                  00007dbc    00000034                   : sysctl.obj (.text:SysCtlPeripheralEnable)
                  00007df0    00000034                   : sysctl.obj (.text:SysCtlPeripheralPresent)
                  00007e24    00000034                   : eeprom.obj (.text:_EEPROMSectorMaskClear)
                  00007e58    00000034     rtsv7M4_T_le_v4SPD16_eabi.lib : feraiseexcept.obj (.text)
                  00007e8c    00000034                                   : xfdtest.obj (.text)
                  00007ec0    00000030                                   : assert.obj (.text)
                  00007ef0    00000030                                   : strncpy.obj (.text)
                  00007f20    00000030                                   : xferaise.obj (.text)
                  00007f50    0000002e                                   : i_tofd_t2.obj (.text)
                  00007f7e    0000002e                                   : raise.obj (.text)
                  00007fac    0000002c                                   : ull_tofd_t2.obj (.text)
                  00007fd8    0000002a     driverlib.lib : gpio.obj (.text:GPIODirModeSet)
                  00008002    00000002     --HOLE-- [fill = 0]
                  00008004    00000024                   : interrupt.obj (.text:IntPrioritySet)
                  00008028    00000024     rtsv7M4_T_le_v4SPD16_eabi.lib : sqrtf.obj (.text)
                  0000804c    00000020     tm4c123gh6pm_startup_ccs.obj (.text)
                  0000806c    0000001c     driverlib.lib : uart.obj (.text:UARTDisable)
                  00008088    0000001c     rtsv7M4_T_le_v4SPD16_eabi.lib : memccpy.obj (.text)
                  000080a4    00000018     driverlib.lib : gpio.obj (.text:GPIOIntRegister)
                  000080bc    00000018                   : gpio.obj (.text:GPIOPinTypeGPIOOutput)
                  000080d4    00000018                   : i2c.obj (.text:I2CIntRegister)
                  000080ec    00000018                   : timer.obj (.text:TimerControlStall)
                  00008104    00000018                   : timer.obj (.text:TimerIntRegister)
                  0000811c    00000018     rtsv7M4_T_le_v4SPD16_eabi.lib : args_main.obj (.text)
                  00008134    00000018                                   : ll_mul_t2.obj (.text)
                  0000814c    00000018                                   : strcmp.obj (.text)
                  00008164    00000016     driverlib.lib : i2c.obj (.text:I2CMasterErr)
                  0000817a    00000016     rtsv7M4_T_le_v4SPD16_eabi.lib : memchr.obj (.text)
                  00008190    00000016                                   : strchr.obj (.text)
                  000081a6    00000014     driverlib.lib : uart.obj (.text:UARTEnable)
                  000081ba    00000002     --HOLE-- [fill = 0]
                  000081bc    00000014     rtsv7M4_T_le_v4SPD16_eabi.lib : _lock.obj (.text)
                  000081d0    00000014                                   : strlen.obj (.text)
                  000081e4    00000012     driverlib.lib : gpio.obj (.text:GPIOPinTypeGPIOInput)
                  000081f6    00000012                   : gpio.obj (.text:GPIOPinTypeI2C)
                  00008208    00000012                   : gpio.obj (.text:GPIOPinTypeI2CSCL)
                  0000821a    00000012                   : gpio.obj (.text:GPIOPinTypeUART)
                  0000822c    00000012                   : timer.obj (.text:TimerLoadSet)
                  0000823e    00000012     rtsv7M4_T_le_v4SPD16_eabi.lib : copy_zero_init.obj (.text:decompress:ZI)
                  00008250    00000012                                   : xdclass.obj (.text)
                  00008262    00000002     --HOLE-- [fill = 0]
                  00008264    00000010     driverlib.lib : fpu.obj (.text:FPUEnable)
                  00008274    00000010                   : fpu.obj (.text:FPULazyStackingEnable)
                  00008284    00000010                   : eeprom.obj (.text:_EEPROMWaitForDone)
                  00008294    00000010     rtsv7M4_T_le_v4SPD16_eabi.lib : strcpy.obj (.text)
                  000082a4    0000000e     driverlib.lib : gpio.obj (.text:GPIOIntStatus)
                  000082b2    0000000e                   : timer.obj (.text:TimerEnable)
                  000082c0    0000000e     rtsv7M4_T_le_v4SPD16_eabi.lib : copy_decompress_none.obj (.text:decompress:none)
                  000082ce    0000000c     driverlib.lib : gpio.obj (.text:GPIOIntEnable)
                  000082da    0000000a                   : i2c.obj (.text:I2CMasterEnable)
                  000082e4    0000000a                   : timer.obj (.text:TimerIntStatus)
                  000082ee    0000000a                   : timer.obj (.text:TimerValueGet)
                  000082f8    0000000a                   : uart.obj (.text:UARTCharGet)
                  00008302    0000000a                   : uart.obj (.text:UARTCharPut)
                  0000830c    00000008                   : i2c.obj (.text:I2CMasterIntClear)
                  00008314    00000008                   : i2c.obj (.text:I2CMasterIntEnableEx)
                  0000831c    00000008                   : i2c.obj (.text:I2CMasterSlaveAddrSet)
                  00008324    00000008                   : timer.obj (.text:TimerIntEnable)
                  0000832c    00000006                   : gpio.obj (.text:GPIOIntClear)
                  00008332    00000006                   : gpio.obj (.text:GPIOPinRead)
                  00008338    00000006                   : gpio.obj (.text:GPIOPinWrite)
                  0000833e    00000006                   : sysctl.obj (.text:SysCtlDelay)
                  00008344    00000006                   : uart.obj (.text:UARTClockSourceSet)
                  0000834a    00000006     rtsv7M4_T_le_v4SPD16_eabi.lib : copy_decompress_rle.obj (.text:decompress:rle24)
                  00008350    00000004     driverlib.lib : i2c.obj (.text:I2CMasterControl)
                  00008354    00000004                   : i2c.obj (.text:I2CMasterDataGet)
                  00008358    00000004                   : i2c.obj (.text:I2CMasterDataPut)
                  0000835c    00000004                   : timer.obj (.text:TimerIntClear)

.const     0    00008360    000006c8     
                  00008360    00000102     rtsv7M4_T_le_v4SPD16_eabi.lib : ctype.obj (.const:.string:_ctypes_)
                  00008462    00000002     --HOLE-- [fill = 0]
                  00008464    000000c0     driverlib.lib : gpio.obj (.const:g_ppui32GPIOIntMapBlizzard)
                  00008524    000000c0                   : gpio.obj (.const:g_ppui32GPIOIntMapSnowflake)
                  000085e4    0000009c                   : interrupt.obj (.const:g_pui32Regs)
                  00008680    00000090                   : gpio.obj (.const:g_pui32GPIOBaseAddrs)
                  00008710    00000070                   : interrupt.obj (.const)
                  00008780    00000060                   : timer.obj (.const:g_ppui32TimerIntMap)
                  000087e0    00000058     main.obj (.const)
                  00008838    00000058     quad_ctrl.obj (.const)
                  00008890    00000050     driverlib.lib : i2c.obj (.const:g_ppui32I2CIntMapSnowflake)
                  000088e0    00000040                   : timer.obj (.const:g_ppui32TimerIntMapSnowflake)
                  00008920    00000034     rtsv7M4_T_le_v4SPD16_eabi.lib : xfatan.obj (.const)
                  00008954    00000030     quad_ctrl.obj (.const:$P$T1$2)
                  00008984    00000030     quad_ctrl.obj (.const:$P$T2$3)
                  000089b4    00000030     driverlib.lib : i2c.obj (.const:g_ppui32I2CIntMap)
                  000089e4    0000001c     uartstdio.obj (.const)
                  00008a00    00000012     uartstdio.obj (.const:.string)
                  00008a12    00000004     quad_ctrl.obj (.const:.string)
                  00008a16    00000002     --HOLE-- [fill = 0]
                  00008a18    00000010     px4_kalman.obj (.const)

.cinit     0    00008a28    00000168     
                  00008a28    00000134     (.cinit..data.load) [load image, compression = rle]
                  00008b5c    0000000c     (__TI_handler_table)
                  00008b68    00000008     (.cinit..bss.load) [load image, compression = zero_init]
                  00008b70    00000008     (.cinit..vtable.load) [load image, compression = zero_init]
                  00008b78    00000018     (__TI_cinit_table)

.vtable    0    20000000    0000026c     UNINITIALIZED
                  20000000    0000026c     driverlib.lib : interrupt.obj (.vtable)

.stack     0    2000026c    00001000     UNINITIALIZED
                  2000026c    00001000     --HOLE--

.data      0    20001270    00000420     UNINITIALIZED
                  20001270    000000f0     rtsv7M4_T_le_v4SPD16_eabi.lib : defs.obj (.data:_ftable)
                  20001360    000000d0                                   : lowlev.obj (.data)
                  20001430    000000b0                                   : signal.obj (.data:sigtable)
                  200014e0    00000080                                   : xvalues.obj (.data)
                  20001560    00000068     px4_kalman.obj (.data)
                  200015c8    00000068     rtsv7M4_T_le_v4SPD16_eabi.lib : xfvalues.obj (.data)
                  20001630    00000010                                   : defs.obj (.data)
                  20001640    0000000c                                   : memory.obj (.data)
                  2000164c    00000008     dof.obj (.data)
                  20001654    00000008     rtsv7M4_T_le_v4SPD16_eabi.lib : _lock.obj (.data)
                  2000165c    00000008                                   : exit.obj (.data)
                  20001664    00000008                                   : feraiseexcept.obj (.data)
                  2000166c    00000008     utility.obj (.data)
                  20001674    00000005     time_util.obj (.data)
                  20001679    00000003     --HOLE--
                  2000167c    00000005     uartstdio.obj (.data)
                  20001681    00000003     --HOLE--
                  20001684    00000004     rtsv7M4_T_le_v4SPD16_eabi.lib : errno.obj (.data)
                  20001688    00000004                                   : fopen.obj (.data)
                  2000168c    00000004                                   : stkdepth_vars.obj (.data)

.sysmem    0    20001690    00000400     UNINITIALIZED
                  20001690    00000008     rtsv7M4_T_le_v4SPD16_eabi.lib : memory.obj (.sysmem)
                  20001698    000003f8     --HOLE--

.bss       0    20001a90    000002ec     UNINITIALIZED
                  20001a90    00000120     rtsv7M4_T_le_v4SPD16_eabi.lib : trgmsg.obj (.bss:__CIOBUF_)
                  20001bb0    000000a0                                   : defs.obj (.bss:__TI_tmpnams)
                  20001c50    00000028     PPM.obj (.bss:ui32_PPM_Arr)
                  20001c78    00000020     (.common:pulseIn_PortA)
                  20001c98    00000020     (.common:pulseIn_PortE)
                  20001cb8    00000020     (.common:riseTime$1)
                  20001cd8    00000020     (.common:riseTime$2)
                  20001cf8    00000016     (.common:px4)
                  20001d0e    00000016     (.common:px4_buffer)
                  20001d24    00000004     (.common:CENTERTHROT)
                  20001d28    00000008     (.common:frequency)
                  20001d30    00000008     (.common:parmbuf)
                  20001d38    00000008     (.common:timer_cycles_per_overflow)
                  20001d40    00000008     (.common:timer_period_us)
                  20001d48    00000004     (.common:GPIO_pinMask)
                  20001d4c    00000004     (.common:GPIO_portBase)
                  20001d50    00000004     (.common:I2C_Base)
                  20001d54    00000004     (.common:idx_px4)
                  20001d58    00000004     (.common:stickPosScale)
                  20001d5c    00000004     (.common:sysClock)
                  20001d60    00000004     (.common:timerBase)
                  20001d64    00000004     (.common:timerBase)
                  20001d68    00000004     (.common:ui32_PPM_FrameLen)
                  20001d6c    00000004     (.common:ui32_PPM_Max)
                  20001d70    00000004     (.common:ui32_PPM_Min)
                  20001d74    00000004     (.common:ui32_PPM_TimeLow)
                  20001d78    00000001     (.common:PPM_Channel)
                  20001d79    00000001     (.common:dataFresh)
                  20001d7a    00000001     (.common:g_PX4_State)
                  20001d7b    00000001     (.common:num_PPM_Channels)


LINKER GENERATED COPY TABLES

__TI_cinit_table @ 00008b78 records: 3, size/record: 8, table size: 24
	.data: load addr=00008a28, load size=00000134 bytes, run addr=20001270, run size=00000420 bytes, compression=rle
	.bss: load addr=00008b68, load size=00000008 bytes, run addr=20001a90, run size=000002ec bytes, compression=zero_init
	.vtable: load addr=00008b70, load size=00000008 bytes, run addr=20000000, run size=0000026c bytes, compression=zero_init


LINKER GENERATED HANDLER TABLE

__TI_handler_table @ 00008b5c records: 3, size/record: 4, table size: 12
	index: 0, handler: __TI_zero_init
	index: 1, handler: __TI_decompress_rle24
	index: 2, handler: __TI_decompress_none


GLOBAL SYMBOLS: SORTED ALPHABETICALLY BY Name 

address    name
--------   ----
00007a9d   C$$EXIT
00007607   C$$IO$$
000044cb   ConfigureUART
00007b69   EEPROMInit
00006b7d   EEPROMProgram
00007d55   EEPROMRead
00008265   FPUEnable
00008275   FPULazyStackingEnable
00007fd9   GPIODirModeSet
0000832d   GPIOIntClear
000082cf   GPIOIntEnable
000080a5   GPIOIntRegister
000082a5   GPIOIntStatus
000077af   GPIOIntTypeSet
00006675   GPIOPadConfigSet
00007939   GPIOPinConfigure
00008333   GPIOPinRead
000081e5   GPIOPinTypeGPIOInput
000080bd   GPIOPinTypeGPIOOutput
000081f7   GPIOPinTypeI2C
00008209   GPIOPinTypeI2CSCL
0000821b   GPIOPinTypeUART
00008339   GPIOPinWrite
000056bd   HOSTclock
00005685   HOSTclose
00005647   HOSTgetenv
000055eb   HOSTlseek
00005599   HOSTopen
0000554d   HOSTread
000054ef   HOSTrename
000054b5   HOSTtime
0000547d   HOSTunlink
00005431   HOSTwrite
000080d5   I2CIntRegister
00008351   I2CMasterControl
00008355   I2CMasterDataGet
00008359   I2CMasterDataPut
000082db   I2CMasterEnable
00008165   I2CMasterErr
00007981   I2CMasterInitExpClk
0000830d   I2CMasterIntClear
00008315   I2CMasterIntEnableEx
0000831d   I2CMasterSlaveAddrSet
20001d50   I2C_Base
0000757d   IntEnable
00008005   IntPrioritySet
00007d89   IntRegister
20001560   Kqx
20001568   Kqxdot
20001570   Kqy
20001590   Kqyaw
20001598   Kqyawdot
20001578   Kqydot
20001580   Kqz
20001588   Kqzdot
00005301   MinMaxPulseThresh
000041ef   PID_XY_2ms
00005125   PPM_init
0000527f   PPM_setPulse
000052a7   PPM_setStickPos
0000804d   ResetISR
200015a0   Rxydot_max
200015a8   Rxydot_min
200015c0   Ryawdot
200015b0   Rz_max
200015b8   Rz_min
UNDEFED    SHT$$INIT_ARRAY$$Base
UNDEFED    SHT$$INIT_ARRAY$$Limit
000069b1   SysCtlClockSet
0000833f   SysCtlDelay
00007dbd   SysCtlPeripheralEnable
00007df1   SysCtlPeripheralPresent
00007805   SysCtlPeripheralReset
0000769d   TimerConfigure
000080ed   TimerControlStall
000082b3   TimerEnable
0000835d   TimerIntClear
00008325   TimerIntEnable
00008105   TimerIntRegister
000082e5   TimerIntStatus
0000822d   TimerLoadSet
000082ef   TimerValueGet
000082f9   UARTCharGet
00008303   UARTCharPut
00008345   UARTClockSourceSet
00007ba9   UARTConfigSetExpClk
0000806d   UARTDisable
000081a7   UARTEnable
000045ad   UARTStdioConfig
000046f3   UARTgetc
00004639   UARTgets
00004a13   UARTprintf
00004719   UARTvprintf
000045f3   UARTwrite
00008a18   Z_MAX_RETURN
00008a20   Z_MIN_RETURN
00008251   _Dclass
200014e0   _Denorm
00006c41   _Dnorm
000067a5   _Dscale
00007ae1   _Dtest
00007519   _Dunscale
200014f0   _Eps
20001684   _Errno
00006f21   _FAtan
200015c8   _FDenorm
00007e8d   _FDtest
200015d8   _FEps
200015e8   _FInf
200015f8   _FNan
20001618   _FRteps
20001608   _FSnan
20001628   _FXbig
2000162c   _FZero
20001664   _Fenv
00007f21   _Feraise
20001500   _Hugeval
20001510   _Inf
20001520   _Nan
20001540   _Rteps
20001530   _Snan
20001668   _Tls_setup__Fenv
20001550   _Xbig
20001558   _Zero
20001a90   __CIOBUF_
2000126c   __STACK_END
00001000   __STACK_SIZE
2000046c   __STACK_TOP
00000400   __SYSMEM_SIZE
00008b78   __TI_CINIT_Base
00008b90   __TI_CINIT_Limit
00008b5c   __TI_Handler_Table_Base
00008b68   __TI_Handler_Table_Limit
00000001   __TI_args_main
00007231   __TI_auto_init
00006011   __TI_cleanup
2000165c   __TI_cleanup_ptr
00007101   __TI_closefile
000082c1   __TI_decompress_none
0000834b   __TI_decompress_rle24
00006d05   __TI_doflush
20001660   __TI_dtors_ptr
20001630   __TI_ft_end
00002123   __TI_printfi
00006ed7   __TI_rd_ok
0000760b   __TI_readmsg
00000000   __TI_static_base__
20001bb0   __TI_tmpnams
000075dd   __TI_writemsg
00006e75   __TI_wrt_ok
0000823f   __TI_zero_init
000072c5   __aeabi_cdcmpeq
000072c5   __aeabi_cdcmple
0000734b   __aeabi_cdrcmple
000078ed   __aeabi_d2f
00007a11   __aeabi_d2iz
000076f9   __aeabi_d2ulz
00006113   __aeabi_dadd
00006409   __aeabi_ddiv
000068b5   __aeabi_dmul
00006109   __aeabi_dsub
00007ce5   __aeabi_f2d
00007f51   __aeabi_i2d
00008135   __aeabi_lmul
000073d1   __aeabi_memclr
000073d1   __aeabi_memclr4
000073d1   __aeabi_memclr8
00007065   __aeabi_memcpy
00007065   __aeabi_memcpy4
00007065   __aeabi_memcpy8
000073d3   __aeabi_memset
000073d3   __aeabi_memset4
000073d3   __aeabi_memset8
2000163c   __aeabi_stderr
20001634   __aeabi_stdin
20001638   __aeabi_stdout
00007b25   __aeabi_uidivmod
00007fad   __aeabi_ul2d
00007d1d   __aeabi_ul2f
00005b89   __aeabi_uldivmod
ffffffff   __binit__
ffffffff   __c_args__
2000026c   __stack
00007ec3   _abort_msg
0000811d   _args_main
00007edd   _assert
000079c9   _c_int00
00008360   _ctypes_
20001270   _ftable
20001654   _lock
00007ec1   _nassert
000081cb   _nop
000081c3   _register_lock
000081bd   _register_unlock
20001690   _sys_memory
20001658   _unlock
00007aa1   abort
00005077   add_device
00006dc5   asinf
000078a1   atoi
00004115   automomousMode
ffffffff   binit
00004ddd   calloc
00005a47   capturePortPulse
00005025   close
00004531   copyGains
00007a59   copy_in
20001d79   dataFresh
00002c99   dof_calc_ctrl_dt
00002cf9   dof_calc_error
00002aff   dof_discrete_d2xdt2
000028ed   dof_discrete_dxdt
00002645   dof_init_flags
0000260b   dof_init_limits
00002673   dof_init_lowpass
0000242d   dof_init_struct
000030d1   dof_rate_PID
00002511   dof_set_gains
000027f3   dof_set_setpt
000026ad   dof_set_state
00002fe9   dof_value_PID
00004375   driveSwitch
00007aa9   exit
00007167   fclose
00007e59   feraiseexcept
00006d51   fflush
00006067   fopen
00007451   fprintf
00006fc9   fputc
00006541   fputs
00004b37   free
0000603d   freopen
000074b5   fseek
20001d7a   g_PX4_State
20000000   g_pfnRAMVectors
00000000   g_pfnVectors
20001d54   idx_px4
0000420f   initSwitch
000057fb   init_px4_i2c
00005877   initiate_PX4_transmit
00000d3d   kalman_correct_xyyawdot
0000120d   kalman_correct_z
0000026d   kalman_create
000014f9   kalman_destroy
00000689   kalman_predict
000013b7   kalman_print_graph
00000b8f   kalman_process_data
000003e9   kalman_update
00005001   lseek
00007755   ltoa
000031ed   main
2000168c   main_func_sp
00004ad5   malloc
0000415f   map
00004cfd   memalign
00008089   memccpy
0000817b   memchr
00007065   memcpy
000073d9   memset
00005ee7   millis
00004a49   minit
000041af   ms2XY_rate
000041cf   ms2height
0000413d   ms2pulse
00004f53   open
00004121   pulse2ms
20001c78   pulseIn_PortA
20001c98   pulseIn_PortE
000040fd   pulseLowerThird
000040e5   pulseUpperThird
0000704d   putc
00007051   putchar
0000664d   puts
20001cf8   px4
20001d0e   px4_buffer
00005895   px4_i2c_dataFresh
000058f5   px4_i2c_getHeight
000058ef   px4_i2c_getTimestep
000058b9   px4_i2c_get_flow_comp_m_x
000058c1   px4_i2c_get_flow_comp_m_y
000058a3   px4_i2c_get_frame_count
000058e9   px4_i2c_get_gyro_range
000058d1   px4_i2c_get_gyro_x_rate
000058d9   px4_i2c_get_gyro_y_rate
000058e1   px4_i2c_get_gyro_z_rate
000058a9   px4_i2c_get_pixel_flow_x_sum
000058b1   px4_i2c_get_pixel_flow_y_sum
000058c9   px4_i2c_get_qual
000058fd   px4_i2c_makeDataStale
00003ae5   qc_create
000040d1   qc_destroy
00003afb   qc_init
00003d83   qc_runPID
00003e59   qc_runRatePID
00003dc9   qc_runValuePID
00003eb9   qc_setDJIValues
00003d1d   qc_setSetpt
00003cb7   qc_setState
00007f7f   raise
00004f2f   read
000042e3   readSwitch
00004bf7   realloc
00004507   recordGains
00004ea5   remove
00004f07   remove_device
00004ec9   rename
000043cd   sendToSerialPort
00005975   servoIn_attachPin
00005a0d   servoIn_detachPin
00005a0f   servoIn_getPulse
0000594d   servoIn_init
00006aa1   setvbuf
00007c69   signal
00007199   snprintf
000062c1   sqrt
00008029   sqrtf
00008191   strchr
0000814d   strcmp
00008295   strcpy
000081d1   strlen
00007ef1   strncpy
00005d7d   time_init
20001d60   timerBase
00005e35   timestamp_now
00004ea5   unlink
20001674   uptime_overflow
00004e15   write


GLOBAL SYMBOLS: SORTED BY Symbol Address 

address    name
--------   ----
00000000   __TI_static_base__
00000000   g_pfnVectors
00000001   __TI_args_main
0000026d   kalman_create
000003e9   kalman_update
00000400   __SYSMEM_SIZE
00000689   kalman_predict
00000b8f   kalman_process_data
00000d3d   kalman_correct_xyyawdot
00001000   __STACK_SIZE
0000120d   kalman_correct_z
000013b7   kalman_print_graph
000014f9   kalman_destroy
00002123   __TI_printfi
0000242d   dof_init_struct
00002511   dof_set_gains
0000260b   dof_init_limits
00002645   dof_init_flags
00002673   dof_init_lowpass
000026ad   dof_set_state
000027f3   dof_set_setpt
000028ed   dof_discrete_dxdt
00002aff   dof_discrete_d2xdt2
00002c99   dof_calc_ctrl_dt
00002cf9   dof_calc_error
00002fe9   dof_value_PID
000030d1   dof_rate_PID
000031ed   main
00003ae5   qc_create
00003afb   qc_init
00003cb7   qc_setState
00003d1d   qc_setSetpt
00003d83   qc_runPID
00003dc9   qc_runValuePID
00003e59   qc_runRatePID
00003eb9   qc_setDJIValues
000040d1   qc_destroy
000040e5   pulseUpperThird
000040fd   pulseLowerThird
00004115   automomousMode
00004121   pulse2ms
0000413d   ms2pulse
0000415f   map
000041af   ms2XY_rate
000041cf   ms2height
000041ef   PID_XY_2ms
0000420f   initSwitch
000042e3   readSwitch
00004375   driveSwitch
000043cd   sendToSerialPort
000044cb   ConfigureUART
00004507   recordGains
00004531   copyGains
000045ad   UARTStdioConfig
000045f3   UARTwrite
00004639   UARTgets
000046f3   UARTgetc
00004719   UARTvprintf
00004a13   UARTprintf
00004a49   minit
00004ad5   malloc
00004b37   free
00004bf7   realloc
00004cfd   memalign
00004ddd   calloc
00004e15   write
00004ea5   remove
00004ea5   unlink
00004ec9   rename
00004f07   remove_device
00004f2f   read
00004f53   open
00005001   lseek
00005025   close
00005077   add_device
00005125   PPM_init
0000527f   PPM_setPulse
000052a7   PPM_setStickPos
00005301   MinMaxPulseThresh
00005431   HOSTwrite
0000547d   HOSTunlink
000054b5   HOSTtime
000054ef   HOSTrename
0000554d   HOSTread
00005599   HOSTopen
000055eb   HOSTlseek
00005647   HOSTgetenv
00005685   HOSTclose
000056bd   HOSTclock
000057fb   init_px4_i2c
00005877   initiate_PX4_transmit
00005895   px4_i2c_dataFresh
000058a3   px4_i2c_get_frame_count
000058a9   px4_i2c_get_pixel_flow_x_sum
000058b1   px4_i2c_get_pixel_flow_y_sum
000058b9   px4_i2c_get_flow_comp_m_x
000058c1   px4_i2c_get_flow_comp_m_y
000058c9   px4_i2c_get_qual
000058d1   px4_i2c_get_gyro_x_rate
000058d9   px4_i2c_get_gyro_y_rate
000058e1   px4_i2c_get_gyro_z_rate
000058e9   px4_i2c_get_gyro_range
000058ef   px4_i2c_getTimestep
000058f5   px4_i2c_getHeight
000058fd   px4_i2c_makeDataStale
0000594d   servoIn_init
00005975   servoIn_attachPin
00005a0d   servoIn_detachPin
00005a0f   servoIn_getPulse
00005a47   capturePortPulse
00005b89   __aeabi_uldivmod
00005d7d   time_init
00005e35   timestamp_now
00005ee7   millis
00006011   __TI_cleanup
0000603d   freopen
00006067   fopen
00006109   __aeabi_dsub
00006113   __aeabi_dadd
000062c1   sqrt
00006409   __aeabi_ddiv
00006541   fputs
0000664d   puts
00006675   GPIOPadConfigSet
000067a5   _Dscale
000068b5   __aeabi_dmul
000069b1   SysCtlClockSet
00006aa1   setvbuf
00006b7d   EEPROMProgram
00006c41   _Dnorm
00006d05   __TI_doflush
00006d51   fflush
00006dc5   asinf
00006e75   __TI_wrt_ok
00006ed7   __TI_rd_ok
00006f21   _FAtan
00006fc9   fputc
0000704d   putc
00007051   putchar
00007065   __aeabi_memcpy
00007065   __aeabi_memcpy4
00007065   __aeabi_memcpy8
00007065   memcpy
00007101   __TI_closefile
00007167   fclose
00007199   snprintf
00007231   __TI_auto_init
000072c5   __aeabi_cdcmpeq
000072c5   __aeabi_cdcmple
0000734b   __aeabi_cdrcmple
000073d1   __aeabi_memclr
000073d1   __aeabi_memclr4
000073d1   __aeabi_memclr8
000073d3   __aeabi_memset
000073d3   __aeabi_memset4
000073d3   __aeabi_memset8
000073d9   memset
00007451   fprintf
000074b5   fseek
00007519   _Dunscale
0000757d   IntEnable
000075dd   __TI_writemsg
00007607   C$$IO$$
0000760b   __TI_readmsg
0000769d   TimerConfigure
000076f9   __aeabi_d2ulz
00007755   ltoa
000077af   GPIOIntTypeSet
00007805   SysCtlPeripheralReset
000078a1   atoi
000078ed   __aeabi_d2f
00007939   GPIOPinConfigure
00007981   I2CMasterInitExpClk
000079c9   _c_int00
00007a11   __aeabi_d2iz
00007a59   copy_in
00007a9d   C$$EXIT
00007aa1   abort
00007aa9   exit
00007ae1   _Dtest
00007b25   __aeabi_uidivmod
00007b69   EEPROMInit
00007ba9   UARTConfigSetExpClk
00007c69   signal
00007ce5   __aeabi_f2d
00007d1d   __aeabi_ul2f
00007d55   EEPROMRead
00007d89   IntRegister
00007dbd   SysCtlPeripheralEnable
00007df1   SysCtlPeripheralPresent
00007e59   feraiseexcept
00007e8d   _FDtest
00007ec1   _nassert
00007ec3   _abort_msg
00007edd   _assert
00007ef1   strncpy
00007f21   _Feraise
00007f51   __aeabi_i2d
00007f7f   raise
00007fad   __aeabi_ul2d
00007fd9   GPIODirModeSet
00008005   IntPrioritySet
00008029   sqrtf
0000804d   ResetISR
0000806d   UARTDisable
00008089   memccpy
000080a5   GPIOIntRegister
000080bd   GPIOPinTypeGPIOOutput
000080d5   I2CIntRegister
000080ed   TimerControlStall
00008105   TimerIntRegister
0000811d   _args_main
00008135   __aeabi_lmul
0000814d   strcmp
00008165   I2CMasterErr
0000817b   memchr
00008191   strchr
000081a7   UARTEnable
000081bd   _register_unlock
000081c3   _register_lock
000081cb   _nop
000081d1   strlen
000081e5   GPIOPinTypeGPIOInput
000081f7   GPIOPinTypeI2C
00008209   GPIOPinTypeI2CSCL
0000821b   GPIOPinTypeUART
0000822d   TimerLoadSet
0000823f   __TI_zero_init
00008251   _Dclass
00008265   FPUEnable
00008275   FPULazyStackingEnable
00008295   strcpy
000082a5   GPIOIntStatus
000082b3   TimerEnable
000082c1   __TI_decompress_none
000082cf   GPIOIntEnable
000082db   I2CMasterEnable
000082e5   TimerIntStatus
000082ef   TimerValueGet
000082f9   UARTCharGet
00008303   UARTCharPut
0000830d   I2CMasterIntClear
00008315   I2CMasterIntEnableEx
0000831d   I2CMasterSlaveAddrSet
00008325   TimerIntEnable
0000832d   GPIOIntClear
00008333   GPIOPinRead
00008339   GPIOPinWrite
0000833f   SysCtlDelay
00008345   UARTClockSourceSet
0000834b   __TI_decompress_rle24
00008351   I2CMasterControl
00008355   I2CMasterDataGet
00008359   I2CMasterDataPut
0000835d   TimerIntClear
00008360   _ctypes_
00008a18   Z_MAX_RETURN
00008a20   Z_MIN_RETURN
00008b5c   __TI_Handler_Table_Base
00008b68   __TI_Handler_Table_Limit
00008b78   __TI_CINIT_Base
00008b90   __TI_CINIT_Limit
20000000   g_pfnRAMVectors
2000026c   __stack
2000046c   __STACK_TOP
2000126c   __STACK_END
20001270   _ftable
200014e0   _Denorm
200014f0   _Eps
20001500   _Hugeval
20001510   _Inf
20001520   _Nan
20001530   _Snan
20001540   _Rteps
20001550   _Xbig
20001558   _Zero
20001560   Kqx
20001568   Kqxdot
20001570   Kqy
20001578   Kqydot
20001580   Kqz
20001588   Kqzdot
20001590   Kqyaw
20001598   Kqyawdot
200015a0   Rxydot_max
200015a8   Rxydot_min
200015b0   Rz_max
200015b8   Rz_min
200015c0   Ryawdot
200015c8   _FDenorm
200015d8   _FEps
200015e8   _FInf
200015f8   _FNan
20001608   _FSnan
20001618   _FRteps
20001628   _FXbig
2000162c   _FZero
20001630   __TI_ft_end
20001634   __aeabi_stdin
20001638   __aeabi_stdout
2000163c   __aeabi_stderr
20001654   _lock
20001658   _unlock
2000165c   __TI_cleanup_ptr
20001660   __TI_dtors_ptr
20001664   _Fenv
20001668   _Tls_setup__Fenv
20001674   uptime_overflow
20001684   _Errno
2000168c   main_func_sp
20001690   _sys_memory
20001a90   __CIOBUF_
20001bb0   __TI_tmpnams
20001c78   pulseIn_PortA
20001c98   pulseIn_PortE
20001cf8   px4
20001d0e   px4_buffer
20001d50   I2C_Base
20001d54   idx_px4
20001d60   timerBase
20001d79   dataFresh
20001d7a   g_PX4_State
ffffffff   __binit__
ffffffff   __c_args__
ffffffff   binit
UNDEFED    SHT$$INIT_ARRAY$$Base
UNDEFED    SHT$$INIT_ARRAY$$Limit

[327 symbols]
