******************************************************************************
                  TI ARM Linker Unix v5.2.4                    
******************************************************************************
>> Linked Wed Jun 29 21:51:24 2016

OUTPUT FILE NAME:   <SdCardUnitTest.out>
ENTRY POINT SYMBOL: "_c_int00"  address: 0000586d


MEMORY CONFIGURATION

         name            origin    length      used     unused   attr    fill
----------------------  --------  ---------  --------  --------  ----  --------
  FLASH                 00000000   00040000  00005dad  0003a253  R  X
  SRAM                  20000000   00008000  0000415b  00003ea5  RW X


SEGMENT ALLOCATION MAP

run origin  load origin   length   init length attrs members
----------  ----------- ---------- ----------- ----- -------
00000000    00000000    00005db0   00005db0    r-x
  00000000    00000000    0000026c   0000026c    r-- .intvecs
  0000026c    0000026c    000059d8   000059d8    r-x .text
  00005c44    00005c44    00000101   00000101    r-- .const
  00005d48    00005d48    00000068   00000068    r-- .cinit
20000000    20000000    0000415d   00000000    rw-
  20000000    20000000    00004000   00000000    rw- .stack
  20004000    20004000    00000152   00000000    rw- .data
  20004154    20004154    00000009   00000000    rw- .bss


SECTION ALLOCATION MAP

 output                                  attributes/
section   page    origin      length       input sections
--------  ----  ----------  ----------   ----------------
.intvecs   0    00000000    0000026c     
                  00000000    0000026c     tm4c123gh6pm_startup_ccs.obj (.intvecs)

.text      0    0000026c    000059d8     
                  0000026c    00002ad2     ff.obj (.text)
                  00002d3e    00000002     --HOLE-- [fill = 0]
                  00002d40    000010ba     rtsv7M4_T_le_v4SPD16_eabi.lib : _printfi.obj (.text)
                  00003dfa    00000002     --HOLE-- [fill = 0]
                  00003dfc    000009b8     mmc-dk-tm4c123g.obj (.text)
                  000047b4    00000290     SdCard.obj (.text)
                  00004a44    000001f4     rtsv7M4_T_le_v4SPD16_eabi.lib : ull_div_t2.obj (.text)
                  00004c38    000001b6                                   : fd_add_t2.obj (.text)
                  00004dee    00000136                                   : fd_div_t2.obj (.text)
                  00004f24    00000110                                   : xdscale.obj (.text)
                  00005034    000000fc                                   : fd_mul_t2.obj (.text)
                  00005130    000000c4     main.obj (.text)
                  000051f4    000000be     rtsv7M4_T_le_v4SPD16_eabi.lib : xdnorm.obj (.text)
                  000052b2    00000002     --HOLE-- [fill = 0]
                  000052b4    0000009c     LED.obj (.text)
                  00005350    0000009c     rtsv7M4_T_le_v4SPD16_eabi.lib : memcpy_t2.obj (.text)
                  000053ec    00000094                                   : snprintf.obj (.text)
                  00005480    00000086                                   : fd_cmp_t2.obj (.text:__aeabi_cdcmple)
                  00005506    00000086                                   : fd_cmp_t2.obj (.text:__aeabi_cdrcmple)
                  0000558c    00000080     EEPROM.obj (.text)
                  0000560c    0000007a     rtsv7M4_T_le_v4SPD16_eabi.lib : memset_t2.obj (.text)
                  00005686    00000002     --HOLE-- [fill = 0]
                  00005688    0000006c                                   : autoinit.obj (.text)
                  000056f4    0000006a                                   : copy_decompress_rle.obj (.text)
                  0000575e    00000066                                   : xdunscal.obj (.text)
                  000057c4    00000056                                   : ltoa.obj (.text)
                  0000581a    00000052                                   : ldexp.obj (.text)
                  0000586c    00000050                                   : boot.obj (.text)
                  000058bc    0000004c                                   : atoi.obj (.text)
                  00005908    0000004c                                   : cpy_tbl.obj (.text)
                  00005954    00000048                                   : fd_toi_t2.obj (.text)
                  0000599c    00000044                                   : exit.obj (.text)
                  000059e0    00000040                                   : signal.obj (.text)
                  00005a20    00000038                                   : fs_tod_t2.obj (.text)
                  00005a58    00000034                                   : feraiseexcept.obj (.text)
                  00005a8c    00000030                                   : xdclass.obj (.text)
                  00005abc    00000030                                   : xferaise.obj (.text)
                  00005aec    0000002e                                   : i_tofd_t2.obj (.text)
                  00005b1a    0000002e                                   : raise.obj (.text)
                  00005b48    0000002c     Apeshit.obj (.text)
                  00005b74    0000002a     rtsv7M4_T_le_v4SPD16_eabi.lib : frexp.obj (.text)
                  00005b9e    0000001c                                   : memccpy.obj (.text)
                  00005bba    00000002     --HOLE-- [fill = 0]
                  00005bbc    00000018                                   : args_main.obj (.text)
                  00005bd4    00000016                                   : strchr.obj (.text)
                  00005bea    00000002     --HOLE-- [fill = 0]
                  00005bec    00000014                                   : _lock.obj (.text)
                  00005c00    00000014                                   : strlen.obj (.text)
                  00005c14    0000000e                                   : copy_decompress_none.obj (.text:decompress:none)
                  00005c22    0000000c                                   : copy_zero_init.obj (.text:decompress:ZI)
                  00005c2e    0000000c     tm4c123gh6pm_startup_ccs.obj (.text)
                  00005c3a    00000006     rtsv7M4_T_le_v4SPD16_eabi.lib : copy_decompress_rle.obj (.text:decompress:rle24)
                  00005c40    00000004                                   : pre_init.obj (.text)

.const     0    00005c44    00000101     
                  00005c44    00000101     rtsv7M4_T_le_v4SPD16_eabi.lib : ctype.obj (.const:.string:_ctypes_)

.cinit     0    00005d48    00000068     
                  00005d48    00000043     (.cinit..data.load) [load image, compression = rle]
                  00005d8b    00000001     --HOLE-- [fill = 0]
                  00005d8c    0000000c     (__TI_handler_table)
                  00005d98    00000008     (.cinit..bss.load) [load image, compression = zero_init]
                  00005da0    00000010     (__TI_cinit_table)

.init_array 
*          0    00000000    00000000     UNINITIALIZED

.data      0    20004000    00000152     UNINITIALIZED
                  20004000    000000b0     rtsv7M4_T_le_v4SPD16_eabi.lib : signal.obj (.data:sigtable)
                  200040b0    00000080                                   : xvalues.obj (.data)
                  20004130    00000008                                   : _lock.obj (.data)
                  20004138    00000008                                   : exit.obj (.data)
                  20004140    00000008                                   : feraiseexcept.obj (.data)
                  20004148    00000004                                   : errno.obj (.data)
                  2000414c    00000004                                   : stkdepth_vars.obj (.data)
                  20004150    00000002     mmc-dk-tm4c123g.obj (.data)

.bss       0    20004154    00000009     UNINITIALIZED
                  20004154    00000004     (.common:FatFs)
                  20004158    00000002     (.common:Fsid)
                  2000415a    00000001     (.common:CardType)
                  2000415b    00000001     (.common:Timer1)
                  2000415c    00000001     (.common:Timer2)

.stack     0    20000000    00004000     UNINITIALIZED
                  20000000    00004000     --HOLE--

.TI.persistent 
*          0    20004000    00000000     UNINITIALIZED

.TI.noinit 
*          0    20004154    00000000     UNINITIALIZED


LINKER GENERATED COPY TABLES

__TI_cinit_table @ 00005da0 records: 2, size/record: 8, table size: 16
	.data: load addr=00005d48, load size=00000043 bytes, run addr=20004000, run size=00000152 bytes, compression=rle
	.bss: load addr=00005d98, load size=00000008 bytes, run addr=20004154, run size=00000009 bytes, compression=zero_init


LINKER GENERATED HANDLER TABLE

__TI_handler_table @ 00005d8c records: 3, size/record: 4, table size: 12
	index: 0, handler: __TI_decompress_rle24
	index: 1, handler: __TI_decompress_none
	index: 2, handler: __TI_zero_init


GLOBAL SYMBOLS: SORTED ALPHABETICALLY BY Name 

address   name                         
-------   ----                         
0000599d  C$$EXIT                      
0000558d  Config_EEPROM                
000052b5  Config_LED                   
000055d1  Read_LOG_EEPROM              
000055bb  Read_PID_EEPROM              
00005c2f  ResetISR                     
UNDEFED   SHT$$INIT_ARRAY$$Base        
UNDEFED   SHT$$INIT_ARRAY$$Limit       
000052e3  Toggle_LED                   
00005327  TurnOff_LED                  
0000530f  TurnOn_LED                   
000055eb  Write_LOG_EEPROM             
000055a5  Write_PID_EEPROM             
00005a8d  _Dclass                      
200040b0  _Denorm                      
000051f5  _Dnorm                       
00004f25  _Dscale                      
0000575f  _Dunscale                    
200040c0  _Eps                         
20004148  _Errno                       
20004140  _Fenv                        
00005abd  _Feraise                     
200040d0  _Hugeval                     
200040e0  _Inf                         
200040f0  _Nan                         
20004110  _Rteps                       
20004100  _Snan                        
20004144  _Tls_setup__Fenv             
20004120  _Xbig                        
00005b49  _Z9goApeshitj                
00005b67  _Z9goApeshitv                
000048dd  _ZN6SdCard10createFileEv     
000049c7  _ZN6SdCard14createWithNameEPc
00004891  _ZN6SdCard4openEPc           
0000492f  _ZN6SdCard4readEPcj          
000049b7  _ZN6SdCard4syncEv            
00004833  _ZN6SdCard5mountEv           
00004963  _ZN6SdCard5writeEPcj         
000049a1  _ZN6SdCard7unmountEv         
00004991  _ZN6SdCard9closeFileEv       
000047b5  _ZN6SdCardC1Ev               
000047b5  _ZN6SdCardC2Ev               
20004128  _Zero                        
20004000  __STACK_END                  
00004000  __STACK_SIZE                 
20000200  __STACK_TOP                  
00005da0  __TI_CINIT_Base              
00005db0  __TI_CINIT_Limit             
00005d8c  __TI_Handler_Table_Base      
00005d98  __TI_Handler_Table_Limit     
00005689  __TI_auto_init               
20004138  __TI_cleanup_ptr             
00005c15  __TI_decompress_none         
00005c3b  __TI_decompress_rle24        
2000413c  __TI_dtors_ptr               
00003af5  __TI_printfi                 
00000000  __TI_static_base__           
00005c23  __TI_zero_init               
00005481  __aeabi_cdcmpeq              
00005481  __aeabi_cdcmple              
00005507  __aeabi_cdrcmple             
00005955  __aeabi_d2iz                 
00004c43  __aeabi_dadd                 
00004def  __aeabi_ddiv                 
00005035  __aeabi_dmul                 
00004c39  __aeabi_dsub                 
00005a21  __aeabi_f2d                  
00005aed  __aeabi_i2d                  
0000560d  __aeabi_memclr               
0000560d  __aeabi_memclr4              
0000560d  __aeabi_memclr8              
00005351  __aeabi_memcpy               
00005351  __aeabi_memcpy4              
00005351  __aeabi_memcpy8              
0000560f  __aeabi_memset               
0000560f  __aeabi_memset4              
0000560f  __aeabi_memset8              
00004a45  __aeabi_uldivmod             
ffffffff  __binit__                    
ffffffff  __c_args__                   
20000000  __stack                      
00005bbd  _args_main                   
0000586d  _c_int00                     
00005c44  _ctypes_                     
20004130  _lock                        
00005bfb  _nop                         
00005bf3  _register_lock               
00005bed  _register_unlock             
00005c41  _system_pre_init             
20004134  _unlock                      
000059a1  abort                        
000058bd  atoi                         
ffffffff  binit                        
00000525  clust2sect                   
00005909  copy_in                      
000041f9  disk_initialize              
00004559  disk_ioctl                   
000043b7  disk_read                    
0000439d  disk_status                  
0000475b  disk_timerproc               
00004467  disk_write                   
000059a9  exit                         
00002adb  f_chmod                      
00002169  f_close                      
00002473  f_closedir                   
00002573  f_getfree                    
00002199  f_lseek                      
000028f5  f_mkdir                      
00001903  f_mount                      
00001981  f_open                       
000023cb  f_opendir                    
00001b9d  f_read                       
00002493  f_readdir                    
00002b6b  f_rename                     
0000251f  f_stat                       
0000206d  f_sync                       
000026d1  f_truncate                   
000027f9  f_unlink                     
00002cbb  f_utime                      
00001dd9  f_write                      
00005a59  feraiseexcept                
00005b75  frexp                        
00000000  g_pfnVectors                 
00000555  get_fat                      
0000479f  get_fattime                  
0000581b  ldexp                        
000057c5  ltoa                         
00005131  main                         
2000414c  main_func_sp                 
00005b9f  memccpy                      
00005351  memcpy                       
00005615  memset                       
0000068f  put_fat                      
00005b1b  raise                        
000059e1  signal                       
000053ed  snprintf                     
00005bd5  strchr                       
00005c01  strlen                       


GLOBAL SYMBOLS: SORTED BY Symbol Address 

address   name                         
-------   ----                         
00000000  __TI_static_base__           
00000000  g_pfnVectors                 
00000525  clust2sect                   
00000555  get_fat                      
0000068f  put_fat                      
00001903  f_mount                      
00001981  f_open                       
00001b9d  f_read                       
00001dd9  f_write                      
0000206d  f_sync                       
00002169  f_close                      
00002199  f_lseek                      
000023cb  f_opendir                    
00002473  f_closedir                   
00002493  f_readdir                    
0000251f  f_stat                       
00002573  f_getfree                    
000026d1  f_truncate                   
000027f9  f_unlink                     
000028f5  f_mkdir                      
00002adb  f_chmod                      
00002b6b  f_rename                     
00002cbb  f_utime                      
00003af5  __TI_printfi                 
00004000  __STACK_SIZE                 
000041f9  disk_initialize              
0000439d  disk_status                  
000043b7  disk_read                    
00004467  disk_write                   
00004559  disk_ioctl                   
0000475b  disk_timerproc               
0000479f  get_fattime                  
000047b5  _ZN6SdCardC1Ev               
000047b5  _ZN6SdCardC2Ev               
00004833  _ZN6SdCard5mountEv           
00004891  _ZN6SdCard4openEPc           
000048dd  _ZN6SdCard10createFileEv     
0000492f  _ZN6SdCard4readEPcj          
00004963  _ZN6SdCard5writeEPcj         
00004991  _ZN6SdCard9closeFileEv       
000049a1  _ZN6SdCard7unmountEv         
000049b7  _ZN6SdCard4syncEv            
000049c7  _ZN6SdCard14createWithNameEPc
00004a45  __aeabi_uldivmod             
00004c39  __aeabi_dsub                 
00004c43  __aeabi_dadd                 
00004def  __aeabi_ddiv                 
00004f25  _Dscale                      
00005035  __aeabi_dmul                 
00005131  main                         
000051f5  _Dnorm                       
000052b5  Config_LED                   
000052e3  Toggle_LED                   
0000530f  TurnOn_LED                   
00005327  TurnOff_LED                  
00005351  __aeabi_memcpy               
00005351  __aeabi_memcpy4              
00005351  __aeabi_memcpy8              
00005351  memcpy                       
000053ed  snprintf                     
00005481  __aeabi_cdcmpeq              
00005481  __aeabi_cdcmple              
00005507  __aeabi_cdrcmple             
0000558d  Config_EEPROM                
000055a5  Write_PID_EEPROM             
000055bb  Read_PID_EEPROM              
000055d1  Read_LOG_EEPROM              
000055eb  Write_LOG_EEPROM             
0000560d  __aeabi_memclr               
0000560d  __aeabi_memclr4              
0000560d  __aeabi_memclr8              
0000560f  __aeabi_memset               
0000560f  __aeabi_memset4              
0000560f  __aeabi_memset8              
00005615  memset                       
00005689  __TI_auto_init               
0000575f  _Dunscale                    
000057c5  ltoa                         
0000581b  ldexp                        
0000586d  _c_int00                     
000058bd  atoi                         
00005909  copy_in                      
00005955  __aeabi_d2iz                 
0000599d  C$$EXIT                      
000059a1  abort                        
000059a9  exit                         
000059e1  signal                       
00005a21  __aeabi_f2d                  
00005a59  feraiseexcept                
00005a8d  _Dclass                      
00005abd  _Feraise                     
00005aed  __aeabi_i2d                  
00005b1b  raise                        
00005b49  _Z9goApeshitj                
00005b67  _Z9goApeshitv                
00005b75  frexp                        
00005b9f  memccpy                      
00005bbd  _args_main                   
00005bd5  strchr                       
00005bed  _register_unlock             
00005bf3  _register_lock               
00005bfb  _nop                         
00005c01  strlen                       
00005c15  __TI_decompress_none         
00005c23  __TI_zero_init               
00005c2f  ResetISR                     
00005c3b  __TI_decompress_rle24        
00005c41  _system_pre_init             
00005c44  _ctypes_                     
00005d8c  __TI_Handler_Table_Base      
00005d98  __TI_Handler_Table_Limit     
00005da0  __TI_CINIT_Base              
00005db0  __TI_CINIT_Limit             
20000000  __stack                      
20000200  __STACK_TOP                  
20004000  __STACK_END                  
200040b0  _Denorm                      
200040c0  _Eps                         
200040d0  _Hugeval                     
200040e0  _Inf                         
200040f0  _Nan                         
20004100  _Snan                        
20004110  _Rteps                       
20004120  _Xbig                        
20004128  _Zero                        
20004130  _lock                        
20004134  _unlock                      
20004138  __TI_cleanup_ptr             
2000413c  __TI_dtors_ptr               
20004140  _Fenv                        
20004144  _Tls_setup__Fenv             
20004148  _Errno                       
2000414c  main_func_sp                 
ffffffff  __binit__                    
ffffffff  __c_args__                   
ffffffff  binit                        
UNDEFED   SHT$$INIT_ARRAY$$Base        
UNDEFED   SHT$$INIT_ARRAY$$Limit       

[138 symbols]
