******************************************************************************
                  TI ARM Linker PC v5.1.6                      
******************************************************************************
>> Linked Thu Nov 13 19:37:40 2014

OUTPUT FILE NAME:   <CommsDev.out>
ENTRY POINT SYMBOL: "_c_int00"  address: 000041e9


MEMORY CONFIGURATION

         name            origin    length      used     unused   attr    fill
----------------------  --------  ---------  --------  --------  ----  --------
  FLASH                 00000000   00040000  0000461d  0003b9e3  R  X
  SRAM                  20000000   00008000  0000142c  00006bd4  RW X


SEGMENT ALLOCATION MAP

run origin  load origin   length   init length attrs members
----------  ----------- ---------- ----------- ----- -------
00000000    00000000    00004620   00004620    r-x
  00000000    00000000    0000026c   0000026c    r-- .intvecs
  0000026c    0000026c    000041fa   000041fa    r-x .text
  00004468    00004468    00000177   00000177    r-- .const
  000045e0    000045e0    00000040   00000040    r-- .cinit
20000000    20000000    0000142c   00000000    rw-
  20000000    20000000    00001000   00000000    rw- .stack
  20001000    20001000    00000400   00000000    rw- .sysmem
  20001400    20001400    00000020   00000000    rw- .data
  20001420    20001420    0000000c   00000000    rw- .bss


SECTION ALLOCATION MAP

 output                                  attributes/
section   page    origin      length       input sections
--------  ----  ----------  ----------   ----------------
.intvecs   0    00000000    0000026c     
                  00000000    0000026c     tm4c123gh6pm_startup_ccs.obj (.intvecs)

.init_array 
*          0    00000000    00000000     UNINITIALIZED

.text      0    0000026c    000041fa     
                  0000026c    00002a60     messaging.obj (.text)
                  00002ccc    00000974     main.obj (.text)
                  00003640    000003cc     rtsv7M4_T_le_v4SPD16_eabi.lib : memory.obj (.text)
                  00003a0c    0000026a     ringbuf.obj (.text)
                  00003c76    00000130     driverlib.lib : gpio.obj (.text:GPIOPadConfigSet)
                  00003da6    00000002     --HOLE-- [fill = 0]
                  00003da8    00000118                   : sysctl.obj (.text:SysCtlClockGet)
                  00003ec0    000000f0                   : sysctl.obj (.text:SysCtlClockSet)
                  00003fb0    0000009c     rtsv7M4_T_le_v4SPD16_eabi.lib : memcpy_t2.obj (.text)
                  0000404c    00000094                                   : auto_init.obj (.text)
                  000040e0    00000060     driverlib.lib : interrupt.obj (.text:IntEnable)
                  00004140    0000005e     rtsv7M4_T_le_v4SPD16_eabi.lib : copy_decompress_rle.obj (.text)
                  0000419e    00000002     --HOLE-- [fill = 0]
                  000041a0    00000048     driverlib.lib : gpio.obj (.text:GPIOPinConfigure)
                  000041e8    00000048     rtsv7M4_T_le_v4SPD16_eabi.lib : boot.obj (.text)
                  00004230    00000044                                   : cpy_tbl.obj (.text)
                  00004274    00000044                                   : exit.obj (.text)
                  000042b8    00000040     driverlib.lib : uart.obj (.text:UARTConfigSetExpClk)
                  000042f8    00000034                   : sysctl.obj (.text:SysCtlPeripheralEnable)
                  0000432c    0000002a                   : gpio.obj (.text:GPIODirModeSet)
                  00004356    0000001e     rtsv7M4_T_le_v4SPD16_eabi.lib : ll_lsl_t2.obj (.text)
                  00004374    0000001c     driverlib.lib : uart.obj (.text:UARTDisable)
                  00004390    00000018     rtsv7M4_T_le_v4SPD16_eabi.lib : args_main.obj (.text)
                  000043a8    00000014     driverlib.lib : uart.obj (.text:UARTEnable)
                  000043bc    00000014     rtsv7M4_T_le_v4SPD16_eabi.lib : _lock.obj (.text)
                  000043d0    00000012     driverlib.lib : gpio.obj (.text:GPIOPinTypeUART)
                  000043e2    00000012     rtsv7M4_T_le_v4SPD16_eabi.lib : copy_zero_init.obj (.text:decompress:ZI)
                  000043f4    0000000e                                   : copy_decompress_none.obj (.text:decompress:none)
                  00004402    0000000c     driverlib.lib : cpu.obj (.text:CPUcpsie)
                  0000440e    0000000c                   : uart.obj (.text:UARTCharsAvail)
                  0000441a    0000000c     tm4c123gh6pm_startup_ccs.obj (.text)
                  00004426    0000000a     driverlib.lib : interrupt.obj (.text:IntMasterEnable)
                  00004430    0000000a                   : uart.obj (.text:UARTCharGet)
                  0000443a    0000000a                   : uart.obj (.text:UARTCharPut)
                  00004444    0000000a                   : uart.obj (.text:UARTIntStatus)
                  0000444e    00000008                   : uart.obj (.text:UARTIntEnable)
                  00004456    00000006                   : sysctl.obj (.text:SysCtlDelay)
                  0000445c    00000006     rtsv7M4_T_le_v4SPD16_eabi.lib : copy_decompress_rle.obj (.text:decompress:rle24)
                  00004462    00000004     driverlib.lib : uart.obj (.text:UARTIntClear)

.const     0    00004468    00000177     
                  00004468    00000090     driverlib.lib : gpio.obj (.const:g_pui32GPIOBaseAddrs)
                  000044f8    00000070                   : interrupt.obj (.const)
                  00004568    0000006c                   : sysctl.obj (.const:g_pui32Xtals)
                  000045d4    0000000b     main.obj (.const:.string)

.cinit     0    000045e0    00000040     
                  000045e0    0000001b     (.cinit..data.load) [load image, compression = rle]
                  000045fb    00000001     --HOLE-- [fill = 0]
                  000045fc    0000000c     (__TI_handler_table)
                  00004608    00000008     (.cinit..bss.load) [load image, compression = zero_init]
                  00004610    00000010     (__TI_cinit_table)

.stack     0    20000000    00001000     UNINITIALIZED
                  20000000    00001000     --HOLE--

.sysmem    0    20001000    00000400     UNINITIALIZED
                  20001000    00000008     rtsv7M4_T_le_v4SPD16_eabi.lib : memory.obj (.sysmem)
                  20001008    000003f8     --HOLE--

.data      0    20001400    00000020     UNINITIALIZED
                  20001400    0000000c     rtsv7M4_T_le_v4SPD16_eabi.lib : memory.obj (.data)
                  2000140c    00000008                                   : _lock.obj (.data)
                  20001414    00000008                                   : exit.obj (.data)
                  2000141c    00000004                                   : stkdepth_vars.obj (.data)

.bss       0    20001420    0000000c     UNINITIALIZED
                  20001420    00000004     (.common:pRingBuf)
                  20001424    00000004     (.common:pmessagedata)
                  20001428    00000004     (.common:pui8PeekBuffer)


LINKER GENERATED COPY TABLES

__TI_cinit_table @ 00004610 records: 2, size/record: 8, table size: 16
	.data: load addr=000045e0, load size=0000001b bytes, run addr=20001400, run size=00000020 bytes, compression=rle
	.bss: load addr=00004608, load size=00000008 bytes, run addr=20001420, run size=0000000c bytes, compression=zero_init


LINKER GENERATED HANDLER TABLE

__TI_handler_table @ 000045fc records: 3, size/record: 4, table size: 12
	index: 0, handler: __TI_decompress_rle24
	index: 1, handler: __TI_decompress_none
	index: 2, handler: __TI_zero_init


GLOBAL SYMBOLS: SORTED ALPHABETICALLY BY Name 

address    name
--------   ----
00004275   C$$EXIT
00004403   CPUcpsie
0000432d   GPIODirModeSet
00003c77   GPIOPadConfigSet
000041a1   GPIOPinConfigure
000043d1   GPIOPinTypeUART
000040e1   IntEnable
00004427   IntMasterEnable
00000a03   Message_can_read_delimited_from
00000a51   Message_get_delimited_size
00002755   MessagingInit
00002c25   MessagingUARTRxIntHAndler
00002781   ReadAll
0000441b   ResetISR
UNDEFED    SHT$$INIT_ARRAY$$Base
UNDEFED    SHT$$INIT_ARRAY$$Limit
00003da9   SysCtlClockGet
00003ec1   SysCtlClockSet
00004457   SysCtlDelay
000042f9   SysCtlPeripheralEnable
00004431   UARTCharGet
0000443b   UARTCharPut
0000440f   UARTCharsAvail
000042b9   UARTConfigSetExpClk
00004375   UARTDisable
000043a9   UARTEnable
00004463   UARTIntClear
0000444f   UARTIntEnable
00004445   UARTIntStatus
20001000   __STACK_END
00001000   __STACK_SIZE
20000200   __STACK_TOP
00000400   __SYSMEM_SIZE
00004610   __TI_CINIT_Base
00004620   __TI_CINIT_Limit
000045fc   __TI_Handler_Table_Base
00004608   __TI_Handler_Table_Limit
00000001   __TI_args_main
0000404d   __TI_auto_init
20001414   __TI_cleanup_ptr
000043f5   __TI_decompress_none
0000445d   __TI_decompress_rle24
20001418   __TI_dtors_ptr
00000000   __TI_static_base__
000043e3   __TI_zero_init
00004357   __aeabi_llsl
00003fb1   __aeabi_memcpy
00003fb1   __aeabi_memcpy4
00003fb1   __aeabi_memcpy8
ffffffff   __binit__
ffffffff   __c_args__
20000000   __stack
00004391   _args_main
000041e9   _c_int00
2000140c   _lock
0000026d   _memcmp
000002c1   _memset
000043cb   _nop
000043c3   _register_lock
000043bd   _register_unlock
20001000   _sys_memory
20001410   _unlock
00004279   abort
ffffffff   binit
000039d5   calloc
0000095f   can_read_raw_varint32
000009b1   can_read_raw_varint64
00002ccd   copyIntegerToBuffer
00002d2d   copyStringToBuffer
00004231   copy_in
00000573   decode_zig_zag32
0000058b   decode_zig_zag64
0000053b   encode_zig_zag32
0000054f   encode_zig_zag64
00004281   exit
00001e53   feedback_clear
00001e63   feedback_init_optional_attributes
00001ec7   feedback_is_default_message
000023c1   feedback_read
0000264d   feedback_read_delimited_from
00001fed   feedback_write
00002353   feedback_write_delimited_to
00002323   feedback_write_with_tag
0000372f   free
00000000   g_pfnVectors
0000267f   initMessageDataStruct
00002d6d   main
2000141c   main_func_sp
000036cd   malloc
000038f5   memalign
00003fb1   memcpy
00003641   minit
20001420   pRingBuf
20001424   pmessagedata
00000df9   pose_clear
00000e09   pose_init_optional_attributes
00000e25   pose_is_default_message
00000ff9   pose_read
000010e1   pose_read_delimited_from
00000e79   pose_write
00000f85   pose_write_delimited_to
00000f55   pose_write_with_tag
20001428   pui8PeekBuffer
000005b7   read_raw_byte
000005d5   read_raw_little_endian32
00000669   read_raw_little_endian64
000007bb   read_raw_varint32
000008eb   read_raw_varint64
000037ef   realloc
00003c17   ringbuf_clear
00003c63   ringbuf_destroy
00003c31   ringbuf_init
00003b6d   ringbuf_peek
00003ab9   ringbuf_pop
00003afd   ringbuf_popMany
00003a0d   ringbuf_push
00003a4f   ringbuf_pushMany
00003bcd   ringbuf_spaceLeft
00003bf3   ringbuf_unread
00000a7d   target_clear
00000a8d   target_init_optional_attributes
00000aaf   target_is_default_message
00000cc1   target_read
00000dc7   target_read_delimited_from
00000b13   target_write
00000c4f   target_write_delimited_to
00000c1f   target_write_with_tag
00001113   tuning_clear
00001123   tuning_init_optional_attributes
000011d5   tuning_is_default_message
00001a33   tuning_read
00001e21   tuning_read_delimited_from
000013dd   tuning_write
000019c5   tuning_write_delimited_to
00001995   tuning_write_with_tag
000002f5   varint_packed_size
00000331   write_raw_byte
000004fd   write_raw_bytes
00000351   write_raw_little_endian32
0000039d   write_raw_little_endian64
00000459   write_raw_varint32
0000049b   write_raw_varint64


GLOBAL SYMBOLS: SORTED BY Symbol Address 

address    name
--------   ----
00000000   __TI_static_base__
00000000   g_pfnVectors
00000001   __TI_args_main
0000026d   _memcmp
000002c1   _memset
000002f5   varint_packed_size
00000331   write_raw_byte
00000351   write_raw_little_endian32
0000039d   write_raw_little_endian64
00000400   __SYSMEM_SIZE
00000459   write_raw_varint32
0000049b   write_raw_varint64
000004fd   write_raw_bytes
0000053b   encode_zig_zag32
0000054f   encode_zig_zag64
00000573   decode_zig_zag32
0000058b   decode_zig_zag64
000005b7   read_raw_byte
000005d5   read_raw_little_endian32
00000669   read_raw_little_endian64
000007bb   read_raw_varint32
000008eb   read_raw_varint64
0000095f   can_read_raw_varint32
000009b1   can_read_raw_varint64
00000a03   Message_can_read_delimited_from
00000a51   Message_get_delimited_size
00000a7d   target_clear
00000a8d   target_init_optional_attributes
00000aaf   target_is_default_message
00000b13   target_write
00000c1f   target_write_with_tag
00000c4f   target_write_delimited_to
00000cc1   target_read
00000dc7   target_read_delimited_from
00000df9   pose_clear
00000e09   pose_init_optional_attributes
00000e25   pose_is_default_message
00000e79   pose_write
00000f55   pose_write_with_tag
00000f85   pose_write_delimited_to
00000ff9   pose_read
00001000   __STACK_SIZE
000010e1   pose_read_delimited_from
00001113   tuning_clear
00001123   tuning_init_optional_attributes
000011d5   tuning_is_default_message
000013dd   tuning_write
00001995   tuning_write_with_tag
000019c5   tuning_write_delimited_to
00001a33   tuning_read
00001e21   tuning_read_delimited_from
00001e53   feedback_clear
00001e63   feedback_init_optional_attributes
00001ec7   feedback_is_default_message
00001fed   feedback_write
00002323   feedback_write_with_tag
00002353   feedback_write_delimited_to
000023c1   feedback_read
0000264d   feedback_read_delimited_from
0000267f   initMessageDataStruct
00002755   MessagingInit
00002781   ReadAll
00002c25   MessagingUARTRxIntHAndler
00002ccd   copyIntegerToBuffer
00002d2d   copyStringToBuffer
00002d6d   main
00003641   minit
000036cd   malloc
0000372f   free
000037ef   realloc
000038f5   memalign
000039d5   calloc
00003a0d   ringbuf_push
00003a4f   ringbuf_pushMany
00003ab9   ringbuf_pop
00003afd   ringbuf_popMany
00003b6d   ringbuf_peek
00003bcd   ringbuf_spaceLeft
00003bf3   ringbuf_unread
00003c17   ringbuf_clear
00003c31   ringbuf_init
00003c63   ringbuf_destroy
00003c77   GPIOPadConfigSet
00003da9   SysCtlClockGet
00003ec1   SysCtlClockSet
00003fb1   __aeabi_memcpy
00003fb1   __aeabi_memcpy4
00003fb1   __aeabi_memcpy8
00003fb1   memcpy
0000404d   __TI_auto_init
000040e1   IntEnable
000041a1   GPIOPinConfigure
000041e9   _c_int00
00004231   copy_in
00004275   C$$EXIT
00004279   abort
00004281   exit
000042b9   UARTConfigSetExpClk
000042f9   SysCtlPeripheralEnable
0000432d   GPIODirModeSet
00004357   __aeabi_llsl
00004375   UARTDisable
00004391   _args_main
000043a9   UARTEnable
000043bd   _register_unlock
000043c3   _register_lock
000043cb   _nop
000043d1   GPIOPinTypeUART
000043e3   __TI_zero_init
000043f5   __TI_decompress_none
00004403   CPUcpsie
0000440f   UARTCharsAvail
0000441b   ResetISR
00004427   IntMasterEnable
00004431   UARTCharGet
0000443b   UARTCharPut
00004445   UARTIntStatus
0000444f   UARTIntEnable
00004457   SysCtlDelay
0000445d   __TI_decompress_rle24
00004463   UARTIntClear
000045fc   __TI_Handler_Table_Base
00004608   __TI_Handler_Table_Limit
00004610   __TI_CINIT_Base
00004620   __TI_CINIT_Limit
20000000   __stack
20000200   __STACK_TOP
20001000   __STACK_END
20001000   _sys_memory
2000140c   _lock
20001410   _unlock
20001414   __TI_cleanup_ptr
20001418   __TI_dtors_ptr
2000141c   main_func_sp
20001420   pRingBuf
20001424   pmessagedata
20001428   pui8PeekBuffer
ffffffff   __binit__
ffffffff   __c_args__
ffffffff   binit
UNDEFED    SHT$$INIT_ARRAY$$Base
UNDEFED    SHT$$INIT_ARRAY$$Limit

[142 symbols]
