******************************************************************************
                  TI ARM Linker PC v5.1.5                      
******************************************************************************
>> Linked Mon Jul 28 22:13:12 2014

OUTPUT FILE NAME:   <maav_dji.out>
ENTRY POINT SYMBOL: "_c_int00"  address: 0000577d


MEMORY CONFIGURATION

         name            origin    length      used     unused   attr    fill
----------------------  --------  ---------  --------  --------  ----  --------
  FLASH                 00000000   00040000  00006488  00039b78  R  X
  SRAM                  20000000   00008000  00000a5a  000075a6  RW X


SEGMENT ALLOCATION MAP

run origin  load origin   length   init length attrs members
----------  ----------- ---------- ----------- ----- -------
00000000    00000000    00006488   00006488    r-x
  00000000    00000000    0000026c   0000026c    r-- .intvecs
  0000026c    0000026c    00005b9c   00005b9c    r-x .text
  00005e08    00005e08    000005a0   000005a0    r-- .const
  000063a8    000063a8    000000e0   000000e0    r-- .cinit
20000000    20000000    00000a60   00000000    rw-
  20000000    20000000    0000026c   00000000    rw- .vtable
  20000270    20000270    00000330   00000000    rw- .data
  200005a0    200005a0    000002b6   00000000    rw- .bss
  20000858    20000858    00000200   00000000    rw- .stack
  20000a58    20000a58    00000008   00000000    rw- .sysmem


SECTION ALLOCATION MAP

 output                                  attributes/
section   page    origin      length       input sections
--------  ----  ----------  ----------   ----------------
.intvecs   0    00000000    0000026c     
                  00000000    0000026c     tm4c123gh6pm_startup_ccs.obj (.intvecs)

.init_array 
*          0    00000000    00000000     UNINITIALIZED

.text      0    0000026c    00005b9c     
                  0000026c    00000ec0     rtsv7M4_T_le_v4SPD16_eabi.lib : _printfi.obj (.text)
                  0000112c    00000dd0     dof.obj (.text)
                  00001efc    000006e4     main.obj (.text)
                  000025e0    00000650     quad_ctrl.obj (.text)
                  00002c30    000003cc     rtsv7M4_T_le_v4SPD16_eabi.lib : memory.obj (.text)
                  00002ffc    00000310                                   : lowlev.obj (.text)
                  0000330c    0000030c     PPM.obj (.text)
                  00003618    000002d4     rtsv7M4_T_le_v4SPD16_eabi.lib : trgdrv.obj (.text)
                  000038ec    0000023c     servoIn.obj (.text)
                  00003b28    000001f4     rtsv7M4_T_le_v4SPD16_eabi.lib : ull_div_t2.obj (.text)
                  00003d1c    000001cc     time_util.obj (.text)
                  00003ee8    000001c0     rtsv7M4_T_le_v4SPD16_eabi.lib : fopen.obj (.text)
                  000040a8    000001b6                                   : fd_add_t2.obj (.text)
                  0000425e    00000002     --HOLE-- [fill = 0]
                  00004260    00000170                                   : xfsin.obj (.text)
                  000043d0    00000136                                   : fd_div_t2.obj (.text)
                  00004506    00000002     --HOLE-- [fill = 0]
                  00004508    00000134                                   : fputs.obj (.text)
                  0000463c    00000130     driverlib.lib : gpio.obj (.text:GPIOPadConfigSet)
                  0000476c    00000124     rtsv7M4_T_le_v4SPD16_eabi.lib : fmodf.obj (.text)
                  00004890    000000fc                                   : fd_mul_t2.obj (.text)
                  0000498c    000000f0     driverlib.lib : sysctl.obj (.text:SysCtlClockSet)
                  00004a7c    000000dc     rtsv7M4_T_le_v4SPD16_eabi.lib : setvbuf.obj (.text)
                  00004b58    000000c0                                   : fflush.obj (.text)
                  00004c18    000000c0                                   : xfdscale.obj (.text)
                  00004cd8    000000b0                                   : asinf.obj (.text)
                  00004d88    000000ac                                   : _io_perm.obj (.text)
                  00004e34    000000a8                                   : xfatan.obj (.text)
                  00004edc    0000009c                                   : fputc.obj (.text)
                  00004f78    0000009c                                   : memcpy_t2.obj (.text)
                  00005014    00000098                                   : fclose.obj (.text)
                  000050ac    00000094                                   : auto_init.obj (.text)
                  00005140    00000086                                   : fd_cmp_t2.obj (.text:__aeabi_cdcmple)
                  000051c6    00000086                                   : fd_cmp_t2.obj (.text:__aeabi_cdrcmple)
                  0000524c    0000007a                                   : xfdnorm.obj (.text)
                  000052c6    00000078                                   : memset_t2.obj (.text)
                  0000533e    00000002     --HOLE-- [fill = 0]
                  00005340    0000006c                                   : fprintf.obj (.text)
                  000053ac    00000064                                   : fseek.obj (.text)
                  00005410    00000060     driverlib.lib : interrupt.obj (.text:IntEnable)
                  00005470    00000060     rtsv7M4_T_le_v4SPD16_eabi.lib : trgmsg.obj (.text)
                  000054d0    0000005e                                   : copy_decompress_rle.obj (.text)
                  0000552e    00000002     --HOLE-- [fill = 0]
                  00005530    0000005c     driverlib.lib : timer.obj (.text:TimerConfigure)
                  0000558c    0000005c     rtsv7M4_T_le_v4SPD16_eabi.lib : fd_toull_t2.obj (.text)
                  000055e8    0000005a                                   : ltoa.obj (.text)
                  00005642    00000056     driverlib.lib : gpio.obj (.text:GPIOIntTypeSet)
                  00005698    0000004c                   : timer.obj (.text:_TimerIntNumberGet)
                  000056e4    0000004c     rtsv7M4_T_le_v4SPD16_eabi.lib : atoi.obj (.text)
                  00005730    0000004a                                   : fd_tos_t2.obj (.text)
                  0000577a    00000002     --HOLE-- [fill = 0]
                  0000577c    00000048                                   : boot.obj (.text)
                  000057c4    00000048                                   : fd_toi_t2.obj (.text)
                  0000580c    00000044                                   : cpy_tbl.obj (.text)
                  00005850    00000044                                   : exit.obj (.text)
                  00005894    00000044                                   : xdtest.obj (.text)
                  000058d8    00000040     driverlib.lib : gpio.obj (.text:_GPIOIntNumberGet)
                  00005918    00000040     rtsv7M4_T_le_v4SPD16_eabi.lib : signal.obj (.text)
                  00005958    00000038                                   : fs_tod_t2.obj (.text)
                  00005990    00000034     driverlib.lib : interrupt.obj (.text:IntRegister)
                  000059c4    00000034                   : sysctl.obj (.text:SysCtlPeripheralEnable)
                  000059f8    00000034     rtsv7M4_T_le_v4SPD16_eabi.lib : feraiseexcept.obj (.text)
                  00005a2c    00000034                                   : xfdtest.obj (.text)
                  00005a60    00000030                                   : assert.obj (.text)
                  00005a90    00000030                                   : strncpy.obj (.text)
                  00005ac0    00000030                                   : xferaise.obj (.text)
                  00005af0    0000002e                                   : i_tofd_t2.obj (.text)
                  00005b1e    0000002e                                   : raise.obj (.text)
                  00005b4c    0000002c                                   : ull_tofd_t2.obj (.text)
                  00005b78    0000002a     driverlib.lib : gpio.obj (.text:GPIODirModeSet)
                  00005ba2    00000002     --HOLE-- [fill = 0]
                  00005ba4    00000024                   : interrupt.obj (.text:IntPrioritySet)
                  00005bc8    00000024     rtsv7M4_T_le_v4SPD16_eabi.lib : sqrtf.obj (.text)
                  00005bec    0000001c                                   : memccpy.obj (.text)
                  00005c08    00000018     driverlib.lib : gpio.obj (.text:GPIOIntRegister)
                  00005c20    00000018                   : gpio.obj (.text:GPIOPinTypeGPIOOutput)
                  00005c38    00000018                   : timer.obj (.text:TimerControlStall)
                  00005c50    00000018                   : timer.obj (.text:TimerIntRegister)
                  00005c68    00000018     rtsv7M4_T_le_v4SPD16_eabi.lib : args_main.obj (.text)
                  00005c80    00000018                                   : ll_mul_t2.obj (.text)
                  00005c98    00000018                                   : strcmp.obj (.text)
                  00005cb0    00000016                                   : memchr.obj (.text)
                  00005cc6    00000016                                   : strchr.obj (.text)
                  00005cdc    00000014                                   : _lock.obj (.text)
                  00005cf0    00000014                                   : strlen.obj (.text)
                  00005d04    00000012     driverlib.lib : gpio.obj (.text:GPIOPinTypeGPIOInput)
                  00005d16    00000012                   : timer.obj (.text:TimerLoadSet)
                  00005d28    00000012     rtsv7M4_T_le_v4SPD16_eabi.lib : copy_zero_init.obj (.text:decompress:ZI)
                  00005d3a    00000012                                   : xdclass.obj (.text)
                  00005d4c    00000010     driverlib.lib : fpu.obj (.text:FPUEnable)
                  00005d5c    00000010                   : fpu.obj (.text:FPULazyStackingEnable)
                  00005d6c    00000010     rtsv7M4_T_le_v4SPD16_eabi.lib : strcpy.obj (.text)
                  00005d7c    0000000e     driverlib.lib : gpio.obj (.text:GPIOIntStatus)
                  00005d8a    0000000e                   : timer.obj (.text:TimerEnable)
                  00005d98    0000000e     rtsv7M4_T_le_v4SPD16_eabi.lib : copy_decompress_none.obj (.text:decompress:none)
                  00005da6    0000000c     driverlib.lib : gpio.obj (.text:GPIOIntEnable)
                  00005db2    0000000c     tm4c123gh6pm_startup_ccs.obj (.text)
                  00005dbe    0000000a     driverlib.lib : timer.obj (.text:TimerIntStatus)
                  00005dc8    0000000a                   : timer.obj (.text:TimerValueGet)
                  00005dd2    00000008                   : timer.obj (.text:TimerIntEnable)
                  00005dda    00000006                   : gpio.obj (.text:GPIOIntClear)
                  00005de0    00000006                   : gpio.obj (.text:GPIOPinRead)
                  00005de6    00000006                   : gpio.obj (.text:GPIOPinWrite)
                  00005dec    00000006                   : sysctl.obj (.text:SysCtlDelay)
                  00005df2    00000006     rtsv7M4_T_le_v4SPD16_eabi.lib : copy_decompress_rle.obj (.text:decompress:rle24)
                  00005df8    00000006                                   : cosf.obj (.text)
                  00005dfe    00000006                                   : sinf.obj (.text)
                  00005e04    00000004     driverlib.lib : timer.obj (.text:TimerIntClear)

.const     0    00005e08    000005a0     
                  00005e08    00000102     rtsv7M4_T_le_v4SPD16_eabi.lib : ctype.obj (.const:.string:_ctypes_)
                  00005f0a    00000002     --HOLE-- [fill = 0]
                  00005f0c    000000c0     driverlib.lib : gpio.obj (.const:g_ppui32GPIOIntMapBlizzard)
                  00005fcc    000000c0                   : gpio.obj (.const:g_ppui32GPIOIntMapSnowflake)
                  0000608c    0000009c                   : interrupt.obj (.const:g_pui32Regs)
                  00006128    00000070                   : interrupt.obj (.const)
                  00006198    00000060                   : timer.obj (.const:g_ppui32TimerIntMap)
                  000061f8    00000058     main.obj (.const)
                  00006250    00000058     quad_ctrl.obj (.const)
                  000062a8    00000040     driverlib.lib : timer.obj (.const:g_ppui32TimerIntMapSnowflake)
                  000062e8    00000034     rtsv7M4_T_le_v4SPD16_eabi.lib : xfatan.obj (.const)
                  0000631c    00000030     quad_ctrl.obj (.const:$P$T1$2)
                  0000634c    00000030     quad_ctrl.obj (.const:$P$T2$3)
                  0000637c    00000028     rtsv7M4_T_le_v4SPD16_eabi.lib : xfsin.obj (.const)
                  000063a4    00000004     quad_ctrl.obj (.const:.string)

.cinit     0    000063a8    000000e0     
                  000063a8    000000a7     (.cinit..data.load) [load image, compression = rle]
                  0000644f    00000001     --HOLE-- [fill = 0]
                  00006450    0000000c     (__TI_handler_table)
                  0000645c    00000004     --HOLE-- [fill = 0]
                  00006460    00000008     (.cinit..bss.load) [load image, compression = zero_init]
                  00006468    00000008     (.cinit..vtable.load) [load image, compression = zero_init]
                  00006470    00000018     (__TI_cinit_table)

.vtable    0    20000000    0000026c     UNINITIALIZED
                  20000000    0000026c     driverlib.lib : interrupt.obj (.vtable)

.data      0    20000270    00000330     UNINITIALIZED
                  20000270    000000f0     rtsv7M4_T_le_v4SPD16_eabi.lib : defs.obj (.data:_ftable)
                  20000360    000000d0                                   : lowlev.obj (.data)
                  20000430    000000b0                                   : signal.obj (.data:sigtable)
                  200004e0    00000068                                   : xfvalues.obj (.data)
                  20000548    00000010                                   : defs.obj (.data)
                  20000558    0000000c                                   : memory.obj (.data)
                  20000564    00000008     dof.obj (.data)
                  2000056c    00000008     main.obj (.data)
                  20000574    00000008     rtsv7M4_T_le_v4SPD16_eabi.lib : _lock.obj (.data)
                  2000057c    00000008                                   : exit.obj (.data)
                  20000584    00000008                                   : feraiseexcept.obj (.data)
                  2000058c    00000005     time_util.obj (.data)
                  20000591    00000003     --HOLE--
                  20000594    00000004     rtsv7M4_T_le_v4SPD16_eabi.lib : errno.obj (.data)
                  20000598    00000004                                   : fopen.obj (.data)
                  2000059c    00000004                                   : stkdepth_vars.obj (.data)

.bss       0    200005a0    000002b6     UNINITIALIZED
                  200005a0    00000120     rtsv7M4_T_le_v4SPD16_eabi.lib : trgmsg.obj (.bss:__CIOBUF_)
                  200006c0    000000a0                                   : defs.obj (.bss:__TI_tmpnams)
                  20000760    00000028     PPM.obj (.bss:ui32_PPM_Arr)
                  20000788    00000020     (.common:pulseIn_PortA)
                  200007a8    00000020     (.common:pulseIn_PortE)
                  200007c8    00000020     (.common:riseTime$1)
                  200007e8    00000020     (.common:riseTime$2)
                  20000808    00000008     (.common:frequency)
                  20000810    00000008     (.common:parmbuf)
                  20000818    00000008     (.common:timer_cycles_per_overflow)
                  20000820    00000008     (.common:timer_period_us)
                  20000828    00000004     (.common:CENTERTHROT)
                  2000082c    00000004     (.common:GPIO_pinMask)
                  20000830    00000004     (.common:GPIO_portBase)
                  20000834    00000004     (.common:stickPosScale)
                  20000838    00000004     (.common:sysClock)
                  2000083c    00000004     (.common:timerBase)
                  20000840    00000004     (.common:timerBase)
                  20000844    00000004     (.common:ui32_PPM_FrameLen)
                  20000848    00000004     (.common:ui32_PPM_Max)
                  2000084c    00000004     (.common:ui32_PPM_Min)
                  20000850    00000004     (.common:ui32_PPM_TimeLow)
                  20000854    00000001     (.common:PPM_Channel)
                  20000855    00000001     (.common:num_PPM_Channels)

.stack     0    20000858    00000200     UNINITIALIZED
                  20000858    00000200     --HOLE--

.sysmem    0    20000a58    00000008     UNINITIALIZED
                  20000a58    00000008     rtsv7M4_T_le_v4SPD16_eabi.lib : memory.obj (.sysmem)


LINKER GENERATED COPY TABLES

__TI_cinit_table @ 00006470 records: 3, size/record: 8, table size: 24
	.data: load addr=000063a8, load size=000000a7 bytes, run addr=20000270, run size=00000330 bytes, compression=rle
	.bss: load addr=00006460, load size=00000008 bytes, run addr=200005a0, run size=000002b6 bytes, compression=zero_init
	.vtable: load addr=00006468, load size=00000008 bytes, run addr=20000000, run size=0000026c bytes, compression=zero_init


LINKER GENERATED HANDLER TABLE

__TI_handler_table @ 00006450 records: 3, size/record: 4, table size: 12
	index: 0, handler: __TI_zero_init
	index: 1, handler: __TI_decompress_rle24
	index: 2, handler: __TI_decompress_none


GLOBAL SYMBOLS: SORTED ALPHABETICALLY BY Name 

address    name
--------   ----
00005851   C$$EXIT
0000549b   C$$IO$$
00005d4d   FPUEnable
00005d5d   FPULazyStackingEnable
00005b79   GPIODirModeSet
00005ddb   GPIOIntClear
00005da7   GPIOIntEnable
00005c09   GPIOIntRegister
00005d7d   GPIOIntStatus
00005643   GPIOIntTypeSet
0000463d   GPIOPadConfigSet
00005de1   GPIOPinRead
00005d05   GPIOPinTypeGPIOInput
00005c21   GPIOPinTypeGPIOOutput
00005de7   GPIOPinWrite
000038a5   HOSTclock
0000386d   HOSTclose
0000382f   HOSTgetenv
000037d3   HOSTlseek
00003781   HOSTopen
00003735   HOSTread
000036d7   HOSTrename
0000369d   HOSTtime
00003665   HOSTunlink
00003619   HOSTwrite
00005411   IntEnable
00005ba5   IntPrioritySet
00005991   IntRegister
000034e9   MinMaxPulseThresh
0000330d   PPM_init
00003467   PPM_setPulse
0000348f   PPM_setStickPos
00005db3   ResetISR
UNDEFED    SHT$$INIT_ARRAY$$Base
UNDEFED    SHT$$INIT_ARRAY$$Limit
0000498d   SysCtlClockSet
00005ded   SysCtlDelay
000059c5   SysCtlPeripheralEnable
00005531   TimerConfigure
00005c39   TimerControlStall
00005d8b   TimerEnable
00005e05   TimerIntClear
00005dd3   TimerIntEnable
00005c51   TimerIntRegister
00005dbf   TimerIntStatus
00005d17   TimerLoadSet
00005dc9   TimerValueGet
00005d3b   _Dclass
00005895   _Dtest
20000594   _Errno
00004e35   _FAtan
200004e0   _FDenorm
0000524d   _FDnorm
00004c19   _FDscale
00005a2d   _FDtest
200004f0   _FEps
20000500   _FInf
20000510   _FNan
20000530   _FRteps
00004261   _FSin
20000520   _FSnan
20000540   _FXbig
20000544   _FZero
20000584   _Fenv
00005ac1   _Feraise
20000588   _Tls_setup__Fenv
200005a0   __CIOBUF_
20000a58   __STACK_END
00000200   __STACK_SIZE
20000a58   __STACK_TOP
00000008   __SYSMEM_SIZE
00006470   __TI_CINIT_Base
00006488   __TI_CINIT_Limit
00006450   __TI_Handler_Table_Base
0000645c   __TI_Handler_Table_Limit
00000001   __TI_args_main
000050ad   __TI_auto_init
00003fb1   __TI_cleanup
2000057c   __TI_cleanup_ptr
00005015   __TI_closefile
00005d99   __TI_decompress_none
00005df3   __TI_decompress_rle24
00004b59   __TI_doflush
20000580   __TI_dtors_ptr
20000548   __TI_ft_end
00000e23   __TI_printfi
00004deb   __TI_rd_ok
0000549f   __TI_readmsg
00000000   __TI_static_base__
200006c0   __TI_tmpnams
00005471   __TI_writemsg
00004d89   __TI_wrt_ok
00005d29   __TI_zero_init
00005141   __aeabi_cdcmpeq
00005141   __aeabi_cdcmple
000051c7   __aeabi_cdrcmple
00005731   __aeabi_d2f
000057c5   __aeabi_d2iz
0000558d   __aeabi_d2ulz
000040b3   __aeabi_dadd
000043d1   __aeabi_ddiv
00004891   __aeabi_dmul
000040a9   __aeabi_dsub
00005959   __aeabi_f2d
00005af1   __aeabi_i2d
00005c81   __aeabi_lmul
000052c7   __aeabi_memclr
000052c7   __aeabi_memclr4
000052c7   __aeabi_memclr8
00004f79   __aeabi_memcpy
00004f79   __aeabi_memcpy4
00004f79   __aeabi_memcpy8
000052c9   __aeabi_memset
000052c9   __aeabi_memset4
000052c9   __aeabi_memset8
20000554   __aeabi_stderr
2000054c   __aeabi_stdin
20000550   __aeabi_stdout
00005b4d   __aeabi_ul2d
00003b29   __aeabi_uldivmod
ffffffff   __binit__
ffffffff   __c_args__
20000858   __stack
00005a63   _abort_msg
00005c69   _args_main
00005a7d   _assert
0000577d   _c_int00
00005e08   _ctypes_
20000270   _ftable
20000574   _lock
00005a61   _nassert
00005ceb   _nop
00005ce3   _register_lock
00005cdd   _register_unlock
20000a58   _sys_memory
20000578   _unlock
00005855   abort
0000325f   add_device
00004cd9   asinf
000056e5   atoi
00001f2d   automomousMode
ffffffff   binit
00002fc5   calloc
000039e7   capturePortPulse
0000320d   close
0000580d   copy_in
00005df9   cosf
000019a5   dof_calc_ctrl_dt
00001a05   dof_calc_error
00001805   dof_discrete_d2xdt2
000015ed   dof_discrete_dxdt
00001345   dof_init_flags
0000130b   dof_init_limits
00001373   dof_init_lowpass
0000112d   dof_init_struct
00001de1   dof_rate_PID
00001211   dof_set_gains
000014f3   dof_set_setpt
000013ad   dof_set_state
00001cf9   dof_value_PID
0000585d   exit
0000507b   fclose
000059f9   feraiseexcept
00004ba5   fflush
0000476d   fmodf
00004007   fopen
00005349   fprintf
00004edd   fputc
00004509   fputs
00002d1f   free
00003fdd   freopen
000053ad   fseek
20000000   g_pfnRAMVectors
00000000   g_pfnVectors
000031e9   lseek
000055e9   ltoa
00001ff9   main
2000059c   main_func_sp
00002cbd   malloc
00001f77   map
00002ee5   memalign
00005bed   memccpy
00005cb1   memchr
00004f79   memcpy
000052cf   memset
00003e87   millis
00002c31   minit
00001fc7   ms2height
00001f55   ms2pulse
0000313b   open
00001f39   pulse2ms
20000788   pulseIn_PortA
200007a8   pulseIn_PortE
00001f15   pulseLowerThird
00001efd   pulseUpperThird
00004f61   putc
00004f65   putchar
00004615   puts
000025e1   qc_create
00002c17   qc_destroy
000025f7   qc_init
0000289f   qc_runPID
000029a5   qc_runRatePID
000028fd   qc_runValuePID
00002a05   qc_setDJIValues
00002839   qc_setSetpt
000027b3   qc_setState
00005b1f   raise
00003117   read
00002ddf   realloc
0000308d   remove
000030ef   remove_device
000030b1   rename
00003915   servoIn_attachPin
000039ad   servoIn_detachPin
000039af   servoIn_getPulse
000038ed   servoIn_init
00004a7d   setvbuf
00005919   signal
00005dff   sinf
00005bc9   sqrtf
00005cc7   strchr
00005c99   strcmp
00005d6d   strcpy
00005cf1   strlen
00005a91   strncpy
00003d1d   time_init
2000083c   timerBase
00003dd5   timestamp_now
0000308d   unlink
2000058c   uptime_overflow
00002ffd   write


GLOBAL SYMBOLS: SORTED BY Symbol Address 

address    name
--------   ----
00000000   __TI_static_base__
00000000   g_pfnVectors
00000001   __TI_args_main
00000008   __SYSMEM_SIZE
00000200   __STACK_SIZE
00000e23   __TI_printfi
0000112d   dof_init_struct
00001211   dof_set_gains
0000130b   dof_init_limits
00001345   dof_init_flags
00001373   dof_init_lowpass
000013ad   dof_set_state
000014f3   dof_set_setpt
000015ed   dof_discrete_dxdt
00001805   dof_discrete_d2xdt2
000019a5   dof_calc_ctrl_dt
00001a05   dof_calc_error
00001cf9   dof_value_PID
00001de1   dof_rate_PID
00001efd   pulseUpperThird
00001f15   pulseLowerThird
00001f2d   automomousMode
00001f39   pulse2ms
00001f55   ms2pulse
00001f77   map
00001fc7   ms2height
00001ff9   main
000025e1   qc_create
000025f7   qc_init
000027b3   qc_setState
00002839   qc_setSetpt
0000289f   qc_runPID
000028fd   qc_runValuePID
000029a5   qc_runRatePID
00002a05   qc_setDJIValues
00002c17   qc_destroy
00002c31   minit
00002cbd   malloc
00002d1f   free
00002ddf   realloc
00002ee5   memalign
00002fc5   calloc
00002ffd   write
0000308d   remove
0000308d   unlink
000030b1   rename
000030ef   remove_device
00003117   read
0000313b   open
000031e9   lseek
0000320d   close
0000325f   add_device
0000330d   PPM_init
00003467   PPM_setPulse
0000348f   PPM_setStickPos
000034e9   MinMaxPulseThresh
00003619   HOSTwrite
00003665   HOSTunlink
0000369d   HOSTtime
000036d7   HOSTrename
00003735   HOSTread
00003781   HOSTopen
000037d3   HOSTlseek
0000382f   HOSTgetenv
0000386d   HOSTclose
000038a5   HOSTclock
000038ed   servoIn_init
00003915   servoIn_attachPin
000039ad   servoIn_detachPin
000039af   servoIn_getPulse
000039e7   capturePortPulse
00003b29   __aeabi_uldivmod
00003d1d   time_init
00003dd5   timestamp_now
00003e87   millis
00003fb1   __TI_cleanup
00003fdd   freopen
00004007   fopen
000040a9   __aeabi_dsub
000040b3   __aeabi_dadd
00004261   _FSin
000043d1   __aeabi_ddiv
00004509   fputs
00004615   puts
0000463d   GPIOPadConfigSet
0000476d   fmodf
00004891   __aeabi_dmul
0000498d   SysCtlClockSet
00004a7d   setvbuf
00004b59   __TI_doflush
00004ba5   fflush
00004c19   _FDscale
00004cd9   asinf
00004d89   __TI_wrt_ok
00004deb   __TI_rd_ok
00004e35   _FAtan
00004edd   fputc
00004f61   putc
00004f65   putchar
00004f79   __aeabi_memcpy
00004f79   __aeabi_memcpy4
00004f79   __aeabi_memcpy8
00004f79   memcpy
00005015   __TI_closefile
0000507b   fclose
000050ad   __TI_auto_init
00005141   __aeabi_cdcmpeq
00005141   __aeabi_cdcmple
000051c7   __aeabi_cdrcmple
0000524d   _FDnorm
000052c7   __aeabi_memclr
000052c7   __aeabi_memclr4
000052c7   __aeabi_memclr8
000052c9   __aeabi_memset
000052c9   __aeabi_memset4
000052c9   __aeabi_memset8
000052cf   memset
00005349   fprintf
000053ad   fseek
00005411   IntEnable
00005471   __TI_writemsg
0000549b   C$$IO$$
0000549f   __TI_readmsg
00005531   TimerConfigure
0000558d   __aeabi_d2ulz
000055e9   ltoa
00005643   GPIOIntTypeSet
000056e5   atoi
00005731   __aeabi_d2f
0000577d   _c_int00
000057c5   __aeabi_d2iz
0000580d   copy_in
00005851   C$$EXIT
00005855   abort
0000585d   exit
00005895   _Dtest
00005919   signal
00005959   __aeabi_f2d
00005991   IntRegister
000059c5   SysCtlPeripheralEnable
000059f9   feraiseexcept
00005a2d   _FDtest
00005a61   _nassert
00005a63   _abort_msg
00005a7d   _assert
00005a91   strncpy
00005ac1   _Feraise
00005af1   __aeabi_i2d
00005b1f   raise
00005b4d   __aeabi_ul2d
00005b79   GPIODirModeSet
00005ba5   IntPrioritySet
00005bc9   sqrtf
00005bed   memccpy
00005c09   GPIOIntRegister
00005c21   GPIOPinTypeGPIOOutput
00005c39   TimerControlStall
00005c51   TimerIntRegister
00005c69   _args_main
00005c81   __aeabi_lmul
00005c99   strcmp
00005cb1   memchr
00005cc7   strchr
00005cdd   _register_unlock
00005ce3   _register_lock
00005ceb   _nop
00005cf1   strlen
00005d05   GPIOPinTypeGPIOInput
00005d17   TimerLoadSet
00005d29   __TI_zero_init
00005d3b   _Dclass
00005d4d   FPUEnable
00005d5d   FPULazyStackingEnable
00005d6d   strcpy
00005d7d   GPIOIntStatus
00005d8b   TimerEnable
00005d99   __TI_decompress_none
00005da7   GPIOIntEnable
00005db3   ResetISR
00005dbf   TimerIntStatus
00005dc9   TimerValueGet
00005dd3   TimerIntEnable
00005ddb   GPIOIntClear
00005de1   GPIOPinRead
00005de7   GPIOPinWrite
00005ded   SysCtlDelay
00005df3   __TI_decompress_rle24
00005df9   cosf
00005dff   sinf
00005e05   TimerIntClear
00005e08   _ctypes_
00006450   __TI_Handler_Table_Base
0000645c   __TI_Handler_Table_Limit
00006470   __TI_CINIT_Base
00006488   __TI_CINIT_Limit
20000000   g_pfnRAMVectors
20000270   _ftable
200004e0   _FDenorm
200004f0   _FEps
20000500   _FInf
20000510   _FNan
20000520   _FSnan
20000530   _FRteps
20000540   _FXbig
20000544   _FZero
20000548   __TI_ft_end
2000054c   __aeabi_stdin
20000550   __aeabi_stdout
20000554   __aeabi_stderr
20000574   _lock
20000578   _unlock
2000057c   __TI_cleanup_ptr
20000580   __TI_dtors_ptr
20000584   _Fenv
20000588   _Tls_setup__Fenv
2000058c   uptime_overflow
20000594   _Errno
2000059c   main_func_sp
200005a0   __CIOBUF_
200006c0   __TI_tmpnams
20000788   pulseIn_PortA
200007a8   pulseIn_PortE
2000083c   timerBase
20000858   __stack
20000a58   __STACK_END
20000a58   __STACK_TOP
20000a58   _sys_memory
ffffffff   __binit__
ffffffff   __c_args__
ffffffff   binit
UNDEFED    SHT$$INIT_ARRAY$$Base
UNDEFED    SHT$$INIT_ARRAY$$Limit

[232 symbols]
