******************************************************************************
                  TI ARM Linker PC v5.1.6                      
******************************************************************************
>> Linked Tue Nov 04 18:32:54 2014

OUTPUT FILE NAME:   <MAAV_CTL_COMMS_DEV.out>
ENTRY POINT SYMBOL: "_c_int00"  address: 00001abd


MEMORY CONFIGURATION

         name            origin    length      used     unused   attr    fill
----------------------  --------  ---------  --------  --------  ----  --------
  FLASH                 00000000   00040000  00001ef9  0003e107  R  X
  SRAM                  20000000   00008000  0000062c  000079d4  RW X


SEGMENT ALLOCATION MAP

run origin  load origin   length   init length attrs members
----------  ----------- ---------- ----------- ----- -------
00000000    00000000    00001f00   00001f00    r-x
  00000000    00000000    0000026c   0000026c    r-- .intvecs
  0000026c    0000026c    00001ace   00001ace    r-x .text
  00001d3c    00001d3c    00000177   00000177    r-- .const
  00001eb8    00001eb8    00000048   00000048    r-- .cinit
20000000    20000000    0000062c   00000000    rw-
  20000000    20000000    00000400   00000000    rw- .sysmem
  20000400    20000400    00000200   00000000    rw- .stack
  20000600    20000600    00000024   00000000    rw- .data
  20000624    20000624    00000008   00000000    rw- .bss


SECTION ALLOCATION MAP

 output                                  attributes/
section   page    origin      length       input sections
--------  ----  ----------  ----------   ----------------
.intvecs   0    00000000    0000026c     
                  00000000    0000026c     tm4c123gh6pm_startup_ccs.obj (.intvecs)

.init_array 
*          0    00000000    00000000     UNINITIALIZED

.text      0    0000026c    00001ace     
                  0000026c    00000a10     testmessage.obj (.text)
                  00000c7c    000004b8     main.obj (.text)
                  00001134    000003cc     rtsv7M4_T_le_v4SPD16_eabi.lib : memory.obj (.text)
                  00001500    00000130     driverlib.lib : gpio.obj (.text:GPIOPadConfigSet)
                  00001630    00000118                   : sysctl.obj (.text:SysCtlClockGet)
                  00001748    000000f0                   : sysctl.obj (.text:SysCtlClockSet)
                  00001838    0000009c     rtsv7M4_T_le_v4SPD16_eabi.lib : memcpy_t2.obj (.text)
                  000018d4    00000094                                   : auto_init.obj (.text)
                  00001968    00000060     driverlib.lib : interrupt.obj (.text:IntEnable)
                  000019c8    0000005e     rtsv7M4_T_le_v4SPD16_eabi.lib : copy_decompress_rle.obj (.text)
                  00001a26    00000002     --HOLE-- [fill = 0]
                  00001a28    0000004c                                   : rand.obj (.text)
                  00001a74    00000048     driverlib.lib : gpio.obj (.text:GPIOPinConfigure)
                  00001abc    00000048     rtsv7M4_T_le_v4SPD16_eabi.lib : boot.obj (.text)
                  00001b04    00000044                                   : cpy_tbl.obj (.text)
                  00001b48    00000044                                   : exit.obj (.text)
                  00001b8c    00000040     driverlib.lib : uart.obj (.text:UARTConfigSetExpClk)
                  00001bcc    00000034                   : sysctl.obj (.text:SysCtlPeripheralEnable)
                  00001c00    0000002a                   : gpio.obj (.text:GPIODirModeSet)
                  00001c2a    0000001e     rtsv7M4_T_le_v4SPD16_eabi.lib : ll_lsl_t2.obj (.text)
                  00001c48    0000001c     driverlib.lib : uart.obj (.text:UARTDisable)
                  00001c64    00000018     rtsv7M4_T_le_v4SPD16_eabi.lib : args_main.obj (.text)
                  00001c7c    00000014     driverlib.lib : uart.obj (.text:UARTEnable)
                  00001c90    00000014     rtsv7M4_T_le_v4SPD16_eabi.lib : _lock.obj (.text)
                  00001ca4    00000012     driverlib.lib : gpio.obj (.text:GPIOPinTypeUART)
                  00001cb6    00000012     rtsv7M4_T_le_v4SPD16_eabi.lib : copy_zero_init.obj (.text:decompress:ZI)
                  00001cc8    0000000e                                   : copy_decompress_none.obj (.text:decompress:none)
                  00001cd6    0000000c     driverlib.lib : cpu.obj (.text:CPUcpsie)
                  00001ce2    0000000c                   : uart.obj (.text:UARTCharsAvail)
                  00001cee    0000000c     tm4c123gh6pm_startup_ccs.obj (.text)
                  00001cfa    0000000a     driverlib.lib : interrupt.obj (.text:IntMasterEnable)
                  00001d04    0000000a                   : uart.obj (.text:UARTCharGet)
                  00001d0e    0000000a                   : uart.obj (.text:UARTCharPut)
                  00001d18    0000000a                   : uart.obj (.text:UARTIntStatus)
                  00001d22    00000008                   : uart.obj (.text:UARTIntEnable)
                  00001d2a    00000006                   : sysctl.obj (.text:SysCtlDelay)
                  00001d30    00000006     rtsv7M4_T_le_v4SPD16_eabi.lib : copy_decompress_rle.obj (.text:decompress:rle24)
                  00001d36    00000004     driverlib.lib : uart.obj (.text:UARTIntClear)

.const     0    00001d3c    00000177     
                  00001d3c    00000090     driverlib.lib : gpio.obj (.const:g_pui32GPIOBaseAddrs)
                  00001dcc    00000070                   : interrupt.obj (.const)
                  00001e3c    0000006c                   : sysctl.obj (.const:g_pui32Xtals)
                  00001ea8    0000000b     main.obj (.const:.string)

.cinit     0    00001eb8    00000048     
                  00001eb8    0000001d     (.cinit..data.load) [load image, compression = rle]
                  00001ed5    00000003     --HOLE-- [fill = 0]
                  00001ed8    0000000c     (__TI_handler_table)
                  00001ee4    00000004     --HOLE-- [fill = 0]
                  00001ee8    00000008     (.cinit..bss.load) [load image, compression = zero_init]
                  00001ef0    00000010     (__TI_cinit_table)

.sysmem    0    20000000    00000400     UNINITIALIZED
                  20000000    00000008     rtsv7M4_T_le_v4SPD16_eabi.lib : memory.obj (.sysmem)
                  20000008    000003f8     --HOLE--

.stack     0    20000400    00000200     UNINITIALIZED
                  20000400    00000200     --HOLE--

.data      0    20000600    00000024     UNINITIALIZED
                  20000600    0000000c     rtsv7M4_T_le_v4SPD16_eabi.lib : memory.obj (.data)
                  2000060c    00000008                                   : _lock.obj (.data)
                  20000614    00000008                                   : exit.obj (.data)
                  2000061c    00000004                                   : rand.obj (.data)
                  20000620    00000004                                   : stkdepth_vars.obj (.data)

.bss       0    20000624    00000008     UNINITIALIZED
                  20000624    00000004     (.common:i32UART2recvBufLoc)
                  20000628    00000004     (.common:pui8UART2recvBuf)


LINKER GENERATED COPY TABLES

__TI_cinit_table @ 00001ef0 records: 2, size/record: 8, table size: 16
	.data: load addr=00001eb8, load size=0000001d bytes, run addr=20000600, run size=00000024 bytes, compression=rle
	.bss: load addr=00001ee8, load size=00000008 bytes, run addr=20000624, run size=00000008 bytes, compression=zero_init


LINKER GENERATED HANDLER TABLE

__TI_handler_table @ 00001ed8 records: 3, size/record: 4, table size: 12
	index: 0, handler: __TI_decompress_rle24
	index: 1, handler: __TI_decompress_none
	index: 2, handler: __TI_zero_init


GLOBAL SYMBOLS: SORTED ALPHABETICALLY BY Name 

address    name
--------   ----
00001b49   C$$EXIT
00001cd7   CPUcpsie
00001c01   GPIODirModeSet
00001501   GPIOPadConfigSet
00001a75   GPIOPinConfigure
00001ca5   GPIOPinTypeUART
00001969   IntEnable
00001cfb   IntMasterEnable
00000a03   Message_can_read_delimited_from
00000a51   Message_get_delimited_size
00001cef   ResetISR
UNDEFED    SHT$$INIT_ARRAY$$Base
UNDEFED    SHT$$INIT_ARRAY$$Limit
00001631   SysCtlClockGet
00001749   SysCtlClockSet
00001d2b   SysCtlDelay
00001bcd   SysCtlPeripheralEnable
00000cdd   UART2IntHandler
00001d05   UARTCharGet
00001d0f   UARTCharPut
00001ce3   UARTCharsAvail
00001b8d   UARTConfigSetExpClk
00001c49   UARTDisable
00001c7d   UARTEnable
00001d37   UARTIntClear
00001d23   UARTIntEnable
00001d19   UARTIntStatus
20000600   __STACK_END
00000200   __STACK_SIZE
20000600   __STACK_TOP
00000400   __SYSMEM_SIZE
00001ef0   __TI_CINIT_Base
00001f00   __TI_CINIT_Limit
00001ed8   __TI_Handler_Table_Base
00001ee4   __TI_Handler_Table_Limit
00000001   __TI_args_main
000018d5   __TI_auto_init
20000614   __TI_cleanup_ptr
00001cc9   __TI_decompress_none
00001d31   __TI_decompress_rle24
20000618   __TI_dtors_ptr
00000000   __TI_static_base__
00001cb7   __TI_zero_init
00001c2b   __aeabi_llsl
00001839   __aeabi_memcpy
00001839   __aeabi_memcpy4
00001839   __aeabi_memcpy8
ffffffff   __binit__
ffffffff   __c_args__
20000400   __stack
00001c65   _args_main
00001abd   _c_int00
2000060c   _lock
0000026d   _memcmp
000002c1   _memset
00001c9f   _nop
00001c97   _register_lock
00001c91   _register_unlock
20000000   _sys_memory
20000610   _unlock
00001b4d   abort
ffffffff   binit
000014c9   calloc
0000095f   can_read_raw_varint32
000009b1   can_read_raw_varint64
00001b05   copy_in
00000573   decode_zig_zag32
0000058b   decode_zig_zag64
0000053b   encode_zig_zag32
0000054f   encode_zig_zag64
00001b55   exit
00001223   free
00000000   g_pfnVectors
20000624   i32UART2recvBufLoc
00000c7d   itoa
00000e8d   main
20000620   main_func_sp
000011c1   malloc
000013e9   memalign
00001839   memcpy
00001135   minit
20000628   pui8UART2recvBuf
00001a3f   rand
000005b7   read_raw_byte
000005d5   read_raw_little_endian32
00000669   read_raw_little_endian64
000007bb   read_raw_varint32
000008eb   read_raw_varint64
000012e3   realloc
00001a29   srand
00000a7d   testmessage_clear
00000a8d   testmessage_init_optional_attributes
00000a97   testmessage_is_default_message
00000bc3   testmessage_read
00000c4b   testmessage_read_delimited_from
00000ab1   testmessage_write
00000b55   testmessage_write_delimited_to
00000b25   testmessage_write_with_tag
000002f5   varint_packed_size
00000331   write_raw_byte
000004fd   write_raw_bytes
00000351   write_raw_little_endian32
0000039d   write_raw_little_endian64
00000459   write_raw_varint32
0000049b   write_raw_varint64


GLOBAL SYMBOLS: SORTED BY Symbol Address 

address    name
--------   ----
00000000   __TI_static_base__
00000000   g_pfnVectors
00000001   __TI_args_main
00000200   __STACK_SIZE
0000026d   _memcmp
000002c1   _memset
000002f5   varint_packed_size
00000331   write_raw_byte
00000351   write_raw_little_endian32
0000039d   write_raw_little_endian64
00000400   __SYSMEM_SIZE
00000459   write_raw_varint32
0000049b   write_raw_varint64
000004fd   write_raw_bytes
0000053b   encode_zig_zag32
0000054f   encode_zig_zag64
00000573   decode_zig_zag32
0000058b   decode_zig_zag64
000005b7   read_raw_byte
000005d5   read_raw_little_endian32
00000669   read_raw_little_endian64
000007bb   read_raw_varint32
000008eb   read_raw_varint64
0000095f   can_read_raw_varint32
000009b1   can_read_raw_varint64
00000a03   Message_can_read_delimited_from
00000a51   Message_get_delimited_size
00000a7d   testmessage_clear
00000a8d   testmessage_init_optional_attributes
00000a97   testmessage_is_default_message
00000ab1   testmessage_write
00000b25   testmessage_write_with_tag
00000b55   testmessage_write_delimited_to
00000bc3   testmessage_read
00000c4b   testmessage_read_delimited_from
00000c7d   itoa
00000cdd   UART2IntHandler
00000e8d   main
00001135   minit
000011c1   malloc
00001223   free
000012e3   realloc
000013e9   memalign
000014c9   calloc
00001501   GPIOPadConfigSet
00001631   SysCtlClockGet
00001749   SysCtlClockSet
00001839   __aeabi_memcpy
00001839   __aeabi_memcpy4
00001839   __aeabi_memcpy8
00001839   memcpy
000018d5   __TI_auto_init
00001969   IntEnable
00001a29   srand
00001a3f   rand
00001a75   GPIOPinConfigure
00001abd   _c_int00
00001b05   copy_in
00001b49   C$$EXIT
00001b4d   abort
00001b55   exit
00001b8d   UARTConfigSetExpClk
00001bcd   SysCtlPeripheralEnable
00001c01   GPIODirModeSet
00001c2b   __aeabi_llsl
00001c49   UARTDisable
00001c65   _args_main
00001c7d   UARTEnable
00001c91   _register_unlock
00001c97   _register_lock
00001c9f   _nop
00001ca5   GPIOPinTypeUART
00001cb7   __TI_zero_init
00001cc9   __TI_decompress_none
00001cd7   CPUcpsie
00001ce3   UARTCharsAvail
00001cef   ResetISR
00001cfb   IntMasterEnable
00001d05   UARTCharGet
00001d0f   UARTCharPut
00001d19   UARTIntStatus
00001d23   UARTIntEnable
00001d2b   SysCtlDelay
00001d31   __TI_decompress_rle24
00001d37   UARTIntClear
00001ed8   __TI_Handler_Table_Base
00001ee4   __TI_Handler_Table_Limit
00001ef0   __TI_CINIT_Base
00001f00   __TI_CINIT_Limit
20000000   _sys_memory
20000400   __stack
20000600   __STACK_END
20000600   __STACK_TOP
2000060c   _lock
20000610   _unlock
20000614   __TI_cleanup_ptr
20000618   __TI_dtors_ptr
20000620   main_func_sp
20000624   i32UART2recvBufLoc
20000628   pui8UART2recvBuf
ffffffff   __binit__
ffffffff   __c_args__
ffffffff   binit
UNDEFED    SHT$$INIT_ARRAY$$Base
UNDEFED    SHT$$INIT_ARRAY$$Limit

[105 symbols]
